MPLINK 5.09, LINKER
Linker Map File - Created Wed Feb 12 18:03:42 2020

                                 Section Info
                  Section       Type    Address   Location Size(Bytes)
                ---------  ---------  ---------  ---------  ---------
                   .org_0       code   0x000000    program   0x000004
                   .cinit    romdata   0x000004    program   0x000002
                    pdata       code   0x000006    program   0x00000a
                   .org_1       code   0x000100    program   0x00004e
                      LCD       code   0x00014e    program   0x000104
.config_300000_BUILD/DEFAULT/DEBUG/CONFIG.O    romdata   0x300000    program   0x000001
.config_300001_BUILD/DEFAULT/DEBUG/CONFIG.O    romdata   0x300001    program   0x000001
.config_300002_BUILD/DEFAULT/DEBUG/CONFIG.O    romdata   0x300002    program   0x000001
.config_300003_BUILD/DEFAULT/DEBUG/CONFIG.O    romdata   0x300003    program   0x000001
.config_300004_BUILD/DEFAULT/DEBUG/CONFIG.O    romdata   0x300004    program   0x000001
.config_300005_BUILD/DEFAULT/DEBUG/CONFIG.O    romdata   0x300005    program   0x000001
.config_300006_BUILD/DEFAULT/DEBUG/CONFIG.O    romdata   0x300006    program   0x000001
.config_300008_BUILD/DEFAULT/DEBUG/CONFIG.O    romdata   0x300008    program   0x000001
.config_300009_BUILD/DEFAULT/DEBUG/CONFIG.O    romdata   0x300009    program   0x000001
.config_30000A_BUILD/DEFAULT/DEBUG/CONFIG.O    romdata   0x30000a    program   0x000001
.config_30000B_BUILD/DEFAULT/DEBUG/CONFIG.O    romdata   0x30000b    program   0x000001
.config_30000C_BUILD/DEFAULT/DEBUG/CONFIG.O    romdata   0x30000c    program   0x000001
.config_30000D_BUILD/DEFAULT/DEBUG/CONFIG.O    romdata   0x30000d    program   0x000001
                     acs0      udata   0x000000       data   0x00000d
                   tables      udata   0x000400       data   0x000080



                              Program Memory Usage 
                               Start         End      
                           ---------   ---------      
                            0x000000    0x00000f      
                            0x000100    0x000251      
                            0x300000    0x300006      
                            0x300008    0x30000d      
            367 out of 132120 program addresses used, program memory utilization is 0%



                              Symbols - Sorted by Name
                     Name    Address   Location    Storage File                     
                ---------  ---------  ---------  --------- ---------                
               LCD_Enable   0x0001ee    program     static H:\Tamagotchi\Tamagotchi.X\LCD.asm
         LCD_Loop_message   0x0001a4    program     static H:\Tamagotchi\Tamagotchi.X\LCD.asm
          LCD_Send_Byte_D   0x0001cc    program     extern H:\Tamagotchi\Tamagotchi.X\LCD.asm
          LCD_Send_Byte_I   0x0001b0    program     static H:\Tamagotchi\Tamagotchi.X\LCD.asm
                LCD_Setup   0x00014e    program     extern H:\Tamagotchi\Tamagotchi.X\LCD.asm
        LCD_Write_Message   0x0001a2    program     extern H:\Tamagotchi\Tamagotchi.X\LCD.asm
                LCD_clear   0x00023e    program     extern H:\Tamagotchi\Tamagotchi.X\LCD.asm
                LCD_delay   0x000234    program     static H:\Tamagotchi\Tamagotchi.X\LCD.asm
             LCD_delay_ms   0x000212    program     static H:\Tamagotchi\Tamagotchi.X\LCD.asm
           LCD_delay_x4us   0x000220    program     static H:\Tamagotchi\Tamagotchi.X\LCD.asm
                LCD_shift   0x000246    program     extern H:\Tamagotchi\Tamagotchi.X\LCD.asm
                    Line1   0x000006    program     static H:\Tamagotchi\Tamagotchi.X\Tamagotchi.asm
                    Line2   0x00000a    program     static H:\Tamagotchi\Tamagotchi.X\Tamagotchi.asm
                    Line3   0x00000e    program     static H:\Tamagotchi\Tamagotchi.X\Tamagotchi.asm
                        d   0x000140    program     static H:\Tamagotchi\Tamagotchi.X\Tamagotchi.asm
                    delay   0x00013c    program     static H:\Tamagotchi\Tamagotchi.X\Tamagotchi.asm
                 finished   0x000146    program     static H:\Tamagotchi\Tamagotchi.X\Tamagotchi.asm
                   lcdlp1   0x000236    program     static H:\Tamagotchi\Tamagotchi.X\LCD.asm
                   lcdlp2   0x000214    program     static H:\Tamagotchi\Tamagotchi.X\LCD.asm
                     loop   0x00012e    program     static H:\Tamagotchi\Tamagotchi.X\Tamagotchi.asm
                     main   0x000112    program     static H:\Tamagotchi\Tamagotchi.X\Tamagotchi.asm
                   output   0x00011e    program     static H:\Tamagotchi\Tamagotchi.X\Tamagotchi.asm
                    setup   0x000100    program     static H:\Tamagotchi\Tamagotchi.X\Tamagotchi.asm
                LCD_cnt_h   0x000001       data     static H:\Tamagotchi\Tamagotchi.X\LCD.asm
                LCD_cnt_l   0x000000       data     static H:\Tamagotchi\Tamagotchi.X\LCD.asm
               LCD_cnt_ms   0x000002       data     static H:\Tamagotchi\Tamagotchi.X\LCD.asm
              LCD_counter   0x000004       data     static H:\Tamagotchi\Tamagotchi.X\LCD.asm
                  LCD_tmp   0x000003       data     static H:\Tamagotchi\Tamagotchi.X\LCD.asm
           counter_column   0x000006       data     static H:\Tamagotchi\Tamagotchi.X\Tamagotchi.asm
             counter_food   0x000009       data     static H:\Tamagotchi\Tamagotchi.X\Tamagotchi.asm
        counter_happiness   0x000007       data     static H:\Tamagotchi\Tamagotchi.X\Tamagotchi.asm
counter_happiness_decrement   0x000008       data     static H:\Tamagotchi\Tamagotchi.X\Tamagotchi.asm
             counter_life   0x00000a       data     static H:\Tamagotchi\Tamagotchi.X\Tamagotchi.asm
           counter_output   0x00000b       data     static H:\Tamagotchi\Tamagotchi.X\Tamagotchi.asm
              counter_row   0x000005       data     static H:\Tamagotchi\Tamagotchi.X\Tamagotchi.asm
              delay_count   0x00000c       data     static H:\Tamagotchi\Tamagotchi.X\Tamagotchi.asm
                  myArray   0x000400       data     static H:\Tamagotchi\Tamagotchi.X\Tamagotchi.asm



                              Symbols - Sorted by Address
                     Name    Address   Location    Storage File                     
                ---------  ---------  ---------  --------- ---------                
                    Line1   0x000006    program     static H:\Tamagotchi\Tamagotchi.X\Tamagotchi.asm
                    Line2   0x00000a    program     static H:\Tamagotchi\Tamagotchi.X\Tamagotchi.asm
                    Line3   0x00000e    program     static H:\Tamagotchi\Tamagotchi.X\Tamagotchi.asm
                    setup   0x000100    program     static H:\Tamagotchi\Tamagotchi.X\Tamagotchi.asm
                     main   0x000112    program     static H:\Tamagotchi\Tamagotchi.X\Tamagotchi.asm
                   output   0x00011e    program     static H:\Tamagotchi\Tamagotchi.X\Tamagotchi.asm
                     loop   0x00012e    program     static H:\Tamagotchi\Tamagotchi.X\Tamagotchi.asm
                    delay   0x00013c    program     static H:\Tamagotchi\Tamagotchi.X\Tamagotchi.asm
                        d   0x000140    program     static H:\Tamagotchi\Tamagotchi.X\Tamagotchi.asm
                 finished   0x000146    program     static H:\Tamagotchi\Tamagotchi.X\Tamagotchi.asm
                LCD_Setup   0x00014e    program     extern H:\Tamagotchi\Tamagotchi.X\LCD.asm
        LCD_Write_Message   0x0001a2    program     extern H:\Tamagotchi\Tamagotchi.X\LCD.asm
         LCD_Loop_message   0x0001a4    program     static H:\Tamagotchi\Tamagotchi.X\LCD.asm
          LCD_Send_Byte_I   0x0001b0    program     static H:\Tamagotchi\Tamagotchi.X\LCD.asm
          LCD_Send_Byte_D   0x0001cc    program     extern H:\Tamagotchi\Tamagotchi.X\LCD.asm
               LCD_Enable   0x0001ee    program     static H:\Tamagotchi\Tamagotchi.X\LCD.asm
             LCD_delay_ms   0x000212    program     static H:\Tamagotchi\Tamagotchi.X\LCD.asm
                   lcdlp2   0x000214    program     static H:\Tamagotchi\Tamagotchi.X\LCD.asm
           LCD_delay_x4us   0x000220    program     static H:\Tamagotchi\Tamagotchi.X\LCD.asm
                LCD_delay   0x000234    program     static H:\Tamagotchi\Tamagotchi.X\LCD.asm
                   lcdlp1   0x000236    program     static H:\Tamagotchi\Tamagotchi.X\LCD.asm
                LCD_clear   0x00023e    program     extern H:\Tamagotchi\Tamagotchi.X\LCD.asm
                LCD_shift   0x000246    program     extern H:\Tamagotchi\Tamagotchi.X\LCD.asm
                LCD_cnt_l   0x000000       data     static H:\Tamagotchi\Tamagotchi.X\LCD.asm
                LCD_cnt_h   0x000001       data     static H:\Tamagotchi\Tamagotchi.X\LCD.asm
               LCD_cnt_ms   0x000002       data     static H:\Tamagotchi\Tamagotchi.X\LCD.asm
                  LCD_tmp   0x000003       data     static H:\Tamagotchi\Tamagotchi.X\LCD.asm
              LCD_counter   0x000004       data     static H:\Tamagotchi\Tamagotchi.X\LCD.asm
              counter_row   0x000005       data     static H:\Tamagotchi\Tamagotchi.X\Tamagotchi.asm
           counter_column   0x000006       data     static H:\Tamagotchi\Tamagotchi.X\Tamagotchi.asm
        counter_happiness   0x000007       data     static H:\Tamagotchi\Tamagotchi.X\Tamagotchi.asm
counter_happiness_decrement   0x000008       data     static H:\Tamagotchi\Tamagotchi.X\Tamagotchi.asm
             counter_food   0x000009       data     static H:\Tamagotchi\Tamagotchi.X\Tamagotchi.asm
             counter_life   0x00000a       data     static H:\Tamagotchi\Tamagotchi.X\Tamagotchi.asm
           counter_output   0x00000b       data     static H:\Tamagotchi\Tamagotchi.X\Tamagotchi.asm
              delay_count   0x00000c       data     static H:\Tamagotchi\Tamagotchi.X\Tamagotchi.asm
                  myArray   0x000400       data     static H:\Tamagotchi\Tamagotchi.X\Tamagotchi.asm


