MPLINK 5.09, LINKER
Linker Map File - Created Fri Feb 14 14:01:09 2020

                                 Section Info
                  Section       Type    Address   Location Size(Bytes)
                ---------  ---------  ---------  ---------  ---------
                   .org_0       code   0x000000    program   0x000004
                   .cinit    romdata   0x000004    program   0x000002
                    pdata       code   0x000006    program   0x000010
                   output       code   0x000016    program   0x000002
                   .org_1       code   0x000100    program   0x000090
                      LCD       code   0x000190    program   0x0005a8
                     main       code   0x000738    program   0x00013a
.config_300000_BUILD/DEFAULT/PRODUCTION/CONFIG.    romdata   0x300000    program   0x000001
.config_300001_BUILD/DEFAULT/PRODUCTION/CONFIG.    romdata   0x300001    program   0x000001
.config_300002_BUILD/DEFAULT/PRODUCTION/CONFIG.    romdata   0x300002    program   0x000001
.config_300003_BUILD/DEFAULT/PRODUCTION/CONFIG.    romdata   0x300003    program   0x000001
.config_300004_BUILD/DEFAULT/PRODUCTION/CONFIG.    romdata   0x300004    program   0x000001
.config_300005_BUILD/DEFAULT/PRODUCTION/CONFIG.    romdata   0x300005    program   0x000001
.config_300006_BUILD/DEFAULT/PRODUCTION/CONFIG.    romdata   0x300006    program   0x000001
.config_300008_BUILD/DEFAULT/PRODUCTION/CONFIG.    romdata   0x300008    program   0x000001
.config_300009_BUILD/DEFAULT/PRODUCTION/CONFIG.    romdata   0x300009    program   0x000001
.config_30000A_BUILD/DEFAULT/PRODUCTION/CONFIG.    romdata   0x30000a    program   0x000001
.config_30000B_BUILD/DEFAULT/PRODUCTION/CONFIG.    romdata   0x30000b    program   0x000001
.config_30000C_BUILD/DEFAULT/PRODUCTION/CONFIG.    romdata   0x30000c    program   0x000001
.config_30000D_BUILD/DEFAULT/PRODUCTION/CONFIG.    romdata   0x30000d    program   0x000001
                     acs0      udata   0x000000       data   0x00000f
                   tables      udata   0x000400       data   0x0000a0



                              Program Memory Usage 
                               Start         End      
                           ---------   ---------      
                            0x000000    0x000017      
                            0x000100    0x000871      
                            0x300000    0x300006      
                            0x300008    0x30000d      
            1943 out of 132120 program addresses used, program memory utilization is 1%



                              Symbols - Sorted by Name
                     Name    Address   Location    Storage File                     
                ---------  ---------  ---------  --------- ---------                
                      EGG   0x0002ac    program     static H:\Tamagotchi\Tamagotchi.X\LCD.asm
           HATCH_SEQUENCE   0x00012c    program     static H:\Tamagotchi\Tamagotchi.X\Tamagotchi.asm
                    HEART   0x00036e    program     static H:\Tamagotchi\Tamagotchi.X\LCD.asm
                 Keyboard   0x000744    program     extern H:\Tamagotchi\Tamagotchi.X\Keyboard.asm
           Keyboard_Setup   0x000738    program     extern H:\Tamagotchi\Tamagotchi.X\Keyboard.asm
             LARGE_RABBIT   0x0005b4    program     static H:\Tamagotchi\Tamagotchi.X\LCD.asm
               LCD_Enable   0x000242    program     static H:\Tamagotchi\Tamagotchi.X\LCD.asm
         LCD_Loop_message   0x0001f8    program     static H:\Tamagotchi\Tamagotchi.X\LCD.asm
          LCD_Send_Byte_D   0x000220    program     extern H:\Tamagotchi\Tamagotchi.X\LCD.asm
          LCD_Send_Byte_I   0x000204    program     static H:\Tamagotchi\Tamagotchi.X\LCD.asm
                LCD_Setup   0x000190    program     extern H:\Tamagotchi\Tamagotchi.X\LCD.asm
        LCD_Write_Message   0x0001f6    program     extern H:\Tamagotchi\Tamagotchi.X\LCD.asm
                LCD_clear   0x000292    program     extern H:\Tamagotchi\Tamagotchi.X\LCD.asm
LCD_custom_character_set_1   0x0002ac    program     static H:\Tamagotchi\Tamagotchi.X\LCD.asm
                LCD_delay   0x000288    program     static H:\Tamagotchi\Tamagotchi.X\LCD.asm
             LCD_delay_ms   0x000266    program     static H:\Tamagotchi\Tamagotchi.X\LCD.asm
           LCD_delay_x4us   0x000274    program     static H:\Tamagotchi\Tamagotchi.X\LCD.asm
                LCD_shift   0x0002a0    program     extern H:\Tamagotchi\Tamagotchi.X\LCD.asm
                   Line_0   0x000006    program     static H:\Tamagotchi\Tamagotchi.X\Tamagotchi.asm
            MEDIUM_RABBIT   0x0004f2    program     static H:\Tamagotchi\Tamagotchi.X\LCD.asm
         PRESS_A_TO_HATCH   0x000118    program     static H:\Tamagotchi\Tamagotchi.X\Tamagotchi.asm
             SMALL_RABBIT   0x000430    program     static H:\Tamagotchi\Tamagotchi.X\LCD.asm
                   SMILEY   0x000676    program     static H:\Tamagotchi\Tamagotchi.X\LCD.asm
                  check_1   0x00076e    program     static H:\Tamagotchi\Tamagotchi.X\Keyboard.asm
                  check_2   0x000778    program     static H:\Tamagotchi\Tamagotchi.X\Keyboard.asm
                  check_3   0x000782    program     static H:\Tamagotchi\Tamagotchi.X\Keyboard.asm
                  check_5   0x0007aa    program     static H:\Tamagotchi\Tamagotchi.X\Keyboard.asm
                  check_6   0x0007b4    program     static H:\Tamagotchi\Tamagotchi.X\Keyboard.asm
                  check_7   0x0007be    program     static H:\Tamagotchi\Tamagotchi.X\Keyboard.asm
                   column   0x00074a    program     static H:\Tamagotchi\Tamagotchi.X\Keyboard.asm
                column_11   0x0007d8    program     static H:\Tamagotchi\Tamagotchi.X\Keyboard.asm
                column_12   0x0007e2    program     static H:\Tamagotchi\Tamagotchi.X\Keyboard.asm
                column_13   0x0007ec    program     static H:\Tamagotchi\Tamagotchi.X\Keyboard.asm
                column_14   0x0007f6    program     static H:\Tamagotchi\Tamagotchi.X\Keyboard.asm
                column_21   0x000802    program     static H:\Tamagotchi\Tamagotchi.X\Keyboard.asm
                column_22   0x00080c    program     static H:\Tamagotchi\Tamagotchi.X\Keyboard.asm
                column_23   0x000816    program     static H:\Tamagotchi\Tamagotchi.X\Keyboard.asm
                column_24   0x000820    program     static H:\Tamagotchi\Tamagotchi.X\Keyboard.asm
                column_31   0x00082c    program     static H:\Tamagotchi\Tamagotchi.X\Keyboard.asm
                column_32   0x000836    program     static H:\Tamagotchi\Tamagotchi.X\Keyboard.asm
                column_33   0x000840    program     static H:\Tamagotchi\Tamagotchi.X\Keyboard.asm
                column_34   0x00084a    program     static H:\Tamagotchi\Tamagotchi.X\Keyboard.asm
                column_41   0x000850    program     static H:\Tamagotchi\Tamagotchi.X\Keyboard.asm
                column_42   0x00085a    program     static H:\Tamagotchi\Tamagotchi.X\Keyboard.asm
                column_43   0x000864    program     static H:\Tamagotchi\Tamagotchi.X\Keyboard.asm
                column_44   0x00086e    program     static H:\Tamagotchi\Tamagotchi.X\Keyboard.asm
                        d   0x00018a    program     static H:\Tamagotchi\Tamagotchi.X\Tamagotchi.asm
                   decode   0x0007ce    program     static H:\Tamagotchi\Tamagotchi.X\Keyboard.asm
                    delay   0x000186    program     static H:\Tamagotchi\Tamagotchi.X\Tamagotchi.asm
                    delay   0x0007c8    program     static H:\Tamagotchi\Tamagotchi.X\Keyboard.asm
                 finished   0x000190    program     static H:\Tamagotchi\Tamagotchi.X\Tamagotchi.asm
                   lcdlp1   0x00028a    program     static H:\Tamagotchi\Tamagotchi.X\LCD.asm
                   lcdlp2   0x000268    program     static H:\Tamagotchi\Tamagotchi.X\LCD.asm
                   loop_0   0x000142    program     static H:\Tamagotchi\Tamagotchi.X\Tamagotchi.asm
                     main   0x000110    program     static H:\Tamagotchi\Tamagotchi.X\Tamagotchi.asm
  output_PRESS_A_TO_HATCH   0x00012e    program     static H:\Tamagotchi\Tamagotchi.X\Tamagotchi.asm
   output_starting_screen   0x000150    program     static H:\Tamagotchi\Tamagotchi.X\Tamagotchi.asm
              read_column   0x0007a0    program     static H:\Tamagotchi\Tamagotchi.X\Keyboard.asm
                 read_row   0x000764    program     static H:\Tamagotchi\Tamagotchi.X\Keyboard.asm
                    row_1   0x0007fa    program     static H:\Tamagotchi\Tamagotchi.X\Keyboard.asm
                    row_2   0x000824    program     static H:\Tamagotchi\Tamagotchi.X\Keyboard.asm
                    row_3   0x00084e    program     static H:\Tamagotchi\Tamagotchi.X\Keyboard.asm
                    setup   0x000100    program     static H:\Tamagotchi\Tamagotchi.X\Tamagotchi.asm
             setup_column   0x00078c    program     static H:\Tamagotchi\Tamagotchi.X\Keyboard.asm
                setup_row   0x000750    program     static H:\Tamagotchi\Tamagotchi.X\Keyboard.asm
                    start   0x000738    program     static H:\Tamagotchi\Tamagotchi.X\Keyboard.asm
                   symbol   0x000016    program     static H:\Tamagotchi\Tamagotchi.X\Keyboard.asm
              Key_Pressed   0x000480       data     static H:\Tamagotchi\Tamagotchi.X\Tamagotchi.asm
                LCD_cnt_h   0x000001       data     static H:\Tamagotchi\Tamagotchi.X\LCD.asm
                LCD_cnt_l   0x000000       data     static H:\Tamagotchi\Tamagotchi.X\LCD.asm
               LCD_cnt_ms   0x000002       data     static H:\Tamagotchi\Tamagotchi.X\LCD.asm
              LCD_counter   0x000004       data     static H:\Tamagotchi\Tamagotchi.X\LCD.asm
                  LCD_tmp   0x000003       data     static H:\Tamagotchi\Tamagotchi.X\LCD.asm
           counter_column   0x00000e       data     static H:\Tamagotchi\Tamagotchi.X\Keyboard.asm
           counter_column   0x000006       data     static H:\Tamagotchi\Tamagotchi.X\Tamagotchi.asm
             counter_food   0x000009       data     static H:\Tamagotchi\Tamagotchi.X\Tamagotchi.asm
        counter_happiness   0x000007       data     static H:\Tamagotchi\Tamagotchi.X\Tamagotchi.asm
counter_happiness_decrement   0x000008       data     static H:\Tamagotchi\Tamagotchi.X\Tamagotchi.asm
             counter_life   0x00000a       data     static H:\Tamagotchi\Tamagotchi.X\Tamagotchi.asm
           counter_output   0x00000b       data     static H:\Tamagotchi\Tamagotchi.X\Tamagotchi.asm
              counter_row   0x00000d       data     static H:\Tamagotchi\Tamagotchi.X\Keyboard.asm
              counter_row   0x000005       data     static H:\Tamagotchi\Tamagotchi.X\Tamagotchi.asm
              delay_count   0x00000c       data     static H:\Tamagotchi\Tamagotchi.X\Tamagotchi.asm
                  myArray   0x000400       data     static H:\Tamagotchi\Tamagotchi.X\Tamagotchi.asm



                              Symbols - Sorted by Address
                     Name    Address   Location    Storage File                     
                ---------  ---------  ---------  --------- ---------                
                   Line_0   0x000006    program     static H:\Tamagotchi\Tamagotchi.X\Tamagotchi.asm
                   symbol   0x000016    program     static H:\Tamagotchi\Tamagotchi.X\Keyboard.asm
                    setup   0x000100    program     static H:\Tamagotchi\Tamagotchi.X\Tamagotchi.asm
                     main   0x000110    program     static H:\Tamagotchi\Tamagotchi.X\Tamagotchi.asm
         PRESS_A_TO_HATCH   0x000118    program     static H:\Tamagotchi\Tamagotchi.X\Tamagotchi.asm
           HATCH_SEQUENCE   0x00012c    program     static H:\Tamagotchi\Tamagotchi.X\Tamagotchi.asm
  output_PRESS_A_TO_HATCH   0x00012e    program     static H:\Tamagotchi\Tamagotchi.X\Tamagotchi.asm
                   loop_0   0x000142    program     static H:\Tamagotchi\Tamagotchi.X\Tamagotchi.asm
   output_starting_screen   0x000150    program     static H:\Tamagotchi\Tamagotchi.X\Tamagotchi.asm
                    delay   0x000186    program     static H:\Tamagotchi\Tamagotchi.X\Tamagotchi.asm
                        d   0x00018a    program     static H:\Tamagotchi\Tamagotchi.X\Tamagotchi.asm
                LCD_Setup   0x000190    program     extern H:\Tamagotchi\Tamagotchi.X\LCD.asm
                 finished   0x000190    program     static H:\Tamagotchi\Tamagotchi.X\Tamagotchi.asm
        LCD_Write_Message   0x0001f6    program     extern H:\Tamagotchi\Tamagotchi.X\LCD.asm
         LCD_Loop_message   0x0001f8    program     static H:\Tamagotchi\Tamagotchi.X\LCD.asm
          LCD_Send_Byte_I   0x000204    program     static H:\Tamagotchi\Tamagotchi.X\LCD.asm
          LCD_Send_Byte_D   0x000220    program     extern H:\Tamagotchi\Tamagotchi.X\LCD.asm
               LCD_Enable   0x000242    program     static H:\Tamagotchi\Tamagotchi.X\LCD.asm
             LCD_delay_ms   0x000266    program     static H:\Tamagotchi\Tamagotchi.X\LCD.asm
                   lcdlp2   0x000268    program     static H:\Tamagotchi\Tamagotchi.X\LCD.asm
           LCD_delay_x4us   0x000274    program     static H:\Tamagotchi\Tamagotchi.X\LCD.asm
                LCD_delay   0x000288    program     static H:\Tamagotchi\Tamagotchi.X\LCD.asm
                   lcdlp1   0x00028a    program     static H:\Tamagotchi\Tamagotchi.X\LCD.asm
                LCD_clear   0x000292    program     extern H:\Tamagotchi\Tamagotchi.X\LCD.asm
                LCD_shift   0x0002a0    program     extern H:\Tamagotchi\Tamagotchi.X\LCD.asm
                      EGG   0x0002ac    program     static H:\Tamagotchi\Tamagotchi.X\LCD.asm
LCD_custom_character_set_1   0x0002ac    program     static H:\Tamagotchi\Tamagotchi.X\LCD.asm
                    HEART   0x00036e    program     static H:\Tamagotchi\Tamagotchi.X\LCD.asm
             SMALL_RABBIT   0x000430    program     static H:\Tamagotchi\Tamagotchi.X\LCD.asm
            MEDIUM_RABBIT   0x0004f2    program     static H:\Tamagotchi\Tamagotchi.X\LCD.asm
             LARGE_RABBIT   0x0005b4    program     static H:\Tamagotchi\Tamagotchi.X\LCD.asm
                   SMILEY   0x000676    program     static H:\Tamagotchi\Tamagotchi.X\LCD.asm
                    start   0x000738    program     static H:\Tamagotchi\Tamagotchi.X\Keyboard.asm
           Keyboard_Setup   0x000738    program     extern H:\Tamagotchi\Tamagotchi.X\Keyboard.asm
                 Keyboard   0x000744    program     extern H:\Tamagotchi\Tamagotchi.X\Keyboard.asm
                   column   0x00074a    program     static H:\Tamagotchi\Tamagotchi.X\Keyboard.asm
                setup_row   0x000750    program     static H:\Tamagotchi\Tamagotchi.X\Keyboard.asm
                 read_row   0x000764    program     static H:\Tamagotchi\Tamagotchi.X\Keyboard.asm
                  check_1   0x00076e    program     static H:\Tamagotchi\Tamagotchi.X\Keyboard.asm
                  check_2   0x000778    program     static H:\Tamagotchi\Tamagotchi.X\Keyboard.asm
                  check_3   0x000782    program     static H:\Tamagotchi\Tamagotchi.X\Keyboard.asm
             setup_column   0x00078c    program     static H:\Tamagotchi\Tamagotchi.X\Keyboard.asm
              read_column   0x0007a0    program     static H:\Tamagotchi\Tamagotchi.X\Keyboard.asm
                  check_5   0x0007aa    program     static H:\Tamagotchi\Tamagotchi.X\Keyboard.asm
                  check_6   0x0007b4    program     static H:\Tamagotchi\Tamagotchi.X\Keyboard.asm
                  check_7   0x0007be    program     static H:\Tamagotchi\Tamagotchi.X\Keyboard.asm
                    delay   0x0007c8    program     static H:\Tamagotchi\Tamagotchi.X\Keyboard.asm
                   decode   0x0007ce    program     static H:\Tamagotchi\Tamagotchi.X\Keyboard.asm
                column_11   0x0007d8    program     static H:\Tamagotchi\Tamagotchi.X\Keyboard.asm
                column_12   0x0007e2    program     static H:\Tamagotchi\Tamagotchi.X\Keyboard.asm
                column_13   0x0007ec    program     static H:\Tamagotchi\Tamagotchi.X\Keyboard.asm
                column_14   0x0007f6    program     static H:\Tamagotchi\Tamagotchi.X\Keyboard.asm
                    row_1   0x0007fa    program     static H:\Tamagotchi\Tamagotchi.X\Keyboard.asm
                column_21   0x000802    program     static H:\Tamagotchi\Tamagotchi.X\Keyboard.asm
                column_22   0x00080c    program     static H:\Tamagotchi\Tamagotchi.X\Keyboard.asm
                column_23   0x000816    program     static H:\Tamagotchi\Tamagotchi.X\Keyboard.asm
                column_24   0x000820    program     static H:\Tamagotchi\Tamagotchi.X\Keyboard.asm
                    row_2   0x000824    program     static H:\Tamagotchi\Tamagotchi.X\Keyboard.asm
                column_31   0x00082c    program     static H:\Tamagotchi\Tamagotchi.X\Keyboard.asm
                column_32   0x000836    program     static H:\Tamagotchi\Tamagotchi.X\Keyboard.asm
                column_33   0x000840    program     static H:\Tamagotchi\Tamagotchi.X\Keyboard.asm
                column_34   0x00084a    program     static H:\Tamagotchi\Tamagotchi.X\Keyboard.asm
                    row_3   0x00084e    program     static H:\Tamagotchi\Tamagotchi.X\Keyboard.asm
                column_41   0x000850    program     static H:\Tamagotchi\Tamagotchi.X\Keyboard.asm
                column_42   0x00085a    program     static H:\Tamagotchi\Tamagotchi.X\Keyboard.asm
                column_43   0x000864    program     static H:\Tamagotchi\Tamagotchi.X\Keyboard.asm
                column_44   0x00086e    program     static H:\Tamagotchi\Tamagotchi.X\Keyboard.asm
                LCD_cnt_l   0x000000       data     static H:\Tamagotchi\Tamagotchi.X\LCD.asm
                LCD_cnt_h   0x000001       data     static H:\Tamagotchi\Tamagotchi.X\LCD.asm
               LCD_cnt_ms   0x000002       data     static H:\Tamagotchi\Tamagotchi.X\LCD.asm
                  LCD_tmp   0x000003       data     static H:\Tamagotchi\Tamagotchi.X\LCD.asm
              LCD_counter   0x000004       data     static H:\Tamagotchi\Tamagotchi.X\LCD.asm
              counter_row   0x000005       data     static H:\Tamagotchi\Tamagotchi.X\Tamagotchi.asm
           counter_column   0x000006       data     static H:\Tamagotchi\Tamagotchi.X\Tamagotchi.asm
        counter_happiness   0x000007       data     static H:\Tamagotchi\Tamagotchi.X\Tamagotchi.asm
counter_happiness_decrement   0x000008       data     static H:\Tamagotchi\Tamagotchi.X\Tamagotchi.asm
             counter_food   0x000009       data     static H:\Tamagotchi\Tamagotchi.X\Tamagotchi.asm
             counter_life   0x00000a       data     static H:\Tamagotchi\Tamagotchi.X\Tamagotchi.asm
           counter_output   0x00000b       data     static H:\Tamagotchi\Tamagotchi.X\Tamagotchi.asm
              delay_count   0x00000c       data     static H:\Tamagotchi\Tamagotchi.X\Tamagotchi.asm
              counter_row   0x00000d       data     static H:\Tamagotchi\Tamagotchi.X\Keyboard.asm
           counter_column   0x00000e       data     static H:\Tamagotchi\Tamagotchi.X\Keyboard.asm
                  myArray   0x000400       data     static H:\Tamagotchi\Tamagotchi.X\Tamagotchi.asm
              Key_Pressed   0x000480       data     static H:\Tamagotchi\Tamagotchi.X\Tamagotchi.asm


