MPLINK 5.09, LINKER
Linker Map File - Created Wed Feb 19 14:39:38 2020

                                 Section Info
                  Section       Type    Address   Location Size(Bytes)
                ---------  ---------  ---------  ---------  ---------
                   .org_0       code   0x000000    program   0x000004
                   .cinit    romdata   0x000004    program   0x000002
                    fdata       code   0x000006    program   0x00002a
                    pdata       code   0x000030    program   0x000010
                   sleepy       code   0x000040    program   0x000002
                     ball       code   0x000042    program   0x000002
                   .org_1       code   0x000100    program   0x0003aa
                      LCD       code   0x0004aa    program   0x000b96
                    dance       code   0x001040    program   0x000494
                     Food       code   0x0014d4    program   0x0003d2
                    learn       code   0x0018a6    program   0x00035a
                    Hatch       code   0x001c00    program   0x000120
.config_300000_BUILD/DEFAULT/PRODUCTION/CONFIG.    romdata   0x300000    program   0x000001
.config_300001_BUILD/DEFAULT/PRODUCTION/CONFIG.    romdata   0x300001    program   0x000001
.config_300002_BUILD/DEFAULT/PRODUCTION/CONFIG.    romdata   0x300002    program   0x000001
.config_300003_BUILD/DEFAULT/PRODUCTION/CONFIG.    romdata   0x300003    program   0x000001
.config_300004_BUILD/DEFAULT/PRODUCTION/CONFIG.    romdata   0x300004    program   0x000001
.config_300005_BUILD/DEFAULT/PRODUCTION/CONFIG.    romdata   0x300005    program   0x000001
.config_300006_BUILD/DEFAULT/PRODUCTION/CONFIG.    romdata   0x300006    program   0x000001
.config_300008_BUILD/DEFAULT/PRODUCTION/CONFIG.    romdata   0x300008    program   0x000001
.config_300009_BUILD/DEFAULT/PRODUCTION/CONFIG.    romdata   0x300009    program   0x000001
.config_30000A_BUILD/DEFAULT/PRODUCTION/CONFIG.    romdata   0x30000a    program   0x000001
.config_30000B_BUILD/DEFAULT/PRODUCTION/CONFIG.    romdata   0x30000b    program   0x000001
.config_30000C_BUILD/DEFAULT/PRODUCTION/CONFIG.    romdata   0x30000c    program   0x000001
.config_30000D_BUILD/DEFAULT/PRODUCTION/CONFIG.    romdata   0x30000d    program   0x000001
                     acs0      udata   0x000000       data   0x00001b
                     acs3      udata   0x00001b       data   0x00000f
                     acs1      udata   0x00002a       data   0x000009
                   tables      udata   0x000400       data   0x0000c2



                              Program Memory Usage 
                               Start         End      
                           ---------   ---------      
                            0x000000    0x000043      
                            0x000100    0x001d1f      
                            0x300000    0x300006      
                            0x300008    0x30000d      
            7281 out of 132120 program addresses used, program memory utilization is 5%



                              Symbols - Sorted by Name
                     Name    Address   Location    Storage File                     
                ---------  ---------  ---------  --------- ---------                
                     BABY   0x001396    program     static H:\Tamagotchi\Tamagotchi.X\dance.asm
                     BABY   0x000732    program     extern H:\Tamagotchi\Tamagotchi.X\LCD.asm
                BALL_GAME   0x000042    program     extern H:\Tamagotchi\Tamagotchi.X\ballgame.asm
                   BOUNCE   0x00106a    program     static H:\Tamagotchi\Tamagotchi.X\dance.asm
          CHECK_A_PRESSED   0x000168    program     static H:\Tamagotchi\Tamagotchi.X\Tamagotchi.asm
          CHECK_B_PRESSED   0x000170    program     static H:\Tamagotchi\Tamagotchi.X\Tamagotchi.asm
          CHECK_C_PRESSED   0x00017e    program     static H:\Tamagotchi\Tamagotchi.X\Tamagotchi.asm
          CHECK_D_PRESSED   0x00018c    program     static H:\Tamagotchi\Tamagotchi.X\Tamagotchi.asm
          CHECK_E_PRESSED   0x0001a2    program     static H:\Tamagotchi\Tamagotchi.X\Tamagotchi.asm
          CHECK_F_PRESSED   0x0001b8    program     static H:\Tamagotchi\Tamagotchi.X\Tamagotchi.asm
             CHECK_GROWTH   0x00164a    program     static H:\Tamagotchi\Tamagotchi.X\food.asm
          CHECK_LAST_LIFE   0x000396    program     static H:\Tamagotchi\Tamagotchi.X\Tamagotchi.asm
                    DANCE   0x001368    program     extern H:\Tamagotchi\Tamagotchi.X\dance.asm
                  DBALL_1   0x001040    program     static H:\Tamagotchi\Tamagotchi.X\dance.asm
                  DBALL_2   0x00104e    program     static H:\Tamagotchi\Tamagotchi.X\dance.asm
              DBALL_CLEAR   0x00105c    program     static H:\Tamagotchi\Tamagotchi.X\dance.asm
                    DEATH   0x0003da    program     static H:\Tamagotchi\Tamagotchi.X\Tamagotchi.asm
                  DISCO_1   0x000ebc    program     extern H:\Tamagotchi\Tamagotchi.X\LCD.asm
                  DISCO_2   0x000f7e    program     extern H:\Tamagotchi\Tamagotchi.X\LCD.asm
                      EGG   0x0005b2    program     static H:\Tamagotchi\Tamagotchi.X\LCD.asm
                     FOOD   0x001534    program     extern H:\Tamagotchi\Tamagotchi.X\food.asm
             FOOD_ANIMATE   0x00153a    program     static H:\Tamagotchi\Tamagotchi.X\food.asm
               FOOD_Setup   0x0014d4    program     extern H:\Tamagotchi\Tamagotchi.X\food.asm
                GAME_MODE   0x00015e    program     static H:\Tamagotchi\Tamagotchi.X\Tamagotchi.asm
                    GHOST   0x000bb4    program     extern H:\Tamagotchi\Tamagotchi.X\LCD.asm
                   GROWTH   0x001668    program     static H:\Tamagotchi\Tamagotchi.X\food.asm
           GROWTH_ANIMATE   0x00166c    program     static H:\Tamagotchi\Tamagotchi.X\food.asm
                HAPPINESS   0x00034c    program     static H:\Tamagotchi\Tamagotchi.X\Tamagotchi.asm
                    HAPPY   0x000360    program     static H:\Tamagotchi\Tamagotchi.X\Tamagotchi.asm
                    HEART   0x000672    program     static H:\Tamagotchi\Tamagotchi.X\LCD.asm
                     HOPS   0x0010ac    program     static H:\Tamagotchi\Tamagotchi.X\dance.asm
                 Keyboard   0x0001dc    program     static H:\Tamagotchi\Tamagotchi.X\Tamagotchi.asm
           Keyboard_Setup   0x0001d0    program     static H:\Tamagotchi\Tamagotchi.X\Tamagotchi.asm
                    LARGE   0x00145c    program     static H:\Tamagotchi\Tamagotchi.X\dance.asm
             LARGE_RABBIT   0x000dfa    program     extern H:\Tamagotchi\Tamagotchi.X\LCD.asm
               LCD_Enable   0x000548    program     static H:\Tamagotchi\Tamagotchi.X\LCD.asm
         LCD_Loop_message   0x0004fe    program     static H:\Tamagotchi\Tamagotchi.X\LCD.asm
          LCD_Send_Byte_D   0x000526    program     extern H:\Tamagotchi\Tamagotchi.X\LCD.asm
          LCD_Send_Byte_I   0x00050a    program     static H:\Tamagotchi\Tamagotchi.X\LCD.asm
                LCD_Setup   0x0004aa    program     extern H:\Tamagotchi\Tamagotchi.X\LCD.asm
        LCD_Write_Message   0x0004fc    program     extern H:\Tamagotchi\Tamagotchi.X\LCD.asm
                LCD_clear   0x000598    program     extern H:\Tamagotchi\Tamagotchi.X\LCD.asm
LCD_custom_character_set_EGG   0x0005b2    program     extern H:\Tamagotchi\Tamagotchi.X\LCD.asm
                LCD_delay   0x00058e    program     static H:\Tamagotchi\Tamagotchi.X\LCD.asm
             LCD_delay_ms   0x00056c    program     static H:\Tamagotchi\Tamagotchi.X\LCD.asm
           LCD_delay_x4us   0x00057a    program     static H:\Tamagotchi\Tamagotchi.X\LCD.asm
                LCD_shift   0x0005a6    program     extern H:\Tamagotchi\Tamagotchi.X\LCD.asm
                    LEARN   0x0018a6    program     extern H:\Tamagotchi\Tamagotchi.X\learn.asm
                     LIFE   0x00038a    program     static H:\Tamagotchi\Tamagotchi.X\Tamagotchi.asm
                   Line_0   0x000030    program     static H:\Tamagotchi\Tamagotchi.X\hatch.asm
                     MAIN   0x000114    program     static H:\Tamagotchi\Tamagotchi.X\Tamagotchi.asm
                   MEDIUM   0x00141a    program     static H:\Tamagotchi\Tamagotchi.X\dance.asm
            MEDIUM_RABBIT   0x000d38    program     extern H:\Tamagotchi\Tamagotchi.X\LCD.asm
                     MOON   0x0008b2    program     extern H:\Tamagotchi\Tamagotchi.X\LCD.asm
                  NEUTRAL   0x000a32    program     static H:\Tamagotchi\Tamagotchi.X\LCD.asm
                  NEUTRAL   0x00036e    program     static H:\Tamagotchi\Tamagotchi.X\Tamagotchi.asm
                 NEW_FORM   0x00183c    program     static H:\Tamagotchi\Tamagotchi.X\food.asm
                Numberpad   0x001a82    program     static H:\Tamagotchi\Tamagotchi.X\learn.asm
            ONE_LIFE_LEFT   0x0003bc    program     static H:\Tamagotchi\Tamagotchi.X\Tamagotchi.asm
         PRESS_A_TO_HATCH   0x00011e    program     static H:\Tamagotchi\Tamagotchi.X\Tamagotchi.asm
                      SAD   0x00037c    program     static H:\Tamagotchi\Tamagotchi.X\Tamagotchi.asm
                      SAD   0x000af2    program     static H:\Tamagotchi\Tamagotchi.X\LCD.asm
                   SLEEPY   0x000040    program     extern H:\Tamagotchi\Tamagotchi.X\sleepy.asm
                    SMALL   0x0013cc    program     static H:\Tamagotchi\Tamagotchi.X\dance.asm
             SMALL_RABBIT   0x000c76    program     extern H:\Tamagotchi\Tamagotchi.X\LCD.asm
                   SMILEY   0x000972    program     static H:\Tamagotchi\Tamagotchi.X\LCD.asm
                      SUN   0x0007f2    program     static H:\Tamagotchi\Tamagotchi.X\LCD.asm
           TWO_LIVES_LEFT   0x00039e    program     static H:\Tamagotchi\Tamagotchi.X\Tamagotchi.asm
                     WAVE   0x0012ae    program     static H:\Tamagotchi\Tamagotchi.X\dance.asm
                     back   0x001664    program     static H:\Tamagotchi\Tamagotchi.X\food.asm
               blank_line   0x000022    program     static H:\Tamagotchi\Tamagotchi.X\food.asm
                        c   0x00190a    program     static H:\Tamagotchi\Tamagotchi.X\learn.asm
                      c_1   0x001946    program     static H:\Tamagotchi\Tamagotchi.X\learn.asm
                     c_10   0x0019b2    program     static H:\Tamagotchi\Tamagotchi.X\learn.asm
                     c_11   0x0019c2    program     static H:\Tamagotchi\Tamagotchi.X\learn.asm
                     c_12   0x0019d2    program     static H:\Tamagotchi\Tamagotchi.X\learn.asm
                     c_13   0x0019e2    program     static H:\Tamagotchi\Tamagotchi.X\learn.asm
                     c_14   0x0019f2    program     static H:\Tamagotchi\Tamagotchi.X\learn.asm
                     c_15   0x001a02    program     static H:\Tamagotchi\Tamagotchi.X\learn.asm
                     c_16   0x001a12    program     static H:\Tamagotchi\Tamagotchi.X\learn.asm
                     c_17   0x001a22    program     static H:\Tamagotchi\Tamagotchi.X\learn.asm
                     c_18   0x001a32    program     static H:\Tamagotchi\Tamagotchi.X\learn.asm
                      c_2   0x001952    program     static H:\Tamagotchi\Tamagotchi.X\learn.asm
                      c_3   0x00195e    program     static H:\Tamagotchi\Tamagotchi.X\learn.asm
                      c_4   0x00196a    program     static H:\Tamagotchi\Tamagotchi.X\learn.asm
                      c_5   0x001976    program     static H:\Tamagotchi\Tamagotchi.X\learn.asm
                      c_6   0x001982    program     static H:\Tamagotchi\Tamagotchi.X\learn.asm
                      c_7   0x00198e    program     static H:\Tamagotchi\Tamagotchi.X\learn.asm
                      c_8   0x00199a    program     static H:\Tamagotchi\Tamagotchi.X\learn.asm
                      c_9   0x0019a6    program     static H:\Tamagotchi\Tamagotchi.X\learn.asm
                calculate   0x001912    program     static H:\Tamagotchi\Tamagotchi.X\learn.asm
                  check_1   0x001ab0    program     static H:\Tamagotchi\Tamagotchi.X\learn.asm
                  check_1   0x000206    program     static H:\Tamagotchi\Tamagotchi.X\Tamagotchi.asm
                  check_1   0x001386    program     static H:\Tamagotchi\Tamagotchi.X\dance.asm
                  check_2   0x00138e    program     static H:\Tamagotchi\Tamagotchi.X\dance.asm
                  check_2   0x00164a    program     static H:\Tamagotchi\Tamagotchi.X\food.asm
                  check_2   0x000210    program     static H:\Tamagotchi\Tamagotchi.X\Tamagotchi.asm
                  check_2   0x001aba    program     static H:\Tamagotchi\Tamagotchi.X\learn.asm
                  check_3   0x001ac4    program     static H:\Tamagotchi\Tamagotchi.X\learn.asm
                  check_3   0x00021a    program     static H:\Tamagotchi\Tamagotchi.X\Tamagotchi.asm
                  check_4   0x001654    program     static H:\Tamagotchi\Tamagotchi.X\food.asm
                  check_5   0x001aec    program     static H:\Tamagotchi\Tamagotchi.X\learn.asm
                  check_5   0x000242    program     static H:\Tamagotchi\Tamagotchi.X\Tamagotchi.asm
                  check_6   0x001af6    program     static H:\Tamagotchi\Tamagotchi.X\learn.asm
                  check_6   0x00024c    program     static H:\Tamagotchi\Tamagotchi.X\Tamagotchi.asm
                  check_6   0x00165c    program     static H:\Tamagotchi\Tamagotchi.X\food.asm
                  check_7   0x001b00    program     static H:\Tamagotchi\Tamagotchi.X\learn.asm
                  check_7   0x000256    program     static H:\Tamagotchi\Tamagotchi.X\Tamagotchi.asm
             check_medium   0x001844    program     static H:\Tamagotchi\Tamagotchi.X\food.asm
                  checked   0x00193c    program     static H:\Tamagotchi\Tamagotchi.X\learn.asm
                   column   0x001a8c    program     static H:\Tamagotchi\Tamagotchi.X\learn.asm
                   column   0x0001e2    program     static H:\Tamagotchi\Tamagotchi.X\Tamagotchi.asm
                column_11   0x001b1a    program     static H:\Tamagotchi\Tamagotchi.X\learn.asm
                column_11   0x000270    program     static H:\Tamagotchi\Tamagotchi.X\Tamagotchi.asm
                column_12   0x001b2a    program     static H:\Tamagotchi\Tamagotchi.X\learn.asm
                column_12   0x00027a    program     static H:\Tamagotchi\Tamagotchi.X\Tamagotchi.asm
                column_13   0x001b3a    program     static H:\Tamagotchi\Tamagotchi.X\learn.asm
                column_13   0x000284    program     static H:\Tamagotchi\Tamagotchi.X\Tamagotchi.asm
                column_14   0x00028e    program     static H:\Tamagotchi\Tamagotchi.X\Tamagotchi.asm
                column_14   0x001b48    program     static H:\Tamagotchi\Tamagotchi.X\learn.asm
                column_21   0x00029a    program     static H:\Tamagotchi\Tamagotchi.X\Tamagotchi.asm
                column_21   0x001b52    program     static H:\Tamagotchi\Tamagotchi.X\learn.asm
                column_22   0x001b62    program     static H:\Tamagotchi\Tamagotchi.X\learn.asm
                column_22   0x0002a4    program     static H:\Tamagotchi\Tamagotchi.X\Tamagotchi.asm
                column_23   0x001b72    program     static H:\Tamagotchi\Tamagotchi.X\learn.asm
                column_23   0x0002ae    program     static H:\Tamagotchi\Tamagotchi.X\Tamagotchi.asm
                column_24   0x001b82    program     static H:\Tamagotchi\Tamagotchi.X\learn.asm
                column_24   0x0002b8    program     static H:\Tamagotchi\Tamagotchi.X\Tamagotchi.asm
                column_31   0x001b8c    program     static H:\Tamagotchi\Tamagotchi.X\learn.asm
                column_31   0x0002c4    program     static H:\Tamagotchi\Tamagotchi.X\Tamagotchi.asm
                column_32   0x001b9c    program     static H:\Tamagotchi\Tamagotchi.X\learn.asm
                column_32   0x0002ce    program     static H:\Tamagotchi\Tamagotchi.X\Tamagotchi.asm
                column_33   0x0002d8    program     static H:\Tamagotchi\Tamagotchi.X\Tamagotchi.asm
                column_33   0x001bac    program     static H:\Tamagotchi\Tamagotchi.X\learn.asm
                column_34   0x0002e2    program     static H:\Tamagotchi\Tamagotchi.X\Tamagotchi.asm
                column_34   0x001bbc    program     static H:\Tamagotchi\Tamagotchi.X\learn.asm
                column_41   0x001bc0    program     static H:\Tamagotchi\Tamagotchi.X\learn.asm
                column_41   0x0002e8    program     static H:\Tamagotchi\Tamagotchi.X\Tamagotchi.asm
                column_42   0x001bc8    program     static H:\Tamagotchi\Tamagotchi.X\learn.asm
                column_42   0x0002f2    program     static H:\Tamagotchi\Tamagotchi.X\Tamagotchi.asm
                column_43   0x001bd8    program     static H:\Tamagotchi\Tamagotchi.X\learn.asm
                column_43   0x0002fc    program     static H:\Tamagotchi\Tamagotchi.X\Tamagotchi.asm
                column_44   0x000306    program     static H:\Tamagotchi\Tamagotchi.X\Tamagotchi.asm
                column_44   0x001be0    program     static H:\Tamagotchi\Tamagotchi.X\learn.asm
                    crack   0x001cc0    program     static H:\Tamagotchi\Tamagotchi.X\hatch.asm
              dance_delay   0x0014b6    program     static H:\Tamagotchi\Tamagotchi.X\dance.asm
                      dch   0x00030a    program     static H:\Tamagotchi\Tamagotchi.X\Tamagotchi.asm
                     dch1   0x000312    program     static H:\Tamagotchi\Tamagotchi.X\Tamagotchi.asm
                     dch2   0x00031c    program     static H:\Tamagotchi\Tamagotchi.X\Tamagotchi.asm
                     dch3   0x000322    program     static H:\Tamagotchi\Tamagotchi.X\Tamagotchi.asm
                     dch4   0x000328    program     static H:\Tamagotchi\Tamagotchi.X\Tamagotchi.asm
                     dch5   0x00032e    program     static H:\Tamagotchi\Tamagotchi.X\Tamagotchi.asm
                   decode   0x000266    program     static H:\Tamagotchi\Tamagotchi.X\Tamagotchi.asm
                   decode   0x001b10    program     static H:\Tamagotchi\Tamagotchi.X\learn.asm
                    delay   0x00048c    program     static H:\Tamagotchi\Tamagotchi.X\Tamagotchi.asm
                    delay   0x001b0a    program     static H:\Tamagotchi\Tamagotchi.X\learn.asm
                  delay_1   0x001d06    program     static H:\Tamagotchi\Tamagotchi.X\hatch.asm
                  delay_1   0x00188c    program     static H:\Tamagotchi\Tamagotchi.X\food.asm
                  delay_1   0x001be6    program     static H:\Tamagotchi\Tamagotchi.X\learn.asm
                  delay_1   0x000490    program     static H:\Tamagotchi\Tamagotchi.X\Tamagotchi.asm
                  delay_1   0x0014ba    program     static H:\Tamagotchi\Tamagotchi.X\dance.asm
                  delay_2   0x001896    program     static H:\Tamagotchi\Tamagotchi.X\food.asm
                  delay_2   0x001d10    program     static H:\Tamagotchi\Tamagotchi.X\hatch.asm
                  delay_2   0x0014c4    program     static H:\Tamagotchi\Tamagotchi.X\dance.asm
                  delay_2   0x001bf0    program     static H:\Tamagotchi\Tamagotchi.X\learn.asm
                  delay_2   0x00049a    program     static H:\Tamagotchi\Tamagotchi.X\Tamagotchi.asm
                  delay_3   0x001d1a    program     static H:\Tamagotchi\Tamagotchi.X\hatch.asm
                  delay_3   0x0004a4    program     static H:\Tamagotchi\Tamagotchi.X\Tamagotchi.asm
                  delay_3   0x001bfa    program     static H:\Tamagotchi\Tamagotchi.X\learn.asm
                  delay_3   0x0018a0    program     static H:\Tamagotchi\Tamagotchi.X\food.asm
                  delay_3   0x0014ce    program     static H:\Tamagotchi\Tamagotchi.X\dance.asm
                  delay_k   0x000260    program     static H:\Tamagotchi\Tamagotchi.X\Tamagotchi.asm
                  dynamic   0x001c5c    program     static H:\Tamagotchi\Tamagotchi.X\hatch.asm
                egg_blink   0x001c9c    program     static H:\Tamagotchi\Tamagotchi.X\hatch.asm
                 finished   0x0004aa    program     static H:\Tamagotchi\Tamagotchi.X\Tamagotchi.asm
             flash_line_1   0x000006    program     static H:\Tamagotchi\Tamagotchi.X\food.asm
             flash_line_2   0x000014    program     static H:\Tamagotchi\Tamagotchi.X\food.asm
                  flashes   0x0017ec    program     static H:\Tamagotchi\Tamagotchi.X\food.asm
               food_delay   0x001888    program     static H:\Tamagotchi\Tamagotchi.X\food.asm
              hatch_delay   0x001d02    program     static H:\Tamagotchi\Tamagotchi.X\hatch.asm
                     hops   0x0013f4    program     static H:\Tamagotchi\Tamagotchi.X\dance.asm
                    large   0x001874    program     static H:\Tamagotchi\Tamagotchi.X\food.asm
                   lcdlp1   0x000590    program     static H:\Tamagotchi\Tamagotchi.X\LCD.asm
                   lcdlp2   0x00056e    program     static H:\Tamagotchi\Tamagotchi.X\LCD.asm
                    learn   0x0018ca    program     static H:\Tamagotchi\Tamagotchi.X\learn.asm
              learn_delay   0x001be2    program     static H:\Tamagotchi\Tamagotchi.X\learn.asm
                     loop   0x001c14    program     static H:\Tamagotchi\Tamagotchi.X\hatch.asm
                    loopb   0x001526    program     static H:\Tamagotchi\Tamagotchi.X\food.asm
                   loopf1   0x0014ea    program     static H:\Tamagotchi\Tamagotchi.X\food.asm
                   loopf2   0x001508    program     static H:\Tamagotchi\Tamagotchi.X\food.asm
                   medium   0x001860    program     static H:\Tamagotchi\Tamagotchi.X\food.asm
                 nested_2   0x001bec    program     static H:\Tamagotchi\Tamagotchi.X\learn.asm
                 nested_2   0x000496    program     static H:\Tamagotchi\Tamagotchi.X\Tamagotchi.asm
                 nested_2   0x001d0c    program     static H:\Tamagotchi\Tamagotchi.X\hatch.asm
                 nested_2   0x0014c0    program     static H:\Tamagotchi\Tamagotchi.X\dance.asm
                 nested_2   0x001892    program     static H:\Tamagotchi\Tamagotchi.X\food.asm
                 nested_3   0x0004a0    program     static H:\Tamagotchi\Tamagotchi.X\Tamagotchi.asm
                 nested_3   0x0014ca    program     static H:\Tamagotchi\Tamagotchi.X\dance.asm
                 nested_3   0x001d16    program     static H:\Tamagotchi\Tamagotchi.X\hatch.asm
                 nested_3   0x001bf6    program     static H:\Tamagotchi\Tamagotchi.X\learn.asm
                 nested_3   0x00189c    program     static H:\Tamagotchi\Tamagotchi.X\food.asm
                   output   0x001a3c    program     static H:\Tamagotchi\Tamagotchi.X\learn.asm
  output_PRESS_A_TO_HATCH   0x001c00    program     extern H:\Tamagotchi\Tamagotchi.X\hatch.asm
             output_blank   0x001516    program     static H:\Tamagotchi\Tamagotchi.X\food.asm
           output_flash_1   0x0014da    program     static H:\Tamagotchi\Tamagotchi.X\food.asm
           output_flash_2   0x0014f8    program     static H:\Tamagotchi\Tamagotchi.X\food.asm
 output_hatching_sequence   0x001c58    program     extern H:\Tamagotchi\Tamagotchi.X\hatch.asm
   output_starting_screen   0x001c22    program     extern H:\Tamagotchi\Tamagotchi.X\hatch.asm
              read_column   0x000238    program     static H:\Tamagotchi\Tamagotchi.X\Tamagotchi.asm
              read_column   0x001ae2    program     static H:\Tamagotchi\Tamagotchi.X\learn.asm
                 read_row   0x0001fc    program     static H:\Tamagotchi\Tamagotchi.X\Tamagotchi.asm
                 read_row   0x001aa6    program     static H:\Tamagotchi\Tamagotchi.X\learn.asm
                    row_1   0x000292    program     static H:\Tamagotchi\Tamagotchi.X\Tamagotchi.asm
                    row_1   0x001b4a    program     static H:\Tamagotchi\Tamagotchi.X\learn.asm
                    row_2   0x0002bc    program     static H:\Tamagotchi\Tamagotchi.X\Tamagotchi.asm
                    row_2   0x001b84    program     static H:\Tamagotchi\Tamagotchi.X\learn.asm
                    row_3   0x0002e6    program     static H:\Tamagotchi\Tamagotchi.X\Tamagotchi.asm
                    row_3   0x001bbe    program     static H:\Tamagotchi\Tamagotchi.X\learn.asm
                    setup   0x000100    program     static H:\Tamagotchi\Tamagotchi.X\Tamagotchi.asm
             setup_column   0x000224    program     static H:\Tamagotchi\Tamagotchi.X\Tamagotchi.asm
             setup_column   0x001ace    program     static H:\Tamagotchi\Tamagotchi.X\learn.asm
                setup_row   0x0001e8    program     static H:\Tamagotchi\Tamagotchi.X\Tamagotchi.asm
                setup_row   0x001a92    program     static H:\Tamagotchi\Tamagotchi.X\learn.asm
                    small   0x00184c    program     static H:\Tamagotchi\Tamagotchi.X\food.asm
                     wave   0x0012b2    program     static H:\Tamagotchi\Tamagotchi.X\dance.asm
              Key_Pressed   0x000482       data     static H:\Tamagotchi\Tamagotchi.X\Tamagotchi.asm
                LCD_cnt_h   0x000001       data     static H:\Tamagotchi\Tamagotchi.X\LCD.asm
                LCD_cnt_l   0x000000       data     static H:\Tamagotchi\Tamagotchi.X\LCD.asm
               LCD_cnt_ms   0x000002       data     static H:\Tamagotchi\Tamagotchi.X\LCD.asm
              LCD_counter   0x000004       data     static H:\Tamagotchi\Tamagotchi.X\LCD.asm
                  LCD_tmp   0x000003       data     static H:\Tamagotchi\Tamagotchi.X\LCD.asm
     Number_pressed_1_int   0x000020       data     static H:\Tamagotchi\Tamagotchi.X\learn.asm
  Number_pressed_1_string   0x000022       data     static H:\Tamagotchi\Tamagotchi.X\learn.asm
     Number_pressed_2_int   0x000021       data     static H:\Tamagotchi\Tamagotchi.X\learn.asm
  Number_pressed_2_string   0x000023       data     static H:\Tamagotchi\Tamagotchi.X\learn.asm
                    count   0x000029       data     static H:\Tamagotchi\Tamagotchi.X\learn.asm
            counter_blank   0x000031       data     static H:\Tamagotchi\Tamagotchi.X\food.asm
           counter_column   0x00001c       data     static H:\Tamagotchi\Tamagotchi.X\learn.asm
           counter_column   0x000481       data     static H:\Tamagotchi\Tamagotchi.X\Tamagotchi.asm
          counter_flash_1   0x00002f       data     static H:\Tamagotchi\Tamagotchi.X\food.asm
          counter_flash_2   0x000030       data     static H:\Tamagotchi\Tamagotchi.X\food.asm
        counter_happiness   0x000005       data     static H:\Tamagotchi\Tamagotchi.X\Tamagotchi.asm
counter_happiness_decrement   0x000006       data     static H:\Tamagotchi\Tamagotchi.X\Tamagotchi.asm
counter_happiness_decrement_2   0x000007       data     static H:\Tamagotchi\Tamagotchi.X\Tamagotchi.asm
counter_happiness_decrement_3   0x000008       data     static H:\Tamagotchi\Tamagotchi.X\Tamagotchi.asm
             counter_life   0x00000a       data     static H:\Tamagotchi\Tamagotchi.X\Tamagotchi.asm
           counter_output   0x000019       data     static H:\Tamagotchi\Tamagotchi.X\hatch.asm
              counter_row   0x000480       data     static H:\Tamagotchi\Tamagotchi.X\Tamagotchi.asm
              counter_row   0x00001b       data     static H:\Tamagotchi\Tamagotchi.X\learn.asm
       dance_counter_baby   0x000012       data     static H:\Tamagotchi\Tamagotchi.X\dance.asm
    dance_counter_small_1   0x000013       data     static H:\Tamagotchi\Tamagotchi.X\dance.asm
    dance_counter_small_2   0x000014       data     static H:\Tamagotchi\Tamagotchi.X\dance.asm
            delay_count_1   0x00000b       data     static H:\Tamagotchi\Tamagotchi.X\Tamagotchi.asm
            delay_count_2   0x00000c       data     static H:\Tamagotchi\Tamagotchi.X\Tamagotchi.asm
            delay_count_3   0x00000d       data     static H:\Tamagotchi\Tamagotchi.X\Tamagotchi.asm
           delay_count_l1   0x00001d       data     static H:\Tamagotchi\Tamagotchi.X\learn.asm
           delay_count_l2   0x00001e       data     static H:\Tamagotchi\Tamagotchi.X\learn.asm
           delay_count_l3   0x00001f       data     static H:\Tamagotchi\Tamagotchi.X\learn.asm
         delay_counter_d1   0x00000f       data     static H:\Tamagotchi\Tamagotchi.X\dance.asm
         delay_counter_d2   0x000010       data     static H:\Tamagotchi\Tamagotchi.X\dance.asm
         delay_counter_d3   0x000011       data     static H:\Tamagotchi\Tamagotchi.X\dance.asm
         delay_counter_f1   0x00002b       data     static H:\Tamagotchi\Tamagotchi.X\food.asm
         delay_counter_f2   0x00002c       data     static H:\Tamagotchi\Tamagotchi.X\food.asm
         delay_counter_f3   0x00002d       data     static H:\Tamagotchi\Tamagotchi.X\food.asm
         delay_counter_h1   0x000016       data     static H:\Tamagotchi\Tamagotchi.X\hatch.asm
         delay_counter_h2   0x000017       data     static H:\Tamagotchi\Tamagotchi.X\hatch.asm
         delay_counter_h3   0x000018       data     static H:\Tamagotchi\Tamagotchi.X\hatch.asm
            flash_counter   0x00002e       data     static H:\Tamagotchi\Tamagotchi.X\food.asm
             food_counter   0x000032       data     static H:\Tamagotchi\Tamagotchi.X\food.asm
                  integer   0x000024       data     static H:\Tamagotchi\Tamagotchi.X\learn.asm
                life_mode   0x000009       data     static H:\Tamagotchi\Tamagotchi.X\Tamagotchi.asm
           lifemode_dance   0x00000e       data     static H:\Tamagotchi\Tamagotchi.X\dance.asm
            lifemode_food   0x00002a       data     static H:\Tamagotchi\Tamagotchi.X\food.asm
                  myArray   0x000400       data     static H:\Tamagotchi\Tamagotchi.X\Tamagotchi.asm
                 output_1   0x000027       data     static H:\Tamagotchi\Tamagotchi.X\learn.asm
                 output_2   0x000028       data     static H:\Tamagotchi\Tamagotchi.X\learn.asm
                  repeats   0x00001a       data     static H:\Tamagotchi\Tamagotchi.X\hatch.asm
                   result   0x000026       data     static H:\Tamagotchi\Tamagotchi.X\learn.asm
                   string   0x000025       data     static H:\Tamagotchi\Tamagotchi.X\learn.asm
             wave_counter   0x000015       data     static H:\Tamagotchi\Tamagotchi.X\dance.asm



                              Symbols - Sorted by Address
                     Name    Address   Location    Storage File                     
                ---------  ---------  ---------  --------- ---------                
             flash_line_1   0x000006    program     static H:\Tamagotchi\Tamagotchi.X\food.asm
             flash_line_2   0x000014    program     static H:\Tamagotchi\Tamagotchi.X\food.asm
               blank_line   0x000022    program     static H:\Tamagotchi\Tamagotchi.X\food.asm
                   Line_0   0x000030    program     static H:\Tamagotchi\Tamagotchi.X\hatch.asm
                   SLEEPY   0x000040    program     extern H:\Tamagotchi\Tamagotchi.X\sleepy.asm
                BALL_GAME   0x000042    program     extern H:\Tamagotchi\Tamagotchi.X\ballgame.asm
                    setup   0x000100    program     static H:\Tamagotchi\Tamagotchi.X\Tamagotchi.asm
                     MAIN   0x000114    program     static H:\Tamagotchi\Tamagotchi.X\Tamagotchi.asm
         PRESS_A_TO_HATCH   0x00011e    program     static H:\Tamagotchi\Tamagotchi.X\Tamagotchi.asm
                GAME_MODE   0x00015e    program     static H:\Tamagotchi\Tamagotchi.X\Tamagotchi.asm
          CHECK_A_PRESSED   0x000168    program     static H:\Tamagotchi\Tamagotchi.X\Tamagotchi.asm
          CHECK_B_PRESSED   0x000170    program     static H:\Tamagotchi\Tamagotchi.X\Tamagotchi.asm
          CHECK_C_PRESSED   0x00017e    program     static H:\Tamagotchi\Tamagotchi.X\Tamagotchi.asm
          CHECK_D_PRESSED   0x00018c    program     static H:\Tamagotchi\Tamagotchi.X\Tamagotchi.asm
          CHECK_E_PRESSED   0x0001a2    program     static H:\Tamagotchi\Tamagotchi.X\Tamagotchi.asm
          CHECK_F_PRESSED   0x0001b8    program     static H:\Tamagotchi\Tamagotchi.X\Tamagotchi.asm
           Keyboard_Setup   0x0001d0    program     static H:\Tamagotchi\Tamagotchi.X\Tamagotchi.asm
                 Keyboard   0x0001dc    program     static H:\Tamagotchi\Tamagotchi.X\Tamagotchi.asm
                   column   0x0001e2    program     static H:\Tamagotchi\Tamagotchi.X\Tamagotchi.asm
                setup_row   0x0001e8    program     static H:\Tamagotchi\Tamagotchi.X\Tamagotchi.asm
                 read_row   0x0001fc    program     static H:\Tamagotchi\Tamagotchi.X\Tamagotchi.asm
                  check_1   0x000206    program     static H:\Tamagotchi\Tamagotchi.X\Tamagotchi.asm
                  check_2   0x000210    program     static H:\Tamagotchi\Tamagotchi.X\Tamagotchi.asm
                  check_3   0x00021a    program     static H:\Tamagotchi\Tamagotchi.X\Tamagotchi.asm
             setup_column   0x000224    program     static H:\Tamagotchi\Tamagotchi.X\Tamagotchi.asm
              read_column   0x000238    program     static H:\Tamagotchi\Tamagotchi.X\Tamagotchi.asm
                  check_5   0x000242    program     static H:\Tamagotchi\Tamagotchi.X\Tamagotchi.asm
                  check_6   0x00024c    program     static H:\Tamagotchi\Tamagotchi.X\Tamagotchi.asm
                  check_7   0x000256    program     static H:\Tamagotchi\Tamagotchi.X\Tamagotchi.asm
                  delay_k   0x000260    program     static H:\Tamagotchi\Tamagotchi.X\Tamagotchi.asm
                   decode   0x000266    program     static H:\Tamagotchi\Tamagotchi.X\Tamagotchi.asm
                column_11   0x000270    program     static H:\Tamagotchi\Tamagotchi.X\Tamagotchi.asm
                column_12   0x00027a    program     static H:\Tamagotchi\Tamagotchi.X\Tamagotchi.asm
                column_13   0x000284    program     static H:\Tamagotchi\Tamagotchi.X\Tamagotchi.asm
                column_14   0x00028e    program     static H:\Tamagotchi\Tamagotchi.X\Tamagotchi.asm
                    row_1   0x000292    program     static H:\Tamagotchi\Tamagotchi.X\Tamagotchi.asm
                column_21   0x00029a    program     static H:\Tamagotchi\Tamagotchi.X\Tamagotchi.asm
                column_22   0x0002a4    program     static H:\Tamagotchi\Tamagotchi.X\Tamagotchi.asm
                column_23   0x0002ae    program     static H:\Tamagotchi\Tamagotchi.X\Tamagotchi.asm
                column_24   0x0002b8    program     static H:\Tamagotchi\Tamagotchi.X\Tamagotchi.asm
                    row_2   0x0002bc    program     static H:\Tamagotchi\Tamagotchi.X\Tamagotchi.asm
                column_31   0x0002c4    program     static H:\Tamagotchi\Tamagotchi.X\Tamagotchi.asm
                column_32   0x0002ce    program     static H:\Tamagotchi\Tamagotchi.X\Tamagotchi.asm
                column_33   0x0002d8    program     static H:\Tamagotchi\Tamagotchi.X\Tamagotchi.asm
                column_34   0x0002e2    program     static H:\Tamagotchi\Tamagotchi.X\Tamagotchi.asm
                    row_3   0x0002e6    program     static H:\Tamagotchi\Tamagotchi.X\Tamagotchi.asm
                column_41   0x0002e8    program     static H:\Tamagotchi\Tamagotchi.X\Tamagotchi.asm
                column_42   0x0002f2    program     static H:\Tamagotchi\Tamagotchi.X\Tamagotchi.asm
                column_43   0x0002fc    program     static H:\Tamagotchi\Tamagotchi.X\Tamagotchi.asm
                column_44   0x000306    program     static H:\Tamagotchi\Tamagotchi.X\Tamagotchi.asm
                      dch   0x00030a    program     static H:\Tamagotchi\Tamagotchi.X\Tamagotchi.asm
                     dch1   0x000312    program     static H:\Tamagotchi\Tamagotchi.X\Tamagotchi.asm
                     dch2   0x00031c    program     static H:\Tamagotchi\Tamagotchi.X\Tamagotchi.asm
                     dch3   0x000322    program     static H:\Tamagotchi\Tamagotchi.X\Tamagotchi.asm
                     dch4   0x000328    program     static H:\Tamagotchi\Tamagotchi.X\Tamagotchi.asm
                     dch5   0x00032e    program     static H:\Tamagotchi\Tamagotchi.X\Tamagotchi.asm
                HAPPINESS   0x00034c    program     static H:\Tamagotchi\Tamagotchi.X\Tamagotchi.asm
                    HAPPY   0x000360    program     static H:\Tamagotchi\Tamagotchi.X\Tamagotchi.asm
                  NEUTRAL   0x00036e    program     static H:\Tamagotchi\Tamagotchi.X\Tamagotchi.asm
                      SAD   0x00037c    program     static H:\Tamagotchi\Tamagotchi.X\Tamagotchi.asm
                     LIFE   0x00038a    program     static H:\Tamagotchi\Tamagotchi.X\Tamagotchi.asm
          CHECK_LAST_LIFE   0x000396    program     static H:\Tamagotchi\Tamagotchi.X\Tamagotchi.asm
           TWO_LIVES_LEFT   0x00039e    program     static H:\Tamagotchi\Tamagotchi.X\Tamagotchi.asm
            ONE_LIFE_LEFT   0x0003bc    program     static H:\Tamagotchi\Tamagotchi.X\Tamagotchi.asm
                    DEATH   0x0003da    program     static H:\Tamagotchi\Tamagotchi.X\Tamagotchi.asm
                    delay   0x00048c    program     static H:\Tamagotchi\Tamagotchi.X\Tamagotchi.asm
                  delay_1   0x000490    program     static H:\Tamagotchi\Tamagotchi.X\Tamagotchi.asm
                 nested_2   0x000496    program     static H:\Tamagotchi\Tamagotchi.X\Tamagotchi.asm
                  delay_2   0x00049a    program     static H:\Tamagotchi\Tamagotchi.X\Tamagotchi.asm
                 nested_3   0x0004a0    program     static H:\Tamagotchi\Tamagotchi.X\Tamagotchi.asm
                  delay_3   0x0004a4    program     static H:\Tamagotchi\Tamagotchi.X\Tamagotchi.asm
                LCD_Setup   0x0004aa    program     extern H:\Tamagotchi\Tamagotchi.X\LCD.asm
                 finished   0x0004aa    program     static H:\Tamagotchi\Tamagotchi.X\Tamagotchi.asm
        LCD_Write_Message   0x0004fc    program     extern H:\Tamagotchi\Tamagotchi.X\LCD.asm
         LCD_Loop_message   0x0004fe    program     static H:\Tamagotchi\Tamagotchi.X\LCD.asm
          LCD_Send_Byte_I   0x00050a    program     static H:\Tamagotchi\Tamagotchi.X\LCD.asm
          LCD_Send_Byte_D   0x000526    program     extern H:\Tamagotchi\Tamagotchi.X\LCD.asm
               LCD_Enable   0x000548    program     static H:\Tamagotchi\Tamagotchi.X\LCD.asm
             LCD_delay_ms   0x00056c    program     static H:\Tamagotchi\Tamagotchi.X\LCD.asm
                   lcdlp2   0x00056e    program     static H:\Tamagotchi\Tamagotchi.X\LCD.asm
           LCD_delay_x4us   0x00057a    program     static H:\Tamagotchi\Tamagotchi.X\LCD.asm
                LCD_delay   0x00058e    program     static H:\Tamagotchi\Tamagotchi.X\LCD.asm
                   lcdlp1   0x000590    program     static H:\Tamagotchi\Tamagotchi.X\LCD.asm
                LCD_clear   0x000598    program     extern H:\Tamagotchi\Tamagotchi.X\LCD.asm
                LCD_shift   0x0005a6    program     extern H:\Tamagotchi\Tamagotchi.X\LCD.asm
                      EGG   0x0005b2    program     static H:\Tamagotchi\Tamagotchi.X\LCD.asm
LCD_custom_character_set_EGG   0x0005b2    program     extern H:\Tamagotchi\Tamagotchi.X\LCD.asm
                    HEART   0x000672    program     static H:\Tamagotchi\Tamagotchi.X\LCD.asm
                     BABY   0x000732    program     extern H:\Tamagotchi\Tamagotchi.X\LCD.asm
                      SUN   0x0007f2    program     static H:\Tamagotchi\Tamagotchi.X\LCD.asm
                     MOON   0x0008b2    program     extern H:\Tamagotchi\Tamagotchi.X\LCD.asm
                   SMILEY   0x000972    program     static H:\Tamagotchi\Tamagotchi.X\LCD.asm
                  NEUTRAL   0x000a32    program     static H:\Tamagotchi\Tamagotchi.X\LCD.asm
                      SAD   0x000af2    program     static H:\Tamagotchi\Tamagotchi.X\LCD.asm
                    GHOST   0x000bb4    program     extern H:\Tamagotchi\Tamagotchi.X\LCD.asm
             SMALL_RABBIT   0x000c76    program     extern H:\Tamagotchi\Tamagotchi.X\LCD.asm
            MEDIUM_RABBIT   0x000d38    program     extern H:\Tamagotchi\Tamagotchi.X\LCD.asm
             LARGE_RABBIT   0x000dfa    program     extern H:\Tamagotchi\Tamagotchi.X\LCD.asm
                  DISCO_1   0x000ebc    program     extern H:\Tamagotchi\Tamagotchi.X\LCD.asm
                  DISCO_2   0x000f7e    program     extern H:\Tamagotchi\Tamagotchi.X\LCD.asm
                  DBALL_1   0x001040    program     static H:\Tamagotchi\Tamagotchi.X\dance.asm
                  DBALL_2   0x00104e    program     static H:\Tamagotchi\Tamagotchi.X\dance.asm
              DBALL_CLEAR   0x00105c    program     static H:\Tamagotchi\Tamagotchi.X\dance.asm
                   BOUNCE   0x00106a    program     static H:\Tamagotchi\Tamagotchi.X\dance.asm
                     HOPS   0x0010ac    program     static H:\Tamagotchi\Tamagotchi.X\dance.asm
                     WAVE   0x0012ae    program     static H:\Tamagotchi\Tamagotchi.X\dance.asm
                     wave   0x0012b2    program     static H:\Tamagotchi\Tamagotchi.X\dance.asm
                    DANCE   0x001368    program     extern H:\Tamagotchi\Tamagotchi.X\dance.asm
                  check_1   0x001386    program     static H:\Tamagotchi\Tamagotchi.X\dance.asm
                  check_2   0x00138e    program     static H:\Tamagotchi\Tamagotchi.X\dance.asm
                     BABY   0x001396    program     static H:\Tamagotchi\Tamagotchi.X\dance.asm
                    SMALL   0x0013cc    program     static H:\Tamagotchi\Tamagotchi.X\dance.asm
                     hops   0x0013f4    program     static H:\Tamagotchi\Tamagotchi.X\dance.asm
                   MEDIUM   0x00141a    program     static H:\Tamagotchi\Tamagotchi.X\dance.asm
                    LARGE   0x00145c    program     static H:\Tamagotchi\Tamagotchi.X\dance.asm
              dance_delay   0x0014b6    program     static H:\Tamagotchi\Tamagotchi.X\dance.asm
                  delay_1   0x0014ba    program     static H:\Tamagotchi\Tamagotchi.X\dance.asm
                 nested_2   0x0014c0    program     static H:\Tamagotchi\Tamagotchi.X\dance.asm
                  delay_2   0x0014c4    program     static H:\Tamagotchi\Tamagotchi.X\dance.asm
                 nested_3   0x0014ca    program     static H:\Tamagotchi\Tamagotchi.X\dance.asm
                  delay_3   0x0014ce    program     static H:\Tamagotchi\Tamagotchi.X\dance.asm
               FOOD_Setup   0x0014d4    program     extern H:\Tamagotchi\Tamagotchi.X\food.asm
           output_flash_1   0x0014da    program     static H:\Tamagotchi\Tamagotchi.X\food.asm
                   loopf1   0x0014ea    program     static H:\Tamagotchi\Tamagotchi.X\food.asm
           output_flash_2   0x0014f8    program     static H:\Tamagotchi\Tamagotchi.X\food.asm
                   loopf2   0x001508    program     static H:\Tamagotchi\Tamagotchi.X\food.asm
             output_blank   0x001516    program     static H:\Tamagotchi\Tamagotchi.X\food.asm
                    loopb   0x001526    program     static H:\Tamagotchi\Tamagotchi.X\food.asm
                     FOOD   0x001534    program     extern H:\Tamagotchi\Tamagotchi.X\food.asm
             FOOD_ANIMATE   0x00153a    program     static H:\Tamagotchi\Tamagotchi.X\food.asm
                  check_2   0x00164a    program     static H:\Tamagotchi\Tamagotchi.X\food.asm
             CHECK_GROWTH   0x00164a    program     static H:\Tamagotchi\Tamagotchi.X\food.asm
                  check_4   0x001654    program     static H:\Tamagotchi\Tamagotchi.X\food.asm
                  check_6   0x00165c    program     static H:\Tamagotchi\Tamagotchi.X\food.asm
                     back   0x001664    program     static H:\Tamagotchi\Tamagotchi.X\food.asm
                   GROWTH   0x001668    program     static H:\Tamagotchi\Tamagotchi.X\food.asm
           GROWTH_ANIMATE   0x00166c    program     static H:\Tamagotchi\Tamagotchi.X\food.asm
                  flashes   0x0017ec    program     static H:\Tamagotchi\Tamagotchi.X\food.asm
                 NEW_FORM   0x00183c    program     static H:\Tamagotchi\Tamagotchi.X\food.asm
             check_medium   0x001844    program     static H:\Tamagotchi\Tamagotchi.X\food.asm
                    small   0x00184c    program     static H:\Tamagotchi\Tamagotchi.X\food.asm
                   medium   0x001860    program     static H:\Tamagotchi\Tamagotchi.X\food.asm
                    large   0x001874    program     static H:\Tamagotchi\Tamagotchi.X\food.asm
               food_delay   0x001888    program     static H:\Tamagotchi\Tamagotchi.X\food.asm
                  delay_1   0x00188c    program     static H:\Tamagotchi\Tamagotchi.X\food.asm
                 nested_2   0x001892    program     static H:\Tamagotchi\Tamagotchi.X\food.asm
                  delay_2   0x001896    program     static H:\Tamagotchi\Tamagotchi.X\food.asm
                 nested_3   0x00189c    program     static H:\Tamagotchi\Tamagotchi.X\food.asm
                  delay_3   0x0018a0    program     static H:\Tamagotchi\Tamagotchi.X\food.asm
                    LEARN   0x0018a6    program     extern H:\Tamagotchi\Tamagotchi.X\learn.asm
                    learn   0x0018ca    program     static H:\Tamagotchi\Tamagotchi.X\learn.asm
                        c   0x00190a    program     static H:\Tamagotchi\Tamagotchi.X\learn.asm
                calculate   0x001912    program     static H:\Tamagotchi\Tamagotchi.X\learn.asm
                  checked   0x00193c    program     static H:\Tamagotchi\Tamagotchi.X\learn.asm
                      c_1   0x001946    program     static H:\Tamagotchi\Tamagotchi.X\learn.asm
                      c_2   0x001952    program     static H:\Tamagotchi\Tamagotchi.X\learn.asm
                      c_3   0x00195e    program     static H:\Tamagotchi\Tamagotchi.X\learn.asm
                      c_4   0x00196a    program     static H:\Tamagotchi\Tamagotchi.X\learn.asm
                      c_5   0x001976    program     static H:\Tamagotchi\Tamagotchi.X\learn.asm
                      c_6   0x001982    program     static H:\Tamagotchi\Tamagotchi.X\learn.asm
                      c_7   0x00198e    program     static H:\Tamagotchi\Tamagotchi.X\learn.asm
                      c_8   0x00199a    program     static H:\Tamagotchi\Tamagotchi.X\learn.asm
                      c_9   0x0019a6    program     static H:\Tamagotchi\Tamagotchi.X\learn.asm
                     c_10   0x0019b2    program     static H:\Tamagotchi\Tamagotchi.X\learn.asm
                     c_11   0x0019c2    program     static H:\Tamagotchi\Tamagotchi.X\learn.asm
                     c_12   0x0019d2    program     static H:\Tamagotchi\Tamagotchi.X\learn.asm
                     c_13   0x0019e2    program     static H:\Tamagotchi\Tamagotchi.X\learn.asm
                     c_14   0x0019f2    program     static H:\Tamagotchi\Tamagotchi.X\learn.asm
                     c_15   0x001a02    program     static H:\Tamagotchi\Tamagotchi.X\learn.asm
                     c_16   0x001a12    program     static H:\Tamagotchi\Tamagotchi.X\learn.asm
                     c_17   0x001a22    program     static H:\Tamagotchi\Tamagotchi.X\learn.asm
                     c_18   0x001a32    program     static H:\Tamagotchi\Tamagotchi.X\learn.asm
                   output   0x001a3c    program     static H:\Tamagotchi\Tamagotchi.X\learn.asm
                Numberpad   0x001a82    program     static H:\Tamagotchi\Tamagotchi.X\learn.asm
                   column   0x001a8c    program     static H:\Tamagotchi\Tamagotchi.X\learn.asm
                setup_row   0x001a92    program     static H:\Tamagotchi\Tamagotchi.X\learn.asm
                 read_row   0x001aa6    program     static H:\Tamagotchi\Tamagotchi.X\learn.asm
                  check_1   0x001ab0    program     static H:\Tamagotchi\Tamagotchi.X\learn.asm
                  check_2   0x001aba    program     static H:\Tamagotchi\Tamagotchi.X\learn.asm
                  check_3   0x001ac4    program     static H:\Tamagotchi\Tamagotchi.X\learn.asm
             setup_column   0x001ace    program     static H:\Tamagotchi\Tamagotchi.X\learn.asm
              read_column   0x001ae2    program     static H:\Tamagotchi\Tamagotchi.X\learn.asm
                  check_5   0x001aec    program     static H:\Tamagotchi\Tamagotchi.X\learn.asm
                  check_6   0x001af6    program     static H:\Tamagotchi\Tamagotchi.X\learn.asm
                  check_7   0x001b00    program     static H:\Tamagotchi\Tamagotchi.X\learn.asm
                    delay   0x001b0a    program     static H:\Tamagotchi\Tamagotchi.X\learn.asm
                   decode   0x001b10    program     static H:\Tamagotchi\Tamagotchi.X\learn.asm
                column_11   0x001b1a    program     static H:\Tamagotchi\Tamagotchi.X\learn.asm
                column_12   0x001b2a    program     static H:\Tamagotchi\Tamagotchi.X\learn.asm
                column_13   0x001b3a    program     static H:\Tamagotchi\Tamagotchi.X\learn.asm
                column_14   0x001b48    program     static H:\Tamagotchi\Tamagotchi.X\learn.asm
                    row_1   0x001b4a    program     static H:\Tamagotchi\Tamagotchi.X\learn.asm
                column_21   0x001b52    program     static H:\Tamagotchi\Tamagotchi.X\learn.asm
                column_22   0x001b62    program     static H:\Tamagotchi\Tamagotchi.X\learn.asm
                column_23   0x001b72    program     static H:\Tamagotchi\Tamagotchi.X\learn.asm
                column_24   0x001b82    program     static H:\Tamagotchi\Tamagotchi.X\learn.asm
                    row_2   0x001b84    program     static H:\Tamagotchi\Tamagotchi.X\learn.asm
                column_31   0x001b8c    program     static H:\Tamagotchi\Tamagotchi.X\learn.asm
                column_32   0x001b9c    program     static H:\Tamagotchi\Tamagotchi.X\learn.asm
                column_33   0x001bac    program     static H:\Tamagotchi\Tamagotchi.X\learn.asm
                column_34   0x001bbc    program     static H:\Tamagotchi\Tamagotchi.X\learn.asm
                    row_3   0x001bbe    program     static H:\Tamagotchi\Tamagotchi.X\learn.asm
                column_41   0x001bc0    program     static H:\Tamagotchi\Tamagotchi.X\learn.asm
                column_42   0x001bc8    program     static H:\Tamagotchi\Tamagotchi.X\learn.asm
                column_43   0x001bd8    program     static H:\Tamagotchi\Tamagotchi.X\learn.asm
                column_44   0x001be0    program     static H:\Tamagotchi\Tamagotchi.X\learn.asm
              learn_delay   0x001be2    program     static H:\Tamagotchi\Tamagotchi.X\learn.asm
                  delay_1   0x001be6    program     static H:\Tamagotchi\Tamagotchi.X\learn.asm
                 nested_2   0x001bec    program     static H:\Tamagotchi\Tamagotchi.X\learn.asm
                  delay_2   0x001bf0    program     static H:\Tamagotchi\Tamagotchi.X\learn.asm
                 nested_3   0x001bf6    program     static H:\Tamagotchi\Tamagotchi.X\learn.asm
                  delay_3   0x001bfa    program     static H:\Tamagotchi\Tamagotchi.X\learn.asm
  output_PRESS_A_TO_HATCH   0x001c00    program     extern H:\Tamagotchi\Tamagotchi.X\hatch.asm
                     loop   0x001c14    program     static H:\Tamagotchi\Tamagotchi.X\hatch.asm
   output_starting_screen   0x001c22    program     extern H:\Tamagotchi\Tamagotchi.X\hatch.asm
 output_hatching_sequence   0x001c58    program     extern H:\Tamagotchi\Tamagotchi.X\hatch.asm
                  dynamic   0x001c5c    program     static H:\Tamagotchi\Tamagotchi.X\hatch.asm
                egg_blink   0x001c9c    program     static H:\Tamagotchi\Tamagotchi.X\hatch.asm
                    crack   0x001cc0    program     static H:\Tamagotchi\Tamagotchi.X\hatch.asm
              hatch_delay   0x001d02    program     static H:\Tamagotchi\Tamagotchi.X\hatch.asm
                  delay_1   0x001d06    program     static H:\Tamagotchi\Tamagotchi.X\hatch.asm
                 nested_2   0x001d0c    program     static H:\Tamagotchi\Tamagotchi.X\hatch.asm
                  delay_2   0x001d10    program     static H:\Tamagotchi\Tamagotchi.X\hatch.asm
                 nested_3   0x001d16    program     static H:\Tamagotchi\Tamagotchi.X\hatch.asm
                  delay_3   0x001d1a    program     static H:\Tamagotchi\Tamagotchi.X\hatch.asm
                LCD_cnt_l   0x000000       data     static H:\Tamagotchi\Tamagotchi.X\LCD.asm
                LCD_cnt_h   0x000001       data     static H:\Tamagotchi\Tamagotchi.X\LCD.asm
               LCD_cnt_ms   0x000002       data     static H:\Tamagotchi\Tamagotchi.X\LCD.asm
                  LCD_tmp   0x000003       data     static H:\Tamagotchi\Tamagotchi.X\LCD.asm
              LCD_counter   0x000004       data     static H:\Tamagotchi\Tamagotchi.X\LCD.asm
        counter_happiness   0x000005       data     static H:\Tamagotchi\Tamagotchi.X\Tamagotchi.asm
counter_happiness_decrement   0x000006       data     static H:\Tamagotchi\Tamagotchi.X\Tamagotchi.asm
counter_happiness_decrement_2   0x000007       data     static H:\Tamagotchi\Tamagotchi.X\Tamagotchi.asm
counter_happiness_decrement_3   0x000008       data     static H:\Tamagotchi\Tamagotchi.X\Tamagotchi.asm
                life_mode   0x000009       data     static H:\Tamagotchi\Tamagotchi.X\Tamagotchi.asm
             counter_life   0x00000a       data     static H:\Tamagotchi\Tamagotchi.X\Tamagotchi.asm
            delay_count_1   0x00000b       data     static H:\Tamagotchi\Tamagotchi.X\Tamagotchi.asm
            delay_count_2   0x00000c       data     static H:\Tamagotchi\Tamagotchi.X\Tamagotchi.asm
            delay_count_3   0x00000d       data     static H:\Tamagotchi\Tamagotchi.X\Tamagotchi.asm
           lifemode_dance   0x00000e       data     static H:\Tamagotchi\Tamagotchi.X\dance.asm
         delay_counter_d1   0x00000f       data     static H:\Tamagotchi\Tamagotchi.X\dance.asm
         delay_counter_d2   0x000010       data     static H:\Tamagotchi\Tamagotchi.X\dance.asm
         delay_counter_d3   0x000011       data     static H:\Tamagotchi\Tamagotchi.X\dance.asm
       dance_counter_baby   0x000012       data     static H:\Tamagotchi\Tamagotchi.X\dance.asm
    dance_counter_small_1   0x000013       data     static H:\Tamagotchi\Tamagotchi.X\dance.asm
    dance_counter_small_2   0x000014       data     static H:\Tamagotchi\Tamagotchi.X\dance.asm
             wave_counter   0x000015       data     static H:\Tamagotchi\Tamagotchi.X\dance.asm
         delay_counter_h1   0x000016       data     static H:\Tamagotchi\Tamagotchi.X\hatch.asm
         delay_counter_h2   0x000017       data     static H:\Tamagotchi\Tamagotchi.X\hatch.asm
         delay_counter_h3   0x000018       data     static H:\Tamagotchi\Tamagotchi.X\hatch.asm
           counter_output   0x000019       data     static H:\Tamagotchi\Tamagotchi.X\hatch.asm
                  repeats   0x00001a       data     static H:\Tamagotchi\Tamagotchi.X\hatch.asm
              counter_row   0x00001b       data     static H:\Tamagotchi\Tamagotchi.X\learn.asm
           counter_column   0x00001c       data     static H:\Tamagotchi\Tamagotchi.X\learn.asm
           delay_count_l1   0x00001d       data     static H:\Tamagotchi\Tamagotchi.X\learn.asm
           delay_count_l2   0x00001e       data     static H:\Tamagotchi\Tamagotchi.X\learn.asm
           delay_count_l3   0x00001f       data     static H:\Tamagotchi\Tamagotchi.X\learn.asm
     Number_pressed_1_int   0x000020       data     static H:\Tamagotchi\Tamagotchi.X\learn.asm
     Number_pressed_2_int   0x000021       data     static H:\Tamagotchi\Tamagotchi.X\learn.asm
  Number_pressed_1_string   0x000022       data     static H:\Tamagotchi\Tamagotchi.X\learn.asm
  Number_pressed_2_string   0x000023       data     static H:\Tamagotchi\Tamagotchi.X\learn.asm
                  integer   0x000024       data     static H:\Tamagotchi\Tamagotchi.X\learn.asm
                   string   0x000025       data     static H:\Tamagotchi\Tamagotchi.X\learn.asm
                   result   0x000026       data     static H:\Tamagotchi\Tamagotchi.X\learn.asm
                 output_1   0x000027       data     static H:\Tamagotchi\Tamagotchi.X\learn.asm
                 output_2   0x000028       data     static H:\Tamagotchi\Tamagotchi.X\learn.asm
                    count   0x000029       data     static H:\Tamagotchi\Tamagotchi.X\learn.asm
            lifemode_food   0x00002a       data     static H:\Tamagotchi\Tamagotchi.X\food.asm
         delay_counter_f1   0x00002b       data     static H:\Tamagotchi\Tamagotchi.X\food.asm
         delay_counter_f2   0x00002c       data     static H:\Tamagotchi\Tamagotchi.X\food.asm
         delay_counter_f3   0x00002d       data     static H:\Tamagotchi\Tamagotchi.X\food.asm
            flash_counter   0x00002e       data     static H:\Tamagotchi\Tamagotchi.X\food.asm
          counter_flash_1   0x00002f       data     static H:\Tamagotchi\Tamagotchi.X\food.asm
          counter_flash_2   0x000030       data     static H:\Tamagotchi\Tamagotchi.X\food.asm
            counter_blank   0x000031       data     static H:\Tamagotchi\Tamagotchi.X\food.asm
             food_counter   0x000032       data     static H:\Tamagotchi\Tamagotchi.X\food.asm
                  myArray   0x000400       data     static H:\Tamagotchi\Tamagotchi.X\Tamagotchi.asm
              counter_row   0x000480       data     static H:\Tamagotchi\Tamagotchi.X\Tamagotchi.asm
           counter_column   0x000481       data     static H:\Tamagotchi\Tamagotchi.X\Tamagotchi.asm
              Key_Pressed   0x000482       data     static H:\Tamagotchi\Tamagotchi.X\Tamagotchi.asm


