MPLINK 5.09, LINKER
Linker Map File - Created Thu Feb 20 11:38:09 2020

                                 Section Info
                  Section       Type    Address   Location Size(Bytes)
                ---------  ---------  ---------  ---------  ---------
                   .org_0       code   0x000000    program   0x000004
                   .cinit    romdata   0x000004    program   0x000002
                   sleepy       code   0x000006    program   0x000074
                    fdata       code   0x00007a    program   0x00002a
                    pdata       code   0x0000a4    program   0x000010
                     ball       code   0x0000b4    program   0x000002
                   .org_1       code   0x000100    program   0x0003b2
                      LCD       code   0x0004b2    program   0x000b96
                    learn       code   0x001048    program   0x0004ce
                    dance       code   0x001516    program   0x000494
                     Food       code   0x0019aa    program   0x0003d2
                    Hatch       code   0x001d7c    program   0x000120
.config_300000_BUILD/DEFAULT/PRODUCTION/CONFIG.    romdata   0x300000    program   0x000001
.config_300001_BUILD/DEFAULT/PRODUCTION/CONFIG.    romdata   0x300001    program   0x000001
.config_300002_BUILD/DEFAULT/PRODUCTION/CONFIG.    romdata   0x300002    program   0x000001
.config_300003_BUILD/DEFAULT/PRODUCTION/CONFIG.    romdata   0x300003    program   0x000001
.config_300004_BUILD/DEFAULT/PRODUCTION/CONFIG.    romdata   0x300004    program   0x000001
.config_300005_BUILD/DEFAULT/PRODUCTION/CONFIG.    romdata   0x300005    program   0x000001
.config_300006_BUILD/DEFAULT/PRODUCTION/CONFIG.    romdata   0x300006    program   0x000001
.config_300008_BUILD/DEFAULT/PRODUCTION/CONFIG.    romdata   0x300008    program   0x000001
.config_300009_BUILD/DEFAULT/PRODUCTION/CONFIG.    romdata   0x300009    program   0x000001
.config_30000A_BUILD/DEFAULT/PRODUCTION/CONFIG.    romdata   0x30000a    program   0x000001
.config_30000B_BUILD/DEFAULT/PRODUCTION/CONFIG.    romdata   0x30000b    program   0x000001
.config_30000C_BUILD/DEFAULT/PRODUCTION/CONFIG.    romdata   0x30000c    program   0x000001
.config_30000D_BUILD/DEFAULT/PRODUCTION/CONFIG.    romdata   0x30000d    program   0x000001
                     acs0      udata   0x000000       data   0x00001b
                     acs3      udata   0x00001b       data   0x000015
                     acs1      udata   0x000030       data   0x000009
                     acs5      udata   0x000039       data   0x000004
                   tables      udata   0x000400       data   0x0000c2



                              Program Memory Usage 
                               Start         End      
                           ---------   ---------      
                            0x000000    0x0000b5      
                            0x000100    0x001e9b      
                            0x300000    0x300006      
                            0x300008    0x30000d      
            7775 out of 132120 program addresses used, program memory utilization is 5%



                              Symbols - Sorted by Name
                     Name    Address   Location    Storage File                     
                ---------  ---------  ---------  --------- ---------                
                     BABY   0x00186c    program     static H:\Tamagotchi\Tamagotchi.X\dance.asm
                     BABY   0x00073a    program     extern H:\Tamagotchi\Tamagotchi.X\LCD.asm
                BALL_GAME   0x0000b4    program     extern H:\Tamagotchi\Tamagotchi.X\ballgame.asm
                   BOUNCE   0x001540    program     static H:\Tamagotchi\Tamagotchi.X\dance.asm
          CHECK_A_PRESSED   0x000168    program     static H:\Tamagotchi\Tamagotchi.X\Tamagotchi.asm
          CHECK_B_PRESSED   0x000170    program     static H:\Tamagotchi\Tamagotchi.X\Tamagotchi.asm
          CHECK_C_PRESSED   0x00017e    program     static H:\Tamagotchi\Tamagotchi.X\Tamagotchi.asm
          CHECK_D_PRESSED   0x000194    program     static H:\Tamagotchi\Tamagotchi.X\Tamagotchi.asm
          CHECK_E_PRESSED   0x0001aa    program     static H:\Tamagotchi\Tamagotchi.X\Tamagotchi.asm
          CHECK_F_PRESSED   0x0001c0    program     static H:\Tamagotchi\Tamagotchi.X\Tamagotchi.asm
             CHECK_GROWTH   0x001b20    program     static H:\Tamagotchi\Tamagotchi.X\food.asm
          CHECK_LAST_LIFE   0x00039e    program     static H:\Tamagotchi\Tamagotchi.X\Tamagotchi.asm
                    DANCE   0x00183e    program     extern H:\Tamagotchi\Tamagotchi.X\dance.asm
                  DBALL_1   0x001516    program     static H:\Tamagotchi\Tamagotchi.X\dance.asm
                  DBALL_2   0x001524    program     static H:\Tamagotchi\Tamagotchi.X\dance.asm
              DBALL_CLEAR   0x001532    program     static H:\Tamagotchi\Tamagotchi.X\dance.asm
                    DEATH   0x0003e2    program     static H:\Tamagotchi\Tamagotchi.X\Tamagotchi.asm
                  DISCO_1   0x000ec4    program     extern H:\Tamagotchi\Tamagotchi.X\LCD.asm
                  DISCO_2   0x000f86    program     extern H:\Tamagotchi\Tamagotchi.X\LCD.asm
                      EGG   0x0005ba    program     static H:\Tamagotchi\Tamagotchi.X\LCD.asm
                     FOOD   0x001a0a    program     extern H:\Tamagotchi\Tamagotchi.X\food.asm
             FOOD_ANIMATE   0x001a10    program     static H:\Tamagotchi\Tamagotchi.X\food.asm
               FOOD_Setup   0x0019aa    program     extern H:\Tamagotchi\Tamagotchi.X\food.asm
                GAME_MODE   0x00015e    program     static H:\Tamagotchi\Tamagotchi.X\Tamagotchi.asm
                    GHOST   0x000bbc    program     extern H:\Tamagotchi\Tamagotchi.X\LCD.asm
                   GROWTH   0x001b3e    program     static H:\Tamagotchi\Tamagotchi.X\food.asm
           GROWTH_ANIMATE   0x001b42    program     static H:\Tamagotchi\Tamagotchi.X\food.asm
                HAPPINESS   0x000354    program     static H:\Tamagotchi\Tamagotchi.X\Tamagotchi.asm
                    HAPPY   0x000368    program     static H:\Tamagotchi\Tamagotchi.X\Tamagotchi.asm
                    HEART   0x00067a    program     static H:\Tamagotchi\Tamagotchi.X\LCD.asm
                     HOPS   0x001582    program     static H:\Tamagotchi\Tamagotchi.X\dance.asm
                 Keyboard   0x0001e4    program     static H:\Tamagotchi\Tamagotchi.X\Tamagotchi.asm
           Keyboard_Setup   0x0001d8    program     static H:\Tamagotchi\Tamagotchi.X\Tamagotchi.asm
                    LARGE   0x001932    program     static H:\Tamagotchi\Tamagotchi.X\dance.asm
             LARGE_RABBIT   0x000e02    program     extern H:\Tamagotchi\Tamagotchi.X\LCD.asm
               LCD_Enable   0x000550    program     static H:\Tamagotchi\Tamagotchi.X\LCD.asm
         LCD_Loop_message   0x000506    program     static H:\Tamagotchi\Tamagotchi.X\LCD.asm
          LCD_Send_Byte_D   0x00052e    program     extern H:\Tamagotchi\Tamagotchi.X\LCD.asm
          LCD_Send_Byte_I   0x000512    program     static H:\Tamagotchi\Tamagotchi.X\LCD.asm
                LCD_Setup   0x0004b2    program     extern H:\Tamagotchi\Tamagotchi.X\LCD.asm
        LCD_Write_Message   0x000504    program     extern H:\Tamagotchi\Tamagotchi.X\LCD.asm
                LCD_clear   0x0005a0    program     extern H:\Tamagotchi\Tamagotchi.X\LCD.asm
LCD_custom_character_set_EGG   0x0005ba    program     extern H:\Tamagotchi\Tamagotchi.X\LCD.asm
                LCD_delay   0x000596    program     static H:\Tamagotchi\Tamagotchi.X\LCD.asm
             LCD_delay_ms   0x000574    program     static H:\Tamagotchi\Tamagotchi.X\LCD.asm
           LCD_delay_x4us   0x000582    program     static H:\Tamagotchi\Tamagotchi.X\LCD.asm
                LCD_shift   0x0005ae    program     extern H:\Tamagotchi\Tamagotchi.X\LCD.asm
                    LEARN   0x001048    program     extern H:\Tamagotchi\Tamagotchi.X\learn.asm
                     LIFE   0x000392    program     static H:\Tamagotchi\Tamagotchi.X\Tamagotchi.asm
                   Line_0   0x0000a4    program     static H:\Tamagotchi\Tamagotchi.X\hatch.asm
                     MAIN   0x000114    program     static H:\Tamagotchi\Tamagotchi.X\Tamagotchi.asm
                   MEDIUM   0x0018f0    program     static H:\Tamagotchi\Tamagotchi.X\dance.asm
            MEDIUM_RABBIT   0x000d40    program     extern H:\Tamagotchi\Tamagotchi.X\LCD.asm
                     MOON   0x0008ba    program     extern H:\Tamagotchi\Tamagotchi.X\LCD.asm
                  NEUTRAL   0x000a3a    program     static H:\Tamagotchi\Tamagotchi.X\LCD.asm
                  NEUTRAL   0x000376    program     static H:\Tamagotchi\Tamagotchi.X\Tamagotchi.asm
                 NEW_FORM   0x001d12    program     static H:\Tamagotchi\Tamagotchi.X\food.asm
                Numberpad   0x001386    program     static H:\Tamagotchi\Tamagotchi.X\learn.asm
            ONE_LIFE_LEFT   0x0003c4    program     static H:\Tamagotchi\Tamagotchi.X\Tamagotchi.asm
         PRESS_A_TO_HATCH   0x00011e    program     static H:\Tamagotchi\Tamagotchi.X\Tamagotchi.asm
                      SAD   0x000afa    program     static H:\Tamagotchi\Tamagotchi.X\LCD.asm
                      SAD   0x000384    program     static H:\Tamagotchi\Tamagotchi.X\Tamagotchi.asm
                   SLEEPY   0x000006    program     extern H:\Tamagotchi\Tamagotchi.X\sleepy.asm
                    SMALL   0x0018a2    program     static H:\Tamagotchi\Tamagotchi.X\dance.asm
             SMALL_RABBIT   0x000c7e    program     extern H:\Tamagotchi\Tamagotchi.X\LCD.asm
                   SMILEY   0x00097a    program     static H:\Tamagotchi\Tamagotchi.X\LCD.asm
                      SUN   0x0007fa    program     static H:\Tamagotchi\Tamagotchi.X\LCD.asm
           TWO_LIVES_LEFT   0x0003a6    program     static H:\Tamagotchi\Tamagotchi.X\Tamagotchi.asm
                     WAVE   0x001784    program     static H:\Tamagotchi\Tamagotchi.X\dance.asm
                     back   0x001b3a    program     static H:\Tamagotchi\Tamagotchi.X\food.asm
               blank_line   0x000096    program     static H:\Tamagotchi\Tamagotchi.X\food.asm
                     c_11   0x0011ea    program     static H:\Tamagotchi\Tamagotchi.X\learn.asm
                     c_12   0x0011fa    program     static H:\Tamagotchi\Tamagotchi.X\learn.asm
                     c_13   0x00120a    program     static H:\Tamagotchi\Tamagotchi.X\learn.asm
                     c_14   0x00121a    program     static H:\Tamagotchi\Tamagotchi.X\learn.asm
                     c_15   0x00122a    program     static H:\Tamagotchi\Tamagotchi.X\learn.asm
                     c_16   0x00123a    program     static H:\Tamagotchi\Tamagotchi.X\learn.asm
                     c_17   0x00124a    program     static H:\Tamagotchi\Tamagotchi.X\learn.asm
                     c_18   0x00125a    program     static H:\Tamagotchi\Tamagotchi.X\learn.asm
                     c_1s   0x00129a    program     static H:\Tamagotchi\Tamagotchi.X\learn.asm
                     c_2s   0x0012a6    program     static H:\Tamagotchi\Tamagotchi.X\learn.asm
                     c_3s   0x0012b2    program     static H:\Tamagotchi\Tamagotchi.X\learn.asm
                     c_4s   0x0012be    program     static H:\Tamagotchi\Tamagotchi.X\learn.asm
                     c_5s   0x0012ca    program     static H:\Tamagotchi\Tamagotchi.X\learn.asm
                     c_6s   0x0012d6    program     static H:\Tamagotchi\Tamagotchi.X\learn.asm
                     c_7s   0x0012e2    program     static H:\Tamagotchi\Tamagotchi.X\learn.asm
                     c_8s   0x0012ee    program     static H:\Tamagotchi\Tamagotchi.X\learn.asm
                     c_9s   0x0012fa    program     static H:\Tamagotchi\Tamagotchi.X\learn.asm
                calculate   0x001180    program     static H:\Tamagotchi\Tamagotchi.X\learn.asm
                  check_1   0x00185c    program     static H:\Tamagotchi\Tamagotchi.X\dance.asm
                  check_1   0x00020e    program     static H:\Tamagotchi\Tamagotchi.X\Tamagotchi.asm
                  check_1   0x0013c6    program     static H:\Tamagotchi\Tamagotchi.X\learn.asm
                  check_2   0x0013d0    program     static H:\Tamagotchi\Tamagotchi.X\learn.asm
                  check_2   0x001864    program     static H:\Tamagotchi\Tamagotchi.X\dance.asm
                  check_2   0x001b20    program     static H:\Tamagotchi\Tamagotchi.X\food.asm
                  check_2   0x000218    program     static H:\Tamagotchi\Tamagotchi.X\Tamagotchi.asm
                  check_3   0x000222    program     static H:\Tamagotchi\Tamagotchi.X\Tamagotchi.asm
                  check_3   0x0013da    program     static H:\Tamagotchi\Tamagotchi.X\learn.asm
                  check_4   0x001b2a    program     static H:\Tamagotchi\Tamagotchi.X\food.asm
                  check_5   0x001402    program     static H:\Tamagotchi\Tamagotchi.X\learn.asm
                  check_5   0x00024a    program     static H:\Tamagotchi\Tamagotchi.X\Tamagotchi.asm
                  check_6   0x00140c    program     static H:\Tamagotchi\Tamagotchi.X\learn.asm
                  check_6   0x001b32    program     static H:\Tamagotchi\Tamagotchi.X\food.asm
                  check_6   0x000254    program     static H:\Tamagotchi\Tamagotchi.X\Tamagotchi.asm
                  check_7   0x00025e    program     static H:\Tamagotchi\Tamagotchi.X\Tamagotchi.asm
                  check_7   0x001416    program     static H:\Tamagotchi\Tamagotchi.X\learn.asm
      check_double_result   0x0011da    program     static H:\Tamagotchi\Tamagotchi.X\learn.asm
             check_medium   0x001d1a    program     static H:\Tamagotchi\Tamagotchi.X\food.asm
      check_single_result   0x00128e    program     static H:\Tamagotchi\Tamagotchi.X\learn.asm
                   column   0x0001ea    program     static H:\Tamagotchi\Tamagotchi.X\Tamagotchi.asm
                   column   0x001390    program     static H:\Tamagotchi\Tamagotchi.X\learn.asm
                column_11   0x000278    program     static H:\Tamagotchi\Tamagotchi.X\Tamagotchi.asm
                column_11   0x001430    program     static H:\Tamagotchi\Tamagotchi.X\learn.asm
                column_12   0x000282    program     static H:\Tamagotchi\Tamagotchi.X\Tamagotchi.asm
                column_12   0x001440    program     static H:\Tamagotchi\Tamagotchi.X\learn.asm
                column_13   0x00028c    program     static H:\Tamagotchi\Tamagotchi.X\Tamagotchi.asm
                column_13   0x001450    program     static H:\Tamagotchi\Tamagotchi.X\learn.asm
                column_14   0x000296    program     static H:\Tamagotchi\Tamagotchi.X\Tamagotchi.asm
                column_14   0x00145e    program     static H:\Tamagotchi\Tamagotchi.X\learn.asm
                column_21   0x0002a2    program     static H:\Tamagotchi\Tamagotchi.X\Tamagotchi.asm
                column_21   0x001468    program     static H:\Tamagotchi\Tamagotchi.X\learn.asm
                column_22   0x001478    program     static H:\Tamagotchi\Tamagotchi.X\learn.asm
                column_22   0x0002ac    program     static H:\Tamagotchi\Tamagotchi.X\Tamagotchi.asm
                column_23   0x001488    program     static H:\Tamagotchi\Tamagotchi.X\learn.asm
                column_23   0x0002b6    program     static H:\Tamagotchi\Tamagotchi.X\Tamagotchi.asm
                column_24   0x001498    program     static H:\Tamagotchi\Tamagotchi.X\learn.asm
                column_24   0x0002c0    program     static H:\Tamagotchi\Tamagotchi.X\Tamagotchi.asm
                column_31   0x0014a2    program     static H:\Tamagotchi\Tamagotchi.X\learn.asm
                column_31   0x0002cc    program     static H:\Tamagotchi\Tamagotchi.X\Tamagotchi.asm
                column_32   0x0014b2    program     static H:\Tamagotchi\Tamagotchi.X\learn.asm
                column_32   0x0002d6    program     static H:\Tamagotchi\Tamagotchi.X\Tamagotchi.asm
                column_33   0x0014c2    program     static H:\Tamagotchi\Tamagotchi.X\learn.asm
                column_33   0x0002e0    program     static H:\Tamagotchi\Tamagotchi.X\Tamagotchi.asm
                column_34   0x0002ea    program     static H:\Tamagotchi\Tamagotchi.X\Tamagotchi.asm
                column_34   0x0014d2    program     static H:\Tamagotchi\Tamagotchi.X\learn.asm
                column_41   0x0002f0    program     static H:\Tamagotchi\Tamagotchi.X\Tamagotchi.asm
                column_41   0x0014d6    program     static H:\Tamagotchi\Tamagotchi.X\learn.asm
                column_42   0x0002fa    program     static H:\Tamagotchi\Tamagotchi.X\Tamagotchi.asm
                column_42   0x0014de    program     static H:\Tamagotchi\Tamagotchi.X\learn.asm
                column_43   0x000304    program     static H:\Tamagotchi\Tamagotchi.X\Tamagotchi.asm
                column_43   0x0014ee    program     static H:\Tamagotchi\Tamagotchi.X\learn.asm
                column_44   0x00030e    program     static H:\Tamagotchi\Tamagotchi.X\Tamagotchi.asm
                column_44   0x0014f6    program     static H:\Tamagotchi\Tamagotchi.X\learn.asm
                 continue   0x0013bc    program     static H:\Tamagotchi\Tamagotchi.X\learn.asm
                      cr0   0x00109c    program     static H:\Tamagotchi\Tamagotchi.X\learn.asm
                      cr1   0x0010a8    program     static H:\Tamagotchi\Tamagotchi.X\learn.asm
                      cr2   0x0010b4    program     static H:\Tamagotchi\Tamagotchi.X\learn.asm
                     cr20   0x00110e    program     static H:\Tamagotchi\Tamagotchi.X\learn.asm
                     cr21   0x00111a    program     static H:\Tamagotchi\Tamagotchi.X\learn.asm
                     cr22   0x001126    program     static H:\Tamagotchi\Tamagotchi.X\learn.asm
                     cr23   0x001132    program     static H:\Tamagotchi\Tamagotchi.X\learn.asm
                     cr24   0x00113e    program     static H:\Tamagotchi\Tamagotchi.X\learn.asm
                     cr25   0x00114a    program     static H:\Tamagotchi\Tamagotchi.X\learn.asm
                     cr26   0x001156    program     static H:\Tamagotchi\Tamagotchi.X\learn.asm
                     cr27   0x001162    program     static H:\Tamagotchi\Tamagotchi.X\learn.asm
                     cr28   0x00116e    program     static H:\Tamagotchi\Tamagotchi.X\learn.asm
                     cr29   0x00117a    program     static H:\Tamagotchi\Tamagotchi.X\learn.asm
                      cr3   0x0010c0    program     static H:\Tamagotchi\Tamagotchi.X\learn.asm
                      cr4   0x0010cc    program     static H:\Tamagotchi\Tamagotchi.X\learn.asm
                      cr5   0x0010d8    program     static H:\Tamagotchi\Tamagotchi.X\learn.asm
                      cr6   0x0010e4    program     static H:\Tamagotchi\Tamagotchi.X\learn.asm
                      cr7   0x0010f0    program     static H:\Tamagotchi\Tamagotchi.X\learn.asm
                      cr8   0x0010fc    program     static H:\Tamagotchi\Tamagotchi.X\learn.asm
                      cr9   0x001108    program     static H:\Tamagotchi\Tamagotchi.X\learn.asm
                    crack   0x001e3c    program     static H:\Tamagotchi\Tamagotchi.X\hatch.asm
              dance_delay   0x00198c    program     static H:\Tamagotchi\Tamagotchi.X\dance.asm
                      dch   0x000312    program     static H:\Tamagotchi\Tamagotchi.X\Tamagotchi.asm
                     dch1   0x00031a    program     static H:\Tamagotchi\Tamagotchi.X\Tamagotchi.asm
                     dch2   0x000324    program     static H:\Tamagotchi\Tamagotchi.X\Tamagotchi.asm
                     dch3   0x00032a    program     static H:\Tamagotchi\Tamagotchi.X\Tamagotchi.asm
                     dch4   0x000330    program     static H:\Tamagotchi\Tamagotchi.X\Tamagotchi.asm
                     dch5   0x000336    program     static H:\Tamagotchi\Tamagotchi.X\Tamagotchi.asm
                   decode   0x001426    program     static H:\Tamagotchi\Tamagotchi.X\learn.asm
                   decode   0x00026e    program     static H:\Tamagotchi\Tamagotchi.X\Tamagotchi.asm
                    delay   0x000494    program     static H:\Tamagotchi\Tamagotchi.X\Tamagotchi.asm
                    delay   0x001420    program     static H:\Tamagotchi\Tamagotchi.X\learn.asm
                  delay_1   0x000060    program     static H:\Tamagotchi\Tamagotchi.X\sleepy.asm
                  delay_1   0x001e82    program     static H:\Tamagotchi\Tamagotchi.X\hatch.asm
                  delay_1   0x000498    program     static H:\Tamagotchi\Tamagotchi.X\Tamagotchi.asm
                  delay_1   0x001d62    program     static H:\Tamagotchi\Tamagotchi.X\food.asm
                  delay_1   0x0014fc    program     static H:\Tamagotchi\Tamagotchi.X\learn.asm
                  delay_1   0x001990    program     static H:\Tamagotchi\Tamagotchi.X\dance.asm
                  delay_2   0x00199a    program     static H:\Tamagotchi\Tamagotchi.X\dance.asm
                  delay_2   0x001d6c    program     static H:\Tamagotchi\Tamagotchi.X\food.asm
                  delay_2   0x001506    program     static H:\Tamagotchi\Tamagotchi.X\learn.asm
                  delay_2   0x001e8c    program     static H:\Tamagotchi\Tamagotchi.X\hatch.asm
                  delay_2   0x0004a2    program     static H:\Tamagotchi\Tamagotchi.X\Tamagotchi.asm
                  delay_2   0x00006a    program     static H:\Tamagotchi\Tamagotchi.X\sleepy.asm
                  delay_3   0x001e96    program     static H:\Tamagotchi\Tamagotchi.X\hatch.asm
                  delay_3   0x001d76    program     static H:\Tamagotchi\Tamagotchi.X\food.asm
                  delay_3   0x0019a4    program     static H:\Tamagotchi\Tamagotchi.X\dance.asm
                  delay_3   0x0004ac    program     static H:\Tamagotchi\Tamagotchi.X\Tamagotchi.asm
                  delay_3   0x001510    program     static H:\Tamagotchi\Tamagotchi.X\learn.asm
                  delay_3   0x000074    program     static H:\Tamagotchi\Tamagotchi.X\sleepy.asm
                  delay_k   0x000268    program     static H:\Tamagotchi\Tamagotchi.X\Tamagotchi.asm
             double_input   0x0011a8    program     static H:\Tamagotchi\Tamagotchi.X\learn.asm
                  dynamic   0x001dd8    program     static H:\Tamagotchi\Tamagotchi.X\hatch.asm
                egg_blink   0x001e18    program     static H:\Tamagotchi\Tamagotchi.X\hatch.asm
                 finished   0x0004b2    program     static H:\Tamagotchi\Tamagotchi.X\Tamagotchi.asm
             flash_line_1   0x00007a    program     static H:\Tamagotchi\Tamagotchi.X\food.asm
             flash_line_2   0x000088    program     static H:\Tamagotchi\Tamagotchi.X\food.asm
                  flashes   0x001cc2    program     static H:\Tamagotchi\Tamagotchi.X\food.asm
               food_delay   0x001d5e    program     static H:\Tamagotchi\Tamagotchi.X\food.asm
                  guessed   0x0011a0    program     static H:\Tamagotchi\Tamagotchi.X\learn.asm
              hatch_delay   0x001e7e    program     static H:\Tamagotchi\Tamagotchi.X\hatch.asm
                     hops   0x0018ca    program     static H:\Tamagotchi\Tamagotchi.X\dance.asm
                    large   0x001d4a    program     static H:\Tamagotchi\Tamagotchi.X\food.asm
                   lcdlp1   0x000598    program     static H:\Tamagotchi\Tamagotchi.X\LCD.asm
                   lcdlp2   0x000576    program     static H:\Tamagotchi\Tamagotchi.X\LCD.asm
                    learn   0x00106c    program     static H:\Tamagotchi\Tamagotchi.X\learn.asm
              learn_delay   0x0014f8    program     static H:\Tamagotchi\Tamagotchi.X\learn.asm
                     loop   0x001d90    program     static H:\Tamagotchi\Tamagotchi.X\hatch.asm
                    loopb   0x0019fc    program     static H:\Tamagotchi\Tamagotchi.X\food.asm
                   loopf1   0x0019c0    program     static H:\Tamagotchi\Tamagotchi.X\food.asm
                   loopf2   0x0019de    program     static H:\Tamagotchi\Tamagotchi.X\food.asm
                   medium   0x001d36    program     static H:\Tamagotchi\Tamagotchi.X\food.asm
                 nested_2   0x00049e    program     static H:\Tamagotchi\Tamagotchi.X\Tamagotchi.asm
                 nested_2   0x001d68    program     static H:\Tamagotchi\Tamagotchi.X\food.asm
                 nested_2   0x001502    program     static H:\Tamagotchi\Tamagotchi.X\learn.asm
                 nested_2   0x001996    program     static H:\Tamagotchi\Tamagotchi.X\dance.asm
                 nested_2   0x001e88    program     static H:\Tamagotchi\Tamagotchi.X\hatch.asm
                 nested_2   0x000066    program     static H:\Tamagotchi\Tamagotchi.X\sleepy.asm
                 nested_3   0x0004a8    program     static H:\Tamagotchi\Tamagotchi.X\Tamagotchi.asm
                 nested_3   0x001d72    program     static H:\Tamagotchi\Tamagotchi.X\food.asm
                 nested_3   0x001e92    program     static H:\Tamagotchi\Tamagotchi.X\hatch.asm
                 nested_3   0x000070    program     static H:\Tamagotchi\Tamagotchi.X\sleepy.asm
                 nested_3   0x0019a0    program     static H:\Tamagotchi\Tamagotchi.X\dance.asm
                 nested_3   0x00150c    program     static H:\Tamagotchi\Tamagotchi.X\learn.asm
  output_PRESS_A_TO_HATCH   0x001d7c    program     extern H:\Tamagotchi\Tamagotchi.X\hatch.asm
             output_blank   0x0019ec    program     static H:\Tamagotchi\Tamagotchi.X\food.asm
            output_double   0x001264    program     static H:\Tamagotchi\Tamagotchi.X\learn.asm
           output_flash_1   0x0019b0    program     static H:\Tamagotchi\Tamagotchi.X\food.asm
           output_flash_2   0x0019ce    program     static H:\Tamagotchi\Tamagotchi.X\food.asm
 output_hatching_sequence   0x001dd4    program     extern H:\Tamagotchi\Tamagotchi.X\hatch.asm
            output_single   0x001300    program     static H:\Tamagotchi\Tamagotchi.X\learn.asm
   output_starting_screen   0x001d9e    program     extern H:\Tamagotchi\Tamagotchi.X\hatch.asm
              read_column   0x0013f8    program     static H:\Tamagotchi\Tamagotchi.X\learn.asm
              read_column   0x000240    program     static H:\Tamagotchi\Tamagotchi.X\Tamagotchi.asm
                 read_row   0x000204    program     static H:\Tamagotchi\Tamagotchi.X\Tamagotchi.asm
                 read_row   0x0013aa    program     static H:\Tamagotchi\Tamagotchi.X\learn.asm
                    right   0x00133e    program     static H:\Tamagotchi\Tamagotchi.X\learn.asm
                    row_1   0x001460    program     static H:\Tamagotchi\Tamagotchi.X\learn.asm
                    row_1   0x00029a    program     static H:\Tamagotchi\Tamagotchi.X\Tamagotchi.asm
                    row_2   0x00149a    program     static H:\Tamagotchi\Tamagotchi.X\learn.asm
                    row_2   0x0002c4    program     static H:\Tamagotchi\Tamagotchi.X\Tamagotchi.asm
                    row_3   0x0002ee    program     static H:\Tamagotchi\Tamagotchi.X\Tamagotchi.asm
                    row_3   0x0014d4    program     static H:\Tamagotchi\Tamagotchi.X\learn.asm
                      rst   0x0013b6    program     static H:\Tamagotchi\Tamagotchi.X\learn.asm
                    setup   0x000100    program     static H:\Tamagotchi\Tamagotchi.X\Tamagotchi.asm
             setup_column   0x0013e4    program     static H:\Tamagotchi\Tamagotchi.X\learn.asm
             setup_column   0x00022c    program     static H:\Tamagotchi\Tamagotchi.X\Tamagotchi.asm
                setup_row   0x0001f0    program     static H:\Tamagotchi\Tamagotchi.X\Tamagotchi.asm
                setup_row   0x001396    program     static H:\Tamagotchi\Tamagotchi.X\learn.asm
             single_input   0x001272    program     static H:\Tamagotchi\Tamagotchi.X\learn.asm
             sleepy_delay   0x00005c    program     static H:\Tamagotchi\Tamagotchi.X\sleepy.asm
                    small   0x001d22    program     static H:\Tamagotchi\Tamagotchi.X\food.asm
                     wave   0x001788    program     static H:\Tamagotchi\Tamagotchi.X\dance.asm
                    wrong   0x001308    program     static H:\Tamagotchi\Tamagotchi.X\learn.asm
                        z   0x000016    program     static H:\Tamagotchi\Tamagotchi.X\sleepy.asm
              Key_Pressed   0x000482       data     static H:\Tamagotchi\Tamagotchi.X\Tamagotchi.asm
                LCD_cnt_h   0x000001       data     static H:\Tamagotchi\Tamagotchi.X\LCD.asm
                LCD_cnt_l   0x000000       data     static H:\Tamagotchi\Tamagotchi.X\LCD.asm
               LCD_cnt_ms   0x000002       data     static H:\Tamagotchi\Tamagotchi.X\LCD.asm
              LCD_counter   0x000004       data     static H:\Tamagotchi\Tamagotchi.X\LCD.asm
                  LCD_tmp   0x000003       data     static H:\Tamagotchi\Tamagotchi.X\LCD.asm
     Number_pressed_1_int   0x000020       data     static H:\Tamagotchi\Tamagotchi.X\learn.asm
  Number_pressed_1_string   0x000022       data     static H:\Tamagotchi\Tamagotchi.X\learn.asm
     Number_pressed_2_int   0x000021       data     static H:\Tamagotchi\Tamagotchi.X\learn.asm
  Number_pressed_2_string   0x000023       data     static H:\Tamagotchi\Tamagotchi.X\learn.asm
                    count   0x00002f       data     static H:\Tamagotchi\Tamagotchi.X\learn.asm
            counter_blank   0x000037       data     static H:\Tamagotchi\Tamagotchi.X\food.asm
           counter_column   0x00001c       data     static H:\Tamagotchi\Tamagotchi.X\learn.asm
           counter_column   0x000481       data     static H:\Tamagotchi\Tamagotchi.X\Tamagotchi.asm
          counter_flash_1   0x000035       data     static H:\Tamagotchi\Tamagotchi.X\food.asm
          counter_flash_2   0x000036       data     static H:\Tamagotchi\Tamagotchi.X\food.asm
        counter_happiness   0x000005       data     static H:\Tamagotchi\Tamagotchi.X\Tamagotchi.asm
counter_happiness_decrement   0x000006       data     static H:\Tamagotchi\Tamagotchi.X\Tamagotchi.asm
counter_happiness_decrement_2   0x000007       data     static H:\Tamagotchi\Tamagotchi.X\Tamagotchi.asm
counter_happiness_decrement_3   0x000008       data     static H:\Tamagotchi\Tamagotchi.X\Tamagotchi.asm
             counter_life   0x00000a       data     static H:\Tamagotchi\Tamagotchi.X\Tamagotchi.asm
           counter_output   0x000019       data     static H:\Tamagotchi\Tamagotchi.X\hatch.asm
              counter_row   0x00001b       data     static H:\Tamagotchi\Tamagotchi.X\learn.asm
              counter_row   0x000480       data     static H:\Tamagotchi\Tamagotchi.X\Tamagotchi.asm
       dance_counter_baby   0x000012       data     static H:\Tamagotchi\Tamagotchi.X\dance.asm
    dance_counter_small_1   0x000013       data     static H:\Tamagotchi\Tamagotchi.X\dance.asm
    dance_counter_small_2   0x000014       data     static H:\Tamagotchi\Tamagotchi.X\dance.asm
            delay_count_1   0x00000b       data     static H:\Tamagotchi\Tamagotchi.X\Tamagotchi.asm
            delay_count_2   0x00000c       data     static H:\Tamagotchi\Tamagotchi.X\Tamagotchi.asm
            delay_count_3   0x00000d       data     static H:\Tamagotchi\Tamagotchi.X\Tamagotchi.asm
           delay_count_l1   0x00001d       data     static H:\Tamagotchi\Tamagotchi.X\learn.asm
           delay_count_l2   0x00001e       data     static H:\Tamagotchi\Tamagotchi.X\learn.asm
           delay_count_l3   0x00001f       data     static H:\Tamagotchi\Tamagotchi.X\learn.asm
           delay_count_s1   0x00003a       data     static H:\Tamagotchi\Tamagotchi.X\sleepy.asm
           delay_count_s2   0x00003b       data     static H:\Tamagotchi\Tamagotchi.X\sleepy.asm
           delay_count_s3   0x00003c       data     static H:\Tamagotchi\Tamagotchi.X\sleepy.asm
         delay_counter_d1   0x00000f       data     static H:\Tamagotchi\Tamagotchi.X\dance.asm
         delay_counter_d2   0x000010       data     static H:\Tamagotchi\Tamagotchi.X\dance.asm
         delay_counter_d3   0x000011       data     static H:\Tamagotchi\Tamagotchi.X\dance.asm
         delay_counter_f1   0x000031       data     static H:\Tamagotchi\Tamagotchi.X\food.asm
         delay_counter_f2   0x000032       data     static H:\Tamagotchi\Tamagotchi.X\food.asm
         delay_counter_f3   0x000033       data     static H:\Tamagotchi\Tamagotchi.X\food.asm
         delay_counter_h1   0x000016       data     static H:\Tamagotchi\Tamagotchi.X\hatch.asm
         delay_counter_h2   0x000017       data     static H:\Tamagotchi\Tamagotchi.X\hatch.asm
         delay_counter_h3   0x000018       data     static H:\Tamagotchi\Tamagotchi.X\hatch.asm
            flash_counter   0x000034       data     static H:\Tamagotchi\Tamagotchi.X\food.asm
             food_counter   0x000038       data     static H:\Tamagotchi\Tamagotchi.X\food.asm
                    guess   0x000028       data     static H:\Tamagotchi\Tamagotchi.X\learn.asm
                  guess_1   0x000029       data     static H:\Tamagotchi\Tamagotchi.X\learn.asm
              guess_1_str   0x00002d       data     static H:\Tamagotchi\Tamagotchi.X\learn.asm
                  guess_2   0x00002a       data     static H:\Tamagotchi\Tamagotchi.X\learn.asm
              guess_2_str   0x00002e       data     static H:\Tamagotchi\Tamagotchi.X\learn.asm
                  integer   0x000024       data     static H:\Tamagotchi\Tamagotchi.X\learn.asm
                life_mode   0x000009       data     static H:\Tamagotchi\Tamagotchi.X\Tamagotchi.asm
           lifemode_dance   0x00000e       data     static H:\Tamagotchi\Tamagotchi.X\dance.asm
            lifemode_food   0x000030       data     static H:\Tamagotchi\Tamagotchi.X\food.asm
                     loop   0x000039       data     static H:\Tamagotchi\Tamagotchi.X\sleepy.asm
                  myArray   0x000400       data     static H:\Tamagotchi\Tamagotchi.X\Tamagotchi.asm
                 output_1   0x00002b       data     static H:\Tamagotchi\Tamagotchi.X\learn.asm
                 output_2   0x00002c       data     static H:\Tamagotchi\Tamagotchi.X\learn.asm
            random_number   0x000027       data     static H:\Tamagotchi\Tamagotchi.X\learn.asm
                  repeats   0x00001a       data     static H:\Tamagotchi\Tamagotchi.X\hatch.asm
                   result   0x000026       data     static H:\Tamagotchi\Tamagotchi.X\learn.asm
                   string   0x000025       data     static H:\Tamagotchi\Tamagotchi.X\learn.asm
             wave_counter   0x000015       data     static H:\Tamagotchi\Tamagotchi.X\dance.asm



                              Symbols - Sorted by Address
                     Name    Address   Location    Storage File                     
                ---------  ---------  ---------  --------- ---------                
                   SLEEPY   0x000006    program     extern H:\Tamagotchi\Tamagotchi.X\sleepy.asm
                        z   0x000016    program     static H:\Tamagotchi\Tamagotchi.X\sleepy.asm
             sleepy_delay   0x00005c    program     static H:\Tamagotchi\Tamagotchi.X\sleepy.asm
                  delay_1   0x000060    program     static H:\Tamagotchi\Tamagotchi.X\sleepy.asm
                 nested_2   0x000066    program     static H:\Tamagotchi\Tamagotchi.X\sleepy.asm
                  delay_2   0x00006a    program     static H:\Tamagotchi\Tamagotchi.X\sleepy.asm
                 nested_3   0x000070    program     static H:\Tamagotchi\Tamagotchi.X\sleepy.asm
                  delay_3   0x000074    program     static H:\Tamagotchi\Tamagotchi.X\sleepy.asm
             flash_line_1   0x00007a    program     static H:\Tamagotchi\Tamagotchi.X\food.asm
             flash_line_2   0x000088    program     static H:\Tamagotchi\Tamagotchi.X\food.asm
               blank_line   0x000096    program     static H:\Tamagotchi\Tamagotchi.X\food.asm
                   Line_0   0x0000a4    program     static H:\Tamagotchi\Tamagotchi.X\hatch.asm
                BALL_GAME   0x0000b4    program     extern H:\Tamagotchi\Tamagotchi.X\ballgame.asm
                    setup   0x000100    program     static H:\Tamagotchi\Tamagotchi.X\Tamagotchi.asm
                     MAIN   0x000114    program     static H:\Tamagotchi\Tamagotchi.X\Tamagotchi.asm
         PRESS_A_TO_HATCH   0x00011e    program     static H:\Tamagotchi\Tamagotchi.X\Tamagotchi.asm
                GAME_MODE   0x00015e    program     static H:\Tamagotchi\Tamagotchi.X\Tamagotchi.asm
          CHECK_A_PRESSED   0x000168    program     static H:\Tamagotchi\Tamagotchi.X\Tamagotchi.asm
          CHECK_B_PRESSED   0x000170    program     static H:\Tamagotchi\Tamagotchi.X\Tamagotchi.asm
          CHECK_C_PRESSED   0x00017e    program     static H:\Tamagotchi\Tamagotchi.X\Tamagotchi.asm
          CHECK_D_PRESSED   0x000194    program     static H:\Tamagotchi\Tamagotchi.X\Tamagotchi.asm
          CHECK_E_PRESSED   0x0001aa    program     static H:\Tamagotchi\Tamagotchi.X\Tamagotchi.asm
          CHECK_F_PRESSED   0x0001c0    program     static H:\Tamagotchi\Tamagotchi.X\Tamagotchi.asm
           Keyboard_Setup   0x0001d8    program     static H:\Tamagotchi\Tamagotchi.X\Tamagotchi.asm
                 Keyboard   0x0001e4    program     static H:\Tamagotchi\Tamagotchi.X\Tamagotchi.asm
                   column   0x0001ea    program     static H:\Tamagotchi\Tamagotchi.X\Tamagotchi.asm
                setup_row   0x0001f0    program     static H:\Tamagotchi\Tamagotchi.X\Tamagotchi.asm
                 read_row   0x000204    program     static H:\Tamagotchi\Tamagotchi.X\Tamagotchi.asm
                  check_1   0x00020e    program     static H:\Tamagotchi\Tamagotchi.X\Tamagotchi.asm
                  check_2   0x000218    program     static H:\Tamagotchi\Tamagotchi.X\Tamagotchi.asm
                  check_3   0x000222    program     static H:\Tamagotchi\Tamagotchi.X\Tamagotchi.asm
             setup_column   0x00022c    program     static H:\Tamagotchi\Tamagotchi.X\Tamagotchi.asm
              read_column   0x000240    program     static H:\Tamagotchi\Tamagotchi.X\Tamagotchi.asm
                  check_5   0x00024a    program     static H:\Tamagotchi\Tamagotchi.X\Tamagotchi.asm
                  check_6   0x000254    program     static H:\Tamagotchi\Tamagotchi.X\Tamagotchi.asm
                  check_7   0x00025e    program     static H:\Tamagotchi\Tamagotchi.X\Tamagotchi.asm
                  delay_k   0x000268    program     static H:\Tamagotchi\Tamagotchi.X\Tamagotchi.asm
                   decode   0x00026e    program     static H:\Tamagotchi\Tamagotchi.X\Tamagotchi.asm
                column_11   0x000278    program     static H:\Tamagotchi\Tamagotchi.X\Tamagotchi.asm
                column_12   0x000282    program     static H:\Tamagotchi\Tamagotchi.X\Tamagotchi.asm
                column_13   0x00028c    program     static H:\Tamagotchi\Tamagotchi.X\Tamagotchi.asm
                column_14   0x000296    program     static H:\Tamagotchi\Tamagotchi.X\Tamagotchi.asm
                    row_1   0x00029a    program     static H:\Tamagotchi\Tamagotchi.X\Tamagotchi.asm
                column_21   0x0002a2    program     static H:\Tamagotchi\Tamagotchi.X\Tamagotchi.asm
                column_22   0x0002ac    program     static H:\Tamagotchi\Tamagotchi.X\Tamagotchi.asm
                column_23   0x0002b6    program     static H:\Tamagotchi\Tamagotchi.X\Tamagotchi.asm
                column_24   0x0002c0    program     static H:\Tamagotchi\Tamagotchi.X\Tamagotchi.asm
                    row_2   0x0002c4    program     static H:\Tamagotchi\Tamagotchi.X\Tamagotchi.asm
                column_31   0x0002cc    program     static H:\Tamagotchi\Tamagotchi.X\Tamagotchi.asm
                column_32   0x0002d6    program     static H:\Tamagotchi\Tamagotchi.X\Tamagotchi.asm
                column_33   0x0002e0    program     static H:\Tamagotchi\Tamagotchi.X\Tamagotchi.asm
                column_34   0x0002ea    program     static H:\Tamagotchi\Tamagotchi.X\Tamagotchi.asm
                    row_3   0x0002ee    program     static H:\Tamagotchi\Tamagotchi.X\Tamagotchi.asm
                column_41   0x0002f0    program     static H:\Tamagotchi\Tamagotchi.X\Tamagotchi.asm
                column_42   0x0002fa    program     static H:\Tamagotchi\Tamagotchi.X\Tamagotchi.asm
                column_43   0x000304    program     static H:\Tamagotchi\Tamagotchi.X\Tamagotchi.asm
                column_44   0x00030e    program     static H:\Tamagotchi\Tamagotchi.X\Tamagotchi.asm
                      dch   0x000312    program     static H:\Tamagotchi\Tamagotchi.X\Tamagotchi.asm
                     dch1   0x00031a    program     static H:\Tamagotchi\Tamagotchi.X\Tamagotchi.asm
                     dch2   0x000324    program     static H:\Tamagotchi\Tamagotchi.X\Tamagotchi.asm
                     dch3   0x00032a    program     static H:\Tamagotchi\Tamagotchi.X\Tamagotchi.asm
                     dch4   0x000330    program     static H:\Tamagotchi\Tamagotchi.X\Tamagotchi.asm
                     dch5   0x000336    program     static H:\Tamagotchi\Tamagotchi.X\Tamagotchi.asm
                HAPPINESS   0x000354    program     static H:\Tamagotchi\Tamagotchi.X\Tamagotchi.asm
                    HAPPY   0x000368    program     static H:\Tamagotchi\Tamagotchi.X\Tamagotchi.asm
                  NEUTRAL   0x000376    program     static H:\Tamagotchi\Tamagotchi.X\Tamagotchi.asm
                      SAD   0x000384    program     static H:\Tamagotchi\Tamagotchi.X\Tamagotchi.asm
                     LIFE   0x000392    program     static H:\Tamagotchi\Tamagotchi.X\Tamagotchi.asm
          CHECK_LAST_LIFE   0x00039e    program     static H:\Tamagotchi\Tamagotchi.X\Tamagotchi.asm
           TWO_LIVES_LEFT   0x0003a6    program     static H:\Tamagotchi\Tamagotchi.X\Tamagotchi.asm
            ONE_LIFE_LEFT   0x0003c4    program     static H:\Tamagotchi\Tamagotchi.X\Tamagotchi.asm
                    DEATH   0x0003e2    program     static H:\Tamagotchi\Tamagotchi.X\Tamagotchi.asm
                    delay   0x000494    program     static H:\Tamagotchi\Tamagotchi.X\Tamagotchi.asm
                  delay_1   0x000498    program     static H:\Tamagotchi\Tamagotchi.X\Tamagotchi.asm
                 nested_2   0x00049e    program     static H:\Tamagotchi\Tamagotchi.X\Tamagotchi.asm
                  delay_2   0x0004a2    program     static H:\Tamagotchi\Tamagotchi.X\Tamagotchi.asm
                 nested_3   0x0004a8    program     static H:\Tamagotchi\Tamagotchi.X\Tamagotchi.asm
                  delay_3   0x0004ac    program     static H:\Tamagotchi\Tamagotchi.X\Tamagotchi.asm
                LCD_Setup   0x0004b2    program     extern H:\Tamagotchi\Tamagotchi.X\LCD.asm
                 finished   0x0004b2    program     static H:\Tamagotchi\Tamagotchi.X\Tamagotchi.asm
        LCD_Write_Message   0x000504    program     extern H:\Tamagotchi\Tamagotchi.X\LCD.asm
         LCD_Loop_message   0x000506    program     static H:\Tamagotchi\Tamagotchi.X\LCD.asm
          LCD_Send_Byte_I   0x000512    program     static H:\Tamagotchi\Tamagotchi.X\LCD.asm
          LCD_Send_Byte_D   0x00052e    program     extern H:\Tamagotchi\Tamagotchi.X\LCD.asm
               LCD_Enable   0x000550    program     static H:\Tamagotchi\Tamagotchi.X\LCD.asm
             LCD_delay_ms   0x000574    program     static H:\Tamagotchi\Tamagotchi.X\LCD.asm
                   lcdlp2   0x000576    program     static H:\Tamagotchi\Tamagotchi.X\LCD.asm
           LCD_delay_x4us   0x000582    program     static H:\Tamagotchi\Tamagotchi.X\LCD.asm
                LCD_delay   0x000596    program     static H:\Tamagotchi\Tamagotchi.X\LCD.asm
                   lcdlp1   0x000598    program     static H:\Tamagotchi\Tamagotchi.X\LCD.asm
                LCD_clear   0x0005a0    program     extern H:\Tamagotchi\Tamagotchi.X\LCD.asm
                LCD_shift   0x0005ae    program     extern H:\Tamagotchi\Tamagotchi.X\LCD.asm
                      EGG   0x0005ba    program     static H:\Tamagotchi\Tamagotchi.X\LCD.asm
LCD_custom_character_set_EGG   0x0005ba    program     extern H:\Tamagotchi\Tamagotchi.X\LCD.asm
                    HEART   0x00067a    program     static H:\Tamagotchi\Tamagotchi.X\LCD.asm
                     BABY   0x00073a    program     extern H:\Tamagotchi\Tamagotchi.X\LCD.asm
                      SUN   0x0007fa    program     static H:\Tamagotchi\Tamagotchi.X\LCD.asm
                     MOON   0x0008ba    program     extern H:\Tamagotchi\Tamagotchi.X\LCD.asm
                   SMILEY   0x00097a    program     static H:\Tamagotchi\Tamagotchi.X\LCD.asm
                  NEUTRAL   0x000a3a    program     static H:\Tamagotchi\Tamagotchi.X\LCD.asm
                      SAD   0x000afa    program     static H:\Tamagotchi\Tamagotchi.X\LCD.asm
                    GHOST   0x000bbc    program     extern H:\Tamagotchi\Tamagotchi.X\LCD.asm
             SMALL_RABBIT   0x000c7e    program     extern H:\Tamagotchi\Tamagotchi.X\LCD.asm
            MEDIUM_RABBIT   0x000d40    program     extern H:\Tamagotchi\Tamagotchi.X\LCD.asm
             LARGE_RABBIT   0x000e02    program     extern H:\Tamagotchi\Tamagotchi.X\LCD.asm
                  DISCO_1   0x000ec4    program     extern H:\Tamagotchi\Tamagotchi.X\LCD.asm
                  DISCO_2   0x000f86    program     extern H:\Tamagotchi\Tamagotchi.X\LCD.asm
                    LEARN   0x001048    program     extern H:\Tamagotchi\Tamagotchi.X\learn.asm
                    learn   0x00106c    program     static H:\Tamagotchi\Tamagotchi.X\learn.asm
                      cr0   0x00109c    program     static H:\Tamagotchi\Tamagotchi.X\learn.asm
                      cr1   0x0010a8    program     static H:\Tamagotchi\Tamagotchi.X\learn.asm
                      cr2   0x0010b4    program     static H:\Tamagotchi\Tamagotchi.X\learn.asm
                      cr3   0x0010c0    program     static H:\Tamagotchi\Tamagotchi.X\learn.asm
                      cr4   0x0010cc    program     static H:\Tamagotchi\Tamagotchi.X\learn.asm
                      cr5   0x0010d8    program     static H:\Tamagotchi\Tamagotchi.X\learn.asm
                      cr6   0x0010e4    program     static H:\Tamagotchi\Tamagotchi.X\learn.asm
                      cr7   0x0010f0    program     static H:\Tamagotchi\Tamagotchi.X\learn.asm
                      cr8   0x0010fc    program     static H:\Tamagotchi\Tamagotchi.X\learn.asm
                      cr9   0x001108    program     static H:\Tamagotchi\Tamagotchi.X\learn.asm
                     cr20   0x00110e    program     static H:\Tamagotchi\Tamagotchi.X\learn.asm
                     cr21   0x00111a    program     static H:\Tamagotchi\Tamagotchi.X\learn.asm
                     cr22   0x001126    program     static H:\Tamagotchi\Tamagotchi.X\learn.asm
                     cr23   0x001132    program     static H:\Tamagotchi\Tamagotchi.X\learn.asm
                     cr24   0x00113e    program     static H:\Tamagotchi\Tamagotchi.X\learn.asm
                     cr25   0x00114a    program     static H:\Tamagotchi\Tamagotchi.X\learn.asm
                     cr26   0x001156    program     static H:\Tamagotchi\Tamagotchi.X\learn.asm
                     cr27   0x001162    program     static H:\Tamagotchi\Tamagotchi.X\learn.asm
                     cr28   0x00116e    program     static H:\Tamagotchi\Tamagotchi.X\learn.asm
                     cr29   0x00117a    program     static H:\Tamagotchi\Tamagotchi.X\learn.asm
                calculate   0x001180    program     static H:\Tamagotchi\Tamagotchi.X\learn.asm
                  guessed   0x0011a0    program     static H:\Tamagotchi\Tamagotchi.X\learn.asm
             double_input   0x0011a8    program     static H:\Tamagotchi\Tamagotchi.X\learn.asm
      check_double_result   0x0011da    program     static H:\Tamagotchi\Tamagotchi.X\learn.asm
                     c_11   0x0011ea    program     static H:\Tamagotchi\Tamagotchi.X\learn.asm
                     c_12   0x0011fa    program     static H:\Tamagotchi\Tamagotchi.X\learn.asm
                     c_13   0x00120a    program     static H:\Tamagotchi\Tamagotchi.X\learn.asm
                     c_14   0x00121a    program     static H:\Tamagotchi\Tamagotchi.X\learn.asm
                     c_15   0x00122a    program     static H:\Tamagotchi\Tamagotchi.X\learn.asm
                     c_16   0x00123a    program     static H:\Tamagotchi\Tamagotchi.X\learn.asm
                     c_17   0x00124a    program     static H:\Tamagotchi\Tamagotchi.X\learn.asm
                     c_18   0x00125a    program     static H:\Tamagotchi\Tamagotchi.X\learn.asm
            output_double   0x001264    program     static H:\Tamagotchi\Tamagotchi.X\learn.asm
             single_input   0x001272    program     static H:\Tamagotchi\Tamagotchi.X\learn.asm
      check_single_result   0x00128e    program     static H:\Tamagotchi\Tamagotchi.X\learn.asm
                     c_1s   0x00129a    program     static H:\Tamagotchi\Tamagotchi.X\learn.asm
                     c_2s   0x0012a6    program     static H:\Tamagotchi\Tamagotchi.X\learn.asm
                     c_3s   0x0012b2    program     static H:\Tamagotchi\Tamagotchi.X\learn.asm
                     c_4s   0x0012be    program     static H:\Tamagotchi\Tamagotchi.X\learn.asm
                     c_5s   0x0012ca    program     static H:\Tamagotchi\Tamagotchi.X\learn.asm
                     c_6s   0x0012d6    program     static H:\Tamagotchi\Tamagotchi.X\learn.asm
                     c_7s   0x0012e2    program     static H:\Tamagotchi\Tamagotchi.X\learn.asm
                     c_8s   0x0012ee    program     static H:\Tamagotchi\Tamagotchi.X\learn.asm
                     c_9s   0x0012fa    program     static H:\Tamagotchi\Tamagotchi.X\learn.asm
            output_single   0x001300    program     static H:\Tamagotchi\Tamagotchi.X\learn.asm
                    wrong   0x001308    program     static H:\Tamagotchi\Tamagotchi.X\learn.asm
                    right   0x00133e    program     static H:\Tamagotchi\Tamagotchi.X\learn.asm
                Numberpad   0x001386    program     static H:\Tamagotchi\Tamagotchi.X\learn.asm
                   column   0x001390    program     static H:\Tamagotchi\Tamagotchi.X\learn.asm
                setup_row   0x001396    program     static H:\Tamagotchi\Tamagotchi.X\learn.asm
                 read_row   0x0013aa    program     static H:\Tamagotchi\Tamagotchi.X\learn.asm
                      rst   0x0013b6    program     static H:\Tamagotchi\Tamagotchi.X\learn.asm
                 continue   0x0013bc    program     static H:\Tamagotchi\Tamagotchi.X\learn.asm
                  check_1   0x0013c6    program     static H:\Tamagotchi\Tamagotchi.X\learn.asm
                  check_2   0x0013d0    program     static H:\Tamagotchi\Tamagotchi.X\learn.asm
                  check_3   0x0013da    program     static H:\Tamagotchi\Tamagotchi.X\learn.asm
             setup_column   0x0013e4    program     static H:\Tamagotchi\Tamagotchi.X\learn.asm
              read_column   0x0013f8    program     static H:\Tamagotchi\Tamagotchi.X\learn.asm
                  check_5   0x001402    program     static H:\Tamagotchi\Tamagotchi.X\learn.asm
                  check_6   0x00140c    program     static H:\Tamagotchi\Tamagotchi.X\learn.asm
                  check_7   0x001416    program     static H:\Tamagotchi\Tamagotchi.X\learn.asm
                    delay   0x001420    program     static H:\Tamagotchi\Tamagotchi.X\learn.asm
                   decode   0x001426    program     static H:\Tamagotchi\Tamagotchi.X\learn.asm
                column_11   0x001430    program     static H:\Tamagotchi\Tamagotchi.X\learn.asm
                column_12   0x001440    program     static H:\Tamagotchi\Tamagotchi.X\learn.asm
                column_13   0x001450    program     static H:\Tamagotchi\Tamagotchi.X\learn.asm
                column_14   0x00145e    program     static H:\Tamagotchi\Tamagotchi.X\learn.asm
                    row_1   0x001460    program     static H:\Tamagotchi\Tamagotchi.X\learn.asm
                column_21   0x001468    program     static H:\Tamagotchi\Tamagotchi.X\learn.asm
                column_22   0x001478    program     static H:\Tamagotchi\Tamagotchi.X\learn.asm
                column_23   0x001488    program     static H:\Tamagotchi\Tamagotchi.X\learn.asm
                column_24   0x001498    program     static H:\Tamagotchi\Tamagotchi.X\learn.asm
                    row_2   0x00149a    program     static H:\Tamagotchi\Tamagotchi.X\learn.asm
                column_31   0x0014a2    program     static H:\Tamagotchi\Tamagotchi.X\learn.asm
                column_32   0x0014b2    program     static H:\Tamagotchi\Tamagotchi.X\learn.asm
                column_33   0x0014c2    program     static H:\Tamagotchi\Tamagotchi.X\learn.asm
                column_34   0x0014d2    program     static H:\Tamagotchi\Tamagotchi.X\learn.asm
                    row_3   0x0014d4    program     static H:\Tamagotchi\Tamagotchi.X\learn.asm
                column_41   0x0014d6    program     static H:\Tamagotchi\Tamagotchi.X\learn.asm
                column_42   0x0014de    program     static H:\Tamagotchi\Tamagotchi.X\learn.asm
                column_43   0x0014ee    program     static H:\Tamagotchi\Tamagotchi.X\learn.asm
                column_44   0x0014f6    program     static H:\Tamagotchi\Tamagotchi.X\learn.asm
              learn_delay   0x0014f8    program     static H:\Tamagotchi\Tamagotchi.X\learn.asm
                  delay_1   0x0014fc    program     static H:\Tamagotchi\Tamagotchi.X\learn.asm
                 nested_2   0x001502    program     static H:\Tamagotchi\Tamagotchi.X\learn.asm
                  delay_2   0x001506    program     static H:\Tamagotchi\Tamagotchi.X\learn.asm
                 nested_3   0x00150c    program     static H:\Tamagotchi\Tamagotchi.X\learn.asm
                  delay_3   0x001510    program     static H:\Tamagotchi\Tamagotchi.X\learn.asm
                  DBALL_1   0x001516    program     static H:\Tamagotchi\Tamagotchi.X\dance.asm
                  DBALL_2   0x001524    program     static H:\Tamagotchi\Tamagotchi.X\dance.asm
              DBALL_CLEAR   0x001532    program     static H:\Tamagotchi\Tamagotchi.X\dance.asm
                   BOUNCE   0x001540    program     static H:\Tamagotchi\Tamagotchi.X\dance.asm
                     HOPS   0x001582    program     static H:\Tamagotchi\Tamagotchi.X\dance.asm
                     WAVE   0x001784    program     static H:\Tamagotchi\Tamagotchi.X\dance.asm
                     wave   0x001788    program     static H:\Tamagotchi\Tamagotchi.X\dance.asm
                    DANCE   0x00183e    program     extern H:\Tamagotchi\Tamagotchi.X\dance.asm
                  check_1   0x00185c    program     static H:\Tamagotchi\Tamagotchi.X\dance.asm
                  check_2   0x001864    program     static H:\Tamagotchi\Tamagotchi.X\dance.asm
                     BABY   0x00186c    program     static H:\Tamagotchi\Tamagotchi.X\dance.asm
                    SMALL   0x0018a2    program     static H:\Tamagotchi\Tamagotchi.X\dance.asm
                     hops   0x0018ca    program     static H:\Tamagotchi\Tamagotchi.X\dance.asm
                   MEDIUM   0x0018f0    program     static H:\Tamagotchi\Tamagotchi.X\dance.asm
                    LARGE   0x001932    program     static H:\Tamagotchi\Tamagotchi.X\dance.asm
              dance_delay   0x00198c    program     static H:\Tamagotchi\Tamagotchi.X\dance.asm
                  delay_1   0x001990    program     static H:\Tamagotchi\Tamagotchi.X\dance.asm
                 nested_2   0x001996    program     static H:\Tamagotchi\Tamagotchi.X\dance.asm
                  delay_2   0x00199a    program     static H:\Tamagotchi\Tamagotchi.X\dance.asm
                 nested_3   0x0019a0    program     static H:\Tamagotchi\Tamagotchi.X\dance.asm
                  delay_3   0x0019a4    program     static H:\Tamagotchi\Tamagotchi.X\dance.asm
               FOOD_Setup   0x0019aa    program     extern H:\Tamagotchi\Tamagotchi.X\food.asm
           output_flash_1   0x0019b0    program     static H:\Tamagotchi\Tamagotchi.X\food.asm
                   loopf1   0x0019c0    program     static H:\Tamagotchi\Tamagotchi.X\food.asm
           output_flash_2   0x0019ce    program     static H:\Tamagotchi\Tamagotchi.X\food.asm
                   loopf2   0x0019de    program     static H:\Tamagotchi\Tamagotchi.X\food.asm
             output_blank   0x0019ec    program     static H:\Tamagotchi\Tamagotchi.X\food.asm
                    loopb   0x0019fc    program     static H:\Tamagotchi\Tamagotchi.X\food.asm
                     FOOD   0x001a0a    program     extern H:\Tamagotchi\Tamagotchi.X\food.asm
             FOOD_ANIMATE   0x001a10    program     static H:\Tamagotchi\Tamagotchi.X\food.asm
             CHECK_GROWTH   0x001b20    program     static H:\Tamagotchi\Tamagotchi.X\food.asm
                  check_2   0x001b20    program     static H:\Tamagotchi\Tamagotchi.X\food.asm
                  check_4   0x001b2a    program     static H:\Tamagotchi\Tamagotchi.X\food.asm
                  check_6   0x001b32    program     static H:\Tamagotchi\Tamagotchi.X\food.asm
                     back   0x001b3a    program     static H:\Tamagotchi\Tamagotchi.X\food.asm
                   GROWTH   0x001b3e    program     static H:\Tamagotchi\Tamagotchi.X\food.asm
           GROWTH_ANIMATE   0x001b42    program     static H:\Tamagotchi\Tamagotchi.X\food.asm
                  flashes   0x001cc2    program     static H:\Tamagotchi\Tamagotchi.X\food.asm
                 NEW_FORM   0x001d12    program     static H:\Tamagotchi\Tamagotchi.X\food.asm
             check_medium   0x001d1a    program     static H:\Tamagotchi\Tamagotchi.X\food.asm
                    small   0x001d22    program     static H:\Tamagotchi\Tamagotchi.X\food.asm
                   medium   0x001d36    program     static H:\Tamagotchi\Tamagotchi.X\food.asm
                    large   0x001d4a    program     static H:\Tamagotchi\Tamagotchi.X\food.asm
               food_delay   0x001d5e    program     static H:\Tamagotchi\Tamagotchi.X\food.asm
                  delay_1   0x001d62    program     static H:\Tamagotchi\Tamagotchi.X\food.asm
                 nested_2   0x001d68    program     static H:\Tamagotchi\Tamagotchi.X\food.asm
                  delay_2   0x001d6c    program     static H:\Tamagotchi\Tamagotchi.X\food.asm
                 nested_3   0x001d72    program     static H:\Tamagotchi\Tamagotchi.X\food.asm
                  delay_3   0x001d76    program     static H:\Tamagotchi\Tamagotchi.X\food.asm
  output_PRESS_A_TO_HATCH   0x001d7c    program     extern H:\Tamagotchi\Tamagotchi.X\hatch.asm
                     loop   0x001d90    program     static H:\Tamagotchi\Tamagotchi.X\hatch.asm
   output_starting_screen   0x001d9e    program     extern H:\Tamagotchi\Tamagotchi.X\hatch.asm
 output_hatching_sequence   0x001dd4    program     extern H:\Tamagotchi\Tamagotchi.X\hatch.asm
                  dynamic   0x001dd8    program     static H:\Tamagotchi\Tamagotchi.X\hatch.asm
                egg_blink   0x001e18    program     static H:\Tamagotchi\Tamagotchi.X\hatch.asm
                    crack   0x001e3c    program     static H:\Tamagotchi\Tamagotchi.X\hatch.asm
              hatch_delay   0x001e7e    program     static H:\Tamagotchi\Tamagotchi.X\hatch.asm
                  delay_1   0x001e82    program     static H:\Tamagotchi\Tamagotchi.X\hatch.asm
                 nested_2   0x001e88    program     static H:\Tamagotchi\Tamagotchi.X\hatch.asm
                  delay_2   0x001e8c    program     static H:\Tamagotchi\Tamagotchi.X\hatch.asm
                 nested_3   0x001e92    program     static H:\Tamagotchi\Tamagotchi.X\hatch.asm
                  delay_3   0x001e96    program     static H:\Tamagotchi\Tamagotchi.X\hatch.asm
                LCD_cnt_l   0x000000       data     static H:\Tamagotchi\Tamagotchi.X\LCD.asm
                LCD_cnt_h   0x000001       data     static H:\Tamagotchi\Tamagotchi.X\LCD.asm
               LCD_cnt_ms   0x000002       data     static H:\Tamagotchi\Tamagotchi.X\LCD.asm
                  LCD_tmp   0x000003       data     static H:\Tamagotchi\Tamagotchi.X\LCD.asm
              LCD_counter   0x000004       data     static H:\Tamagotchi\Tamagotchi.X\LCD.asm
        counter_happiness   0x000005       data     static H:\Tamagotchi\Tamagotchi.X\Tamagotchi.asm
counter_happiness_decrement   0x000006       data     static H:\Tamagotchi\Tamagotchi.X\Tamagotchi.asm
counter_happiness_decrement_2   0x000007       data     static H:\Tamagotchi\Tamagotchi.X\Tamagotchi.asm
counter_happiness_decrement_3   0x000008       data     static H:\Tamagotchi\Tamagotchi.X\Tamagotchi.asm
                life_mode   0x000009       data     static H:\Tamagotchi\Tamagotchi.X\Tamagotchi.asm
             counter_life   0x00000a       data     static H:\Tamagotchi\Tamagotchi.X\Tamagotchi.asm
            delay_count_1   0x00000b       data     static H:\Tamagotchi\Tamagotchi.X\Tamagotchi.asm
            delay_count_2   0x00000c       data     static H:\Tamagotchi\Tamagotchi.X\Tamagotchi.asm
            delay_count_3   0x00000d       data     static H:\Tamagotchi\Tamagotchi.X\Tamagotchi.asm
           lifemode_dance   0x00000e       data     static H:\Tamagotchi\Tamagotchi.X\dance.asm
         delay_counter_d1   0x00000f       data     static H:\Tamagotchi\Tamagotchi.X\dance.asm
         delay_counter_d2   0x000010       data     static H:\Tamagotchi\Tamagotchi.X\dance.asm
         delay_counter_d3   0x000011       data     static H:\Tamagotchi\Tamagotchi.X\dance.asm
       dance_counter_baby   0x000012       data     static H:\Tamagotchi\Tamagotchi.X\dance.asm
    dance_counter_small_1   0x000013       data     static H:\Tamagotchi\Tamagotchi.X\dance.asm
    dance_counter_small_2   0x000014       data     static H:\Tamagotchi\Tamagotchi.X\dance.asm
             wave_counter   0x000015       data     static H:\Tamagotchi\Tamagotchi.X\dance.asm
         delay_counter_h1   0x000016       data     static H:\Tamagotchi\Tamagotchi.X\hatch.asm
         delay_counter_h2   0x000017       data     static H:\Tamagotchi\Tamagotchi.X\hatch.asm
         delay_counter_h3   0x000018       data     static H:\Tamagotchi\Tamagotchi.X\hatch.asm
           counter_output   0x000019       data     static H:\Tamagotchi\Tamagotchi.X\hatch.asm
                  repeats   0x00001a       data     static H:\Tamagotchi\Tamagotchi.X\hatch.asm
              counter_row   0x00001b       data     static H:\Tamagotchi\Tamagotchi.X\learn.asm
           counter_column   0x00001c       data     static H:\Tamagotchi\Tamagotchi.X\learn.asm
           delay_count_l1   0x00001d       data     static H:\Tamagotchi\Tamagotchi.X\learn.asm
           delay_count_l2   0x00001e       data     static H:\Tamagotchi\Tamagotchi.X\learn.asm
           delay_count_l3   0x00001f       data     static H:\Tamagotchi\Tamagotchi.X\learn.asm
     Number_pressed_1_int   0x000020       data     static H:\Tamagotchi\Tamagotchi.X\learn.asm
     Number_pressed_2_int   0x000021       data     static H:\Tamagotchi\Tamagotchi.X\learn.asm
  Number_pressed_1_string   0x000022       data     static H:\Tamagotchi\Tamagotchi.X\learn.asm
  Number_pressed_2_string   0x000023       data     static H:\Tamagotchi\Tamagotchi.X\learn.asm
                  integer   0x000024       data     static H:\Tamagotchi\Tamagotchi.X\learn.asm
                   string   0x000025       data     static H:\Tamagotchi\Tamagotchi.X\learn.asm
                   result   0x000026       data     static H:\Tamagotchi\Tamagotchi.X\learn.asm
            random_number   0x000027       data     static H:\Tamagotchi\Tamagotchi.X\learn.asm
                    guess   0x000028       data     static H:\Tamagotchi\Tamagotchi.X\learn.asm
                  guess_1   0x000029       data     static H:\Tamagotchi\Tamagotchi.X\learn.asm
                  guess_2   0x00002a       data     static H:\Tamagotchi\Tamagotchi.X\learn.asm
                 output_1   0x00002b       data     static H:\Tamagotchi\Tamagotchi.X\learn.asm
                 output_2   0x00002c       data     static H:\Tamagotchi\Tamagotchi.X\learn.asm
              guess_1_str   0x00002d       data     static H:\Tamagotchi\Tamagotchi.X\learn.asm
              guess_2_str   0x00002e       data     static H:\Tamagotchi\Tamagotchi.X\learn.asm
                    count   0x00002f       data     static H:\Tamagotchi\Tamagotchi.X\learn.asm
            lifemode_food   0x000030       data     static H:\Tamagotchi\Tamagotchi.X\food.asm
         delay_counter_f1   0x000031       data     static H:\Tamagotchi\Tamagotchi.X\food.asm
         delay_counter_f2   0x000032       data     static H:\Tamagotchi\Tamagotchi.X\food.asm
         delay_counter_f3   0x000033       data     static H:\Tamagotchi\Tamagotchi.X\food.asm
            flash_counter   0x000034       data     static H:\Tamagotchi\Tamagotchi.X\food.asm
          counter_flash_1   0x000035       data     static H:\Tamagotchi\Tamagotchi.X\food.asm
          counter_flash_2   0x000036       data     static H:\Tamagotchi\Tamagotchi.X\food.asm
            counter_blank   0x000037       data     static H:\Tamagotchi\Tamagotchi.X\food.asm
             food_counter   0x000038       data     static H:\Tamagotchi\Tamagotchi.X\food.asm
                     loop   0x000039       data     static H:\Tamagotchi\Tamagotchi.X\sleepy.asm
           delay_count_s1   0x00003a       data     static H:\Tamagotchi\Tamagotchi.X\sleepy.asm
           delay_count_s2   0x00003b       data     static H:\Tamagotchi\Tamagotchi.X\sleepy.asm
           delay_count_s3   0x00003c       data     static H:\Tamagotchi\Tamagotchi.X\sleepy.asm
                  myArray   0x000400       data     static H:\Tamagotchi\Tamagotchi.X\Tamagotchi.asm
              counter_row   0x000480       data     static H:\Tamagotchi\Tamagotchi.X\Tamagotchi.asm
           counter_column   0x000481       data     static H:\Tamagotchi\Tamagotchi.X\Tamagotchi.asm
              Key_Pressed   0x000482       data     static H:\Tamagotchi\Tamagotchi.X\Tamagotchi.asm


