MPLINK 5.09, LINKER
Linker Map File - Created Thu Feb 13 16:18:24 2020

                                 Section Info
                  Section       Type    Address   Location Size(Bytes)
                ---------  ---------  ---------  ---------  ---------
                   .org_0       code   0x000000    program   0x000004
                   .cinit    romdata   0x000004    program   0x000002
                    pdata       code   0x000006    program   0x00000c
                   .org_1       code   0x000100    program   0x000080
                      LCD       code   0x000180    program   0x000104
.config_300000_BUILD/DEFAULT/PRODUCTION/CONFIG.    romdata   0x300000    program   0x000001
.config_300001_BUILD/DEFAULT/PRODUCTION/CONFIG.    romdata   0x300001    program   0x000001
.config_300002_BUILD/DEFAULT/PRODUCTION/CONFIG.    romdata   0x300002    program   0x000001
.config_300003_BUILD/DEFAULT/PRODUCTION/CONFIG.    romdata   0x300003    program   0x000001
.config_300004_BUILD/DEFAULT/PRODUCTION/CONFIG.    romdata   0x300004    program   0x000001
.config_300005_BUILD/DEFAULT/PRODUCTION/CONFIG.    romdata   0x300005    program   0x000001
.config_300006_BUILD/DEFAULT/PRODUCTION/CONFIG.    romdata   0x300006    program   0x000001
.config_300008_BUILD/DEFAULT/PRODUCTION/CONFIG.    romdata   0x300008    program   0x000001
.config_300009_BUILD/DEFAULT/PRODUCTION/CONFIG.    romdata   0x300009    program   0x000001
.config_30000A_BUILD/DEFAULT/PRODUCTION/CONFIG.    romdata   0x30000a    program   0x000001
.config_30000B_BUILD/DEFAULT/PRODUCTION/CONFIG.    romdata   0x30000b    program   0x000001
.config_30000C_BUILD/DEFAULT/PRODUCTION/CONFIG.    romdata   0x30000c    program   0x000001
.config_30000D_BUILD/DEFAULT/PRODUCTION/CONFIG.    romdata   0x30000d    program   0x000001
                     acs0      udata   0x000000       data   0x00000d
                   tables      udata   0x000400       data   0x000080



                              Program Memory Usage 
                               Start         End      
                           ---------   ---------      
                            0x000000    0x000011      
                            0x000100    0x000283      
                            0x300000    0x300006      
                            0x300008    0x30000d      
            419 out of 132120 program addresses used, program memory utilization is 0%



                              Symbols - Sorted by Name
                     Name    Address   Location    Storage File                     
                ---------  ---------  ---------  --------- ---------                
               LCD_Enable   0x000220    program     static H:\Tamagotchi\Tamagotchi.X\LCD.asm
         LCD_Loop_message   0x0001d6    program     static H:\Tamagotchi\Tamagotchi.X\LCD.asm
          LCD_Send_Byte_D   0x0001fe    program     extern H:\Tamagotchi\Tamagotchi.X\LCD.asm
          LCD_Send_Byte_I   0x0001e2    program     static H:\Tamagotchi\Tamagotchi.X\LCD.asm
                LCD_Setup   0x000180    program     extern H:\Tamagotchi\Tamagotchi.X\LCD.asm
        LCD_Write_Message   0x0001d4    program     extern H:\Tamagotchi\Tamagotchi.X\LCD.asm
                LCD_clear   0x000270    program     extern H:\Tamagotchi\Tamagotchi.X\LCD.asm
                LCD_delay   0x000266    program     static H:\Tamagotchi\Tamagotchi.X\LCD.asm
             LCD_delay_ms   0x000244    program     static H:\Tamagotchi\Tamagotchi.X\LCD.asm
           LCD_delay_x4us   0x000252    program     static H:\Tamagotchi\Tamagotchi.X\LCD.asm
                LCD_shift   0x000278    program     extern H:\Tamagotchi\Tamagotchi.X\LCD.asm
                   Line_1   0x000006    program     static H:\Tamagotchi\Tamagotchi.X\Tamagotchi.asm
                  check_1   0x000140    program     static H:\Tamagotchi\Tamagotchi.X\Tamagotchi.asm
                  check_2   0x00014a    program     static H:\Tamagotchi\Tamagotchi.X\Tamagotchi.asm
                  check_3   0x000154    program     static H:\Tamagotchi\Tamagotchi.X\Tamagotchi.asm
                        d   0x000172    program     static H:\Tamagotchi\Tamagotchi.X\Tamagotchi.asm
                    delay   0x00016e    program     static H:\Tamagotchi\Tamagotchi.X\Tamagotchi.asm
                 finished   0x000178    program     static H:\Tamagotchi\Tamagotchi.X\Tamagotchi.asm
                   lcdlp1   0x000268    program     static H:\Tamagotchi\Tamagotchi.X\LCD.asm
                   lcdlp2   0x000246    program     static H:\Tamagotchi\Tamagotchi.X\LCD.asm
                     loop   0x000128    program     static H:\Tamagotchi\Tamagotchi.X\Tamagotchi.asm
                     main   0x000112    program     static H:\Tamagotchi\Tamagotchi.X\Tamagotchi.asm
   output_starting_screen   0x000118    program     static H:\Tamagotchi\Tamagotchi.X\Tamagotchi.asm
                    setup   0x000100    program     static H:\Tamagotchi\Tamagotchi.X\Tamagotchi.asm
                  shift_1   0x000156    program     static H:\Tamagotchi\Tamagotchi.X\Tamagotchi.asm
                  shift_2   0x00015e    program     static H:\Tamagotchi\Tamagotchi.X\Tamagotchi.asm
                  shift_3   0x000166    program     static H:\Tamagotchi\Tamagotchi.X\Tamagotchi.asm
             shift_checks   0x000136    program     static H:\Tamagotchi\Tamagotchi.X\Tamagotchi.asm
                LCD_cnt_h   0x000001       data     static H:\Tamagotchi\Tamagotchi.X\LCD.asm
                LCD_cnt_l   0x000000       data     static H:\Tamagotchi\Tamagotchi.X\LCD.asm
               LCD_cnt_ms   0x000002       data     static H:\Tamagotchi\Tamagotchi.X\LCD.asm
              LCD_counter   0x000004       data     static H:\Tamagotchi\Tamagotchi.X\LCD.asm
                  LCD_tmp   0x000003       data     static H:\Tamagotchi\Tamagotchi.X\LCD.asm
           counter_column   0x000006       data     static H:\Tamagotchi\Tamagotchi.X\Tamagotchi.asm
             counter_food   0x000009       data     static H:\Tamagotchi\Tamagotchi.X\Tamagotchi.asm
        counter_happiness   0x000007       data     static H:\Tamagotchi\Tamagotchi.X\Tamagotchi.asm
counter_happiness_decrement   0x000008       data     static H:\Tamagotchi\Tamagotchi.X\Tamagotchi.asm
             counter_life   0x00000a       data     static H:\Tamagotchi\Tamagotchi.X\Tamagotchi.asm
           counter_output   0x00000b       data     static H:\Tamagotchi\Tamagotchi.X\Tamagotchi.asm
              counter_row   0x000005       data     static H:\Tamagotchi\Tamagotchi.X\Tamagotchi.asm
              delay_count   0x00000c       data     static H:\Tamagotchi\Tamagotchi.X\Tamagotchi.asm
                  myArray   0x000400       data     static H:\Tamagotchi\Tamagotchi.X\Tamagotchi.asm



                              Symbols - Sorted by Address
                     Name    Address   Location    Storage File                     
                ---------  ---------  ---------  --------- ---------                
                   Line_1   0x000006    program     static H:\Tamagotchi\Tamagotchi.X\Tamagotchi.asm
                    setup   0x000100    program     static H:\Tamagotchi\Tamagotchi.X\Tamagotchi.asm
                     main   0x000112    program     static H:\Tamagotchi\Tamagotchi.X\Tamagotchi.asm
   output_starting_screen   0x000118    program     static H:\Tamagotchi\Tamagotchi.X\Tamagotchi.asm
                     loop   0x000128    program     static H:\Tamagotchi\Tamagotchi.X\Tamagotchi.asm
             shift_checks   0x000136    program     static H:\Tamagotchi\Tamagotchi.X\Tamagotchi.asm
                  check_1   0x000140    program     static H:\Tamagotchi\Tamagotchi.X\Tamagotchi.asm
                  check_2   0x00014a    program     static H:\Tamagotchi\Tamagotchi.X\Tamagotchi.asm
                  check_3   0x000154    program     static H:\Tamagotchi\Tamagotchi.X\Tamagotchi.asm
                  shift_1   0x000156    program     static H:\Tamagotchi\Tamagotchi.X\Tamagotchi.asm
                  shift_2   0x00015e    program     static H:\Tamagotchi\Tamagotchi.X\Tamagotchi.asm
                  shift_3   0x000166    program     static H:\Tamagotchi\Tamagotchi.X\Tamagotchi.asm
                    delay   0x00016e    program     static H:\Tamagotchi\Tamagotchi.X\Tamagotchi.asm
                        d   0x000172    program     static H:\Tamagotchi\Tamagotchi.X\Tamagotchi.asm
                 finished   0x000178    program     static H:\Tamagotchi\Tamagotchi.X\Tamagotchi.asm
                LCD_Setup   0x000180    program     extern H:\Tamagotchi\Tamagotchi.X\LCD.asm
        LCD_Write_Message   0x0001d4    program     extern H:\Tamagotchi\Tamagotchi.X\LCD.asm
         LCD_Loop_message   0x0001d6    program     static H:\Tamagotchi\Tamagotchi.X\LCD.asm
          LCD_Send_Byte_I   0x0001e2    program     static H:\Tamagotchi\Tamagotchi.X\LCD.asm
          LCD_Send_Byte_D   0x0001fe    program     extern H:\Tamagotchi\Tamagotchi.X\LCD.asm
               LCD_Enable   0x000220    program     static H:\Tamagotchi\Tamagotchi.X\LCD.asm
             LCD_delay_ms   0x000244    program     static H:\Tamagotchi\Tamagotchi.X\LCD.asm
                   lcdlp2   0x000246    program     static H:\Tamagotchi\Tamagotchi.X\LCD.asm
           LCD_delay_x4us   0x000252    program     static H:\Tamagotchi\Tamagotchi.X\LCD.asm
                LCD_delay   0x000266    program     static H:\Tamagotchi\Tamagotchi.X\LCD.asm
                   lcdlp1   0x000268    program     static H:\Tamagotchi\Tamagotchi.X\LCD.asm
                LCD_clear   0x000270    program     extern H:\Tamagotchi\Tamagotchi.X\LCD.asm
                LCD_shift   0x000278    program     extern H:\Tamagotchi\Tamagotchi.X\LCD.asm
                LCD_cnt_l   0x000000       data     static H:\Tamagotchi\Tamagotchi.X\LCD.asm
                LCD_cnt_h   0x000001       data     static H:\Tamagotchi\Tamagotchi.X\LCD.asm
               LCD_cnt_ms   0x000002       data     static H:\Tamagotchi\Tamagotchi.X\LCD.asm
                  LCD_tmp   0x000003       data     static H:\Tamagotchi\Tamagotchi.X\LCD.asm
              LCD_counter   0x000004       data     static H:\Tamagotchi\Tamagotchi.X\LCD.asm
              counter_row   0x000005       data     static H:\Tamagotchi\Tamagotchi.X\Tamagotchi.asm
           counter_column   0x000006       data     static H:\Tamagotchi\Tamagotchi.X\Tamagotchi.asm
        counter_happiness   0x000007       data     static H:\Tamagotchi\Tamagotchi.X\Tamagotchi.asm
counter_happiness_decrement   0x000008       data     static H:\Tamagotchi\Tamagotchi.X\Tamagotchi.asm
             counter_food   0x000009       data     static H:\Tamagotchi\Tamagotchi.X\Tamagotchi.asm
             counter_life   0x00000a       data     static H:\Tamagotchi\Tamagotchi.X\Tamagotchi.asm
           counter_output   0x00000b       data     static H:\Tamagotchi\Tamagotchi.X\Tamagotchi.asm
              delay_count   0x00000c       data     static H:\Tamagotchi\Tamagotchi.X\Tamagotchi.asm
                  myArray   0x000400       data     static H:\Tamagotchi\Tamagotchi.X\Tamagotchi.asm


