MPLINK 5.09, LINKER
Linker Map File - Created Tue Feb 18 14:48:10 2020

                                 Section Info
                  Section       Type    Address   Location Size(Bytes)
                ---------  ---------  ---------  ---------  ---------
                   .org_0       code   0x000000    program   0x000004
                   .cinit    romdata   0x000004    program   0x000002
                    fdata       code   0x000006    program   0x00002a
                    pdata       code   0x000030    program   0x000010
                   sleepy       code   0x000040    program   0x000002
                   output       code   0x000042    program   0x000002
                    learn       code   0x000044    program   0x000002
                    dance       code   0x000046    program   0x000002
                     ball       code   0x000048    program   0x000002
                   .org_1       code   0x000100    program   0x000386
                      LCD       code   0x000486    program   0x000a12
                     Food       code   0x000e98    program   0x0003d0
                     main       code   0x001268    program   0x00013a
                    Hatch       code   0x0013a2    program   0x00012c
.config_300000_BUILD/DEFAULT/PRODUCTION/CONFIG.    romdata   0x300000    program   0x000001
.config_300001_BUILD/DEFAULT/PRODUCTION/CONFIG.    romdata   0x300001    program   0x000001
.config_300002_BUILD/DEFAULT/PRODUCTION/CONFIG.    romdata   0x300002    program   0x000001
.config_300003_BUILD/DEFAULT/PRODUCTION/CONFIG.    romdata   0x300003    program   0x000001
.config_300004_BUILD/DEFAULT/PRODUCTION/CONFIG.    romdata   0x300004    program   0x000001
.config_300005_BUILD/DEFAULT/PRODUCTION/CONFIG.    romdata   0x300005    program   0x000001
.config_300006_BUILD/DEFAULT/PRODUCTION/CONFIG.    romdata   0x300006    program   0x000001
.config_300008_BUILD/DEFAULT/PRODUCTION/CONFIG.    romdata   0x300008    program   0x000001
.config_300009_BUILD/DEFAULT/PRODUCTION/CONFIG.    romdata   0x300009    program   0x000001
.config_30000A_BUILD/DEFAULT/PRODUCTION/CONFIG.    romdata   0x30000a    program   0x000001
.config_30000B_BUILD/DEFAULT/PRODUCTION/CONFIG.    romdata   0x30000b    program   0x000001
.config_30000C_BUILD/DEFAULT/PRODUCTION/CONFIG.    romdata   0x30000c    program   0x000001
.config_30000D_BUILD/DEFAULT/PRODUCTION/CONFIG.    romdata   0x30000d    program   0x000001
                     acs0      udata   0x000000       data   0x00001c
                   tables      udata   0x000400       data   0x0000c2



                              Program Memory Usage 
                               Start         End      
                           ---------   ---------      
                            0x000000    0x000049      
                            0x000100    0x0014cd      
                            0x300000    0x300006      
                            0x300008    0x30000d      
            5157 out of 132120 program addresses used, program memory utilization is 3%



                              Symbols - Sorted by Name
                     Name    Address   Location    Storage File                     
                ---------  ---------  ---------  --------- ---------                
                     BABY   0x00070e    program     static H:\Tamagotchi\Tamagotchi.X\LCD.asm
                BALL_GAME   0x000048    program     extern H:\Tamagotchi\Tamagotchi.X\ballgame.asm
          CHECK_A_PRESSED   0x000164    program     static H:\Tamagotchi\Tamagotchi.X\Tamagotchi.asm
          CHECK_B_PRESSED   0x00016c    program     static H:\Tamagotchi\Tamagotchi.X\Tamagotchi.asm
          CHECK_C_PRESSED   0x00017a    program     static H:\Tamagotchi\Tamagotchi.X\Tamagotchi.asm
          CHECK_D_PRESSED   0x000188    program     static H:\Tamagotchi\Tamagotchi.X\Tamagotchi.asm
          CHECK_E_PRESSED   0x000196    program     static H:\Tamagotchi\Tamagotchi.X\Tamagotchi.asm
          CHECK_F_PRESSED   0x0001a4    program     static H:\Tamagotchi\Tamagotchi.X\Tamagotchi.asm
             CHECK_GROWTH   0x00100e    program     static H:\Tamagotchi\Tamagotchi.X\food.asm
          CHECK_LAST_LIFE   0x000372    program     static H:\Tamagotchi\Tamagotchi.X\Tamagotchi.asm
                    DANCE   0x000046    program     extern H:\Tamagotchi\Tamagotchi.X\dance.asm
                    DEATH   0x0003b6    program     static H:\Tamagotchi\Tamagotchi.X\Tamagotchi.asm
                      EGG   0x00058e    program     static H:\Tamagotchi\Tamagotchi.X\LCD.asm
                     FOOD   0x000ef8    program     extern H:\Tamagotchi\Tamagotchi.X\food.asm
             FOOD_ANIMATE   0x000efe    program     static H:\Tamagotchi\Tamagotchi.X\food.asm
               FOOD_Setup   0x000e98    program     extern H:\Tamagotchi\Tamagotchi.X\food.asm
                GAME_MODE   0x00015a    program     static H:\Tamagotchi\Tamagotchi.X\Tamagotchi.asm
                    GHOST   0x000b90    program     static H:\Tamagotchi\Tamagotchi.X\LCD.asm
                   GROWTH   0x00102a    program     static H:\Tamagotchi\Tamagotchi.X\food.asm
           GROWTH_ANIMATE   0x00102e    program     static H:\Tamagotchi\Tamagotchi.X\food.asm
                HAPPINESS   0x000328    program     static H:\Tamagotchi\Tamagotchi.X\Tamagotchi.asm
                    HAPPY   0x00033c    program     static H:\Tamagotchi\Tamagotchi.X\Tamagotchi.asm
                    HEART   0x00064e    program     static H:\Tamagotchi\Tamagotchi.X\LCD.asm
                 Keyboard   0x0001c8    program     static H:\Tamagotchi\Tamagotchi.X\Tamagotchi.asm
                 Keyboard   0x001274    program     static H:\Tamagotchi\Tamagotchi.X\Keyboard.asm
           Keyboard_Setup   0x001268    program     static H:\Tamagotchi\Tamagotchi.X\Keyboard.asm
           Keyboard_Setup   0x0001bc    program     static H:\Tamagotchi\Tamagotchi.X\Tamagotchi.asm
             LARGE_RABBIT   0x000dd6    program     static H:\Tamagotchi\Tamagotchi.X\LCD.asm
               LCD_Enable   0x000524    program     static H:\Tamagotchi\Tamagotchi.X\LCD.asm
         LCD_Loop_message   0x0004da    program     static H:\Tamagotchi\Tamagotchi.X\LCD.asm
          LCD_Send_Byte_D   0x000502    program     extern H:\Tamagotchi\Tamagotchi.X\LCD.asm
          LCD_Send_Byte_I   0x0004e6    program     static H:\Tamagotchi\Tamagotchi.X\LCD.asm
                LCD_Setup   0x000486    program     extern H:\Tamagotchi\Tamagotchi.X\LCD.asm
        LCD_Write_Message   0x0004d8    program     extern H:\Tamagotchi\Tamagotchi.X\LCD.asm
                LCD_clear   0x000574    program     extern H:\Tamagotchi\Tamagotchi.X\LCD.asm
LCD_custom_character_set_BABY   0x000b90    program     extern H:\Tamagotchi\Tamagotchi.X\LCD.asm
LCD_custom_character_set_EGG   0x00058e    program     extern H:\Tamagotchi\Tamagotchi.X\LCD.asm
LCD_custom_character_set_LARGE   0x000dd6    program     extern H:\Tamagotchi\Tamagotchi.X\LCD.asm
LCD_custom_character_set_MEDIUM   0x000d14    program     extern H:\Tamagotchi\Tamagotchi.X\LCD.asm
LCD_custom_character_set_SMALL   0x000c52    program     extern H:\Tamagotchi\Tamagotchi.X\LCD.asm
                LCD_delay   0x00056a    program     static H:\Tamagotchi\Tamagotchi.X\LCD.asm
             LCD_delay_ms   0x000548    program     static H:\Tamagotchi\Tamagotchi.X\LCD.asm
           LCD_delay_x4us   0x000556    program     static H:\Tamagotchi\Tamagotchi.X\LCD.asm
                LCD_shift   0x000582    program     extern H:\Tamagotchi\Tamagotchi.X\LCD.asm
                    LEARN   0x000044    program     extern H:\Tamagotchi\Tamagotchi.X\learn.asm
                     LIFE   0x000366    program     static H:\Tamagotchi\Tamagotchi.X\Tamagotchi.asm
                   Line_0   0x000030    program     static H:\Tamagotchi\Tamagotchi.X\hatch.asm
                     MAIN   0x000114    program     static H:\Tamagotchi\Tamagotchi.X\Tamagotchi.asm
            MEDIUM_RABBIT   0x000d14    program     static H:\Tamagotchi\Tamagotchi.X\LCD.asm
                     MOON   0x00088e    program     static H:\Tamagotchi\Tamagotchi.X\LCD.asm
                  NEUTRAL   0x00034a    program     static H:\Tamagotchi\Tamagotchi.X\Tamagotchi.asm
                  NEUTRAL   0x000a0e    program     static H:\Tamagotchi\Tamagotchi.X\LCD.asm
                 NEW_FORM   0x0011fe    program     static H:\Tamagotchi\Tamagotchi.X\food.asm
            ONE_LIFE_LEFT   0x000398    program     static H:\Tamagotchi\Tamagotchi.X\Tamagotchi.asm
         PRESS_A_TO_HATCH   0x00011e    program     static H:\Tamagotchi\Tamagotchi.X\Tamagotchi.asm
                      SAD   0x000358    program     static H:\Tamagotchi\Tamagotchi.X\Tamagotchi.asm
                      SAD   0x000ace    program     static H:\Tamagotchi\Tamagotchi.X\LCD.asm
                   SLEEPY   0x000040    program     extern H:\Tamagotchi\Tamagotchi.X\sleepy.asm
             SMALL_RABBIT   0x000c52    program     static H:\Tamagotchi\Tamagotchi.X\LCD.asm
                   SMILEY   0x00094e    program     static H:\Tamagotchi\Tamagotchi.X\LCD.asm
                      SUN   0x0007ce    program     static H:\Tamagotchi\Tamagotchi.X\LCD.asm
           TWO_LIVES_LEFT   0x00037a    program     static H:\Tamagotchi\Tamagotchi.X\Tamagotchi.asm
                     back   0x001026    program     static H:\Tamagotchi\Tamagotchi.X\food.asm
               blank_line   0x000022    program     static H:\Tamagotchi\Tamagotchi.X\food.asm
                  check_1   0x00129e    program     static H:\Tamagotchi\Tamagotchi.X\Keyboard.asm
                  check_1   0x0001f2    program     static H:\Tamagotchi\Tamagotchi.X\Tamagotchi.asm
                  check_2   0x0012a8    program     static H:\Tamagotchi\Tamagotchi.X\Keyboard.asm
                  check_2   0x00100e    program     static H:\Tamagotchi\Tamagotchi.X\food.asm
                  check_2   0x0001fc    program     static H:\Tamagotchi\Tamagotchi.X\Tamagotchi.asm
                  check_3   0x0012b2    program     static H:\Tamagotchi\Tamagotchi.X\Keyboard.asm
                  check_3   0x000206    program     static H:\Tamagotchi\Tamagotchi.X\Tamagotchi.asm
                  check_4   0x001016    program     static H:\Tamagotchi\Tamagotchi.X\food.asm
                  check_5   0x00022e    program     static H:\Tamagotchi\Tamagotchi.X\Tamagotchi.asm
                  check_5   0x0012da    program     static H:\Tamagotchi\Tamagotchi.X\Keyboard.asm
                  check_6   0x0012e4    program     static H:\Tamagotchi\Tamagotchi.X\Keyboard.asm
                  check_6   0x00101e    program     static H:\Tamagotchi\Tamagotchi.X\food.asm
                  check_6   0x000238    program     static H:\Tamagotchi\Tamagotchi.X\Tamagotchi.asm
                  check_7   0x0012ee    program     static H:\Tamagotchi\Tamagotchi.X\Keyboard.asm
                  check_7   0x000242    program     static H:\Tamagotchi\Tamagotchi.X\Tamagotchi.asm
             check_medium   0x001206    program     static H:\Tamagotchi\Tamagotchi.X\food.asm
                   column   0x00127a    program     static H:\Tamagotchi\Tamagotchi.X\Keyboard.asm
                   column   0x0001ce    program     static H:\Tamagotchi\Tamagotchi.X\Tamagotchi.asm
                column_11   0x00025c    program     static H:\Tamagotchi\Tamagotchi.X\Tamagotchi.asm
                column_11   0x001308    program     static H:\Tamagotchi\Tamagotchi.X\Keyboard.asm
                column_12   0x001312    program     static H:\Tamagotchi\Tamagotchi.X\Keyboard.asm
                column_12   0x000266    program     static H:\Tamagotchi\Tamagotchi.X\Tamagotchi.asm
                column_13   0x00131c    program     static H:\Tamagotchi\Tamagotchi.X\Keyboard.asm
                column_13   0x000270    program     static H:\Tamagotchi\Tamagotchi.X\Tamagotchi.asm
                column_14   0x00027a    program     static H:\Tamagotchi\Tamagotchi.X\Tamagotchi.asm
                column_14   0x001326    program     static H:\Tamagotchi\Tamagotchi.X\Keyboard.asm
                column_21   0x001332    program     static H:\Tamagotchi\Tamagotchi.X\Keyboard.asm
                column_21   0x000286    program     static H:\Tamagotchi\Tamagotchi.X\Tamagotchi.asm
                column_22   0x000290    program     static H:\Tamagotchi\Tamagotchi.X\Tamagotchi.asm
                column_22   0x00133c    program     static H:\Tamagotchi\Tamagotchi.X\Keyboard.asm
                column_23   0x001346    program     static H:\Tamagotchi\Tamagotchi.X\Keyboard.asm
                column_23   0x00029a    program     static H:\Tamagotchi\Tamagotchi.X\Tamagotchi.asm
                column_24   0x001350    program     static H:\Tamagotchi\Tamagotchi.X\Keyboard.asm
                column_24   0x0002a4    program     static H:\Tamagotchi\Tamagotchi.X\Tamagotchi.asm
                column_31   0x0002b0    program     static H:\Tamagotchi\Tamagotchi.X\Tamagotchi.asm
                column_31   0x00135c    program     static H:\Tamagotchi\Tamagotchi.X\Keyboard.asm
                column_32   0x0002ba    program     static H:\Tamagotchi\Tamagotchi.X\Tamagotchi.asm
                column_32   0x001366    program     static H:\Tamagotchi\Tamagotchi.X\Keyboard.asm
                column_33   0x0002c4    program     static H:\Tamagotchi\Tamagotchi.X\Tamagotchi.asm
                column_33   0x001370    program     static H:\Tamagotchi\Tamagotchi.X\Keyboard.asm
                column_34   0x0002ce    program     static H:\Tamagotchi\Tamagotchi.X\Tamagotchi.asm
                column_34   0x00137a    program     static H:\Tamagotchi\Tamagotchi.X\Keyboard.asm
                column_41   0x001380    program     static H:\Tamagotchi\Tamagotchi.X\Keyboard.asm
                column_41   0x0002d4    program     static H:\Tamagotchi\Tamagotchi.X\Tamagotchi.asm
                column_42   0x00138a    program     static H:\Tamagotchi\Tamagotchi.X\Keyboard.asm
                column_42   0x0002de    program     static H:\Tamagotchi\Tamagotchi.X\Tamagotchi.asm
                column_43   0x001394    program     static H:\Tamagotchi\Tamagotchi.X\Keyboard.asm
                column_43   0x0002e8    program     static H:\Tamagotchi\Tamagotchi.X\Tamagotchi.asm
                column_44   0x0002f2    program     static H:\Tamagotchi\Tamagotchi.X\Tamagotchi.asm
                column_44   0x00139e    program     static H:\Tamagotchi\Tamagotchi.X\Keyboard.asm
                    crack   0x001466    program     static H:\Tamagotchi\Tamagotchi.X\hatch.asm
                      dch   0x0002f6    program     static H:\Tamagotchi\Tamagotchi.X\Tamagotchi.asm
                     dch1   0x0002fe    program     static H:\Tamagotchi\Tamagotchi.X\Tamagotchi.asm
                     dch2   0x000308    program     static H:\Tamagotchi\Tamagotchi.X\Tamagotchi.asm
                     dch3   0x00030e    program     static H:\Tamagotchi\Tamagotchi.X\Tamagotchi.asm
                   decode   0x000252    program     static H:\Tamagotchi\Tamagotchi.X\Tamagotchi.asm
                   decode   0x0012fe    program     static H:\Tamagotchi\Tamagotchi.X\Keyboard.asm
                    delay   0x0012f8    program     static H:\Tamagotchi\Tamagotchi.X\Keyboard.asm
                    delay   0x000468    program     static H:\Tamagotchi\Tamagotchi.X\Tamagotchi.asm
                  delay_1   0x00046c    program     static H:\Tamagotchi\Tamagotchi.X\Tamagotchi.asm
                  delay_1   0x00124e    program     static H:\Tamagotchi\Tamagotchi.X\food.asm
                  delay_1   0x0014b4    program     static H:\Tamagotchi\Tamagotchi.X\hatch.asm
                  delay_2   0x001258    program     static H:\Tamagotchi\Tamagotchi.X\food.asm
                  delay_2   0x0014be    program     static H:\Tamagotchi\Tamagotchi.X\hatch.asm
                  delay_2   0x000476    program     static H:\Tamagotchi\Tamagotchi.X\Tamagotchi.asm
                  delay_3   0x001262    program     static H:\Tamagotchi\Tamagotchi.X\food.asm
                  delay_3   0x0014c8    program     static H:\Tamagotchi\Tamagotchi.X\hatch.asm
                  delay_3   0x000480    program     static H:\Tamagotchi\Tamagotchi.X\Tamagotchi.asm
                  delay_k   0x00024c    program     static H:\Tamagotchi\Tamagotchi.X\Tamagotchi.asm
                  dynamic   0x001402    program     static H:\Tamagotchi\Tamagotchi.X\hatch.asm
                egg_blink   0x001442    program     static H:\Tamagotchi\Tamagotchi.X\hatch.asm
                 finished   0x000486    program     static H:\Tamagotchi\Tamagotchi.X\Tamagotchi.asm
             flash_line_1   0x000006    program     static H:\Tamagotchi\Tamagotchi.X\food.asm
             flash_line_2   0x000014    program     static H:\Tamagotchi\Tamagotchi.X\food.asm
                  flashes   0x0011ae    program     static H:\Tamagotchi\Tamagotchi.X\food.asm
               food_delay   0x00124a    program     static H:\Tamagotchi\Tamagotchi.X\food.asm
              hatch_delay   0x0014b0    program     static H:\Tamagotchi\Tamagotchi.X\hatch.asm
                    large   0x001236    program     static H:\Tamagotchi\Tamagotchi.X\food.asm
                   lcdlp1   0x00056c    program     static H:\Tamagotchi\Tamagotchi.X\LCD.asm
                   lcdlp2   0x00054a    program     static H:\Tamagotchi\Tamagotchi.X\LCD.asm
                     loop   0x0013b6    program     static H:\Tamagotchi\Tamagotchi.X\hatch.asm
                    loopb   0x000eea    program     static H:\Tamagotchi\Tamagotchi.X\food.asm
                   loopf1   0x000eae    program     static H:\Tamagotchi\Tamagotchi.X\food.asm
                   loopf2   0x000ecc    program     static H:\Tamagotchi\Tamagotchi.X\food.asm
                   medium   0x001222    program     static H:\Tamagotchi\Tamagotchi.X\food.asm
                 nested_2   0x000472    program     static H:\Tamagotchi\Tamagotchi.X\Tamagotchi.asm
                 nested_2   0x0014ba    program     static H:\Tamagotchi\Tamagotchi.X\hatch.asm
                 nested_2   0x001254    program     static H:\Tamagotchi\Tamagotchi.X\food.asm
                 nested_3   0x00125e    program     static H:\Tamagotchi\Tamagotchi.X\food.asm
                 nested_3   0x0014c4    program     static H:\Tamagotchi\Tamagotchi.X\hatch.asm
                 nested_3   0x00047c    program     static H:\Tamagotchi\Tamagotchi.X\Tamagotchi.asm
  output_PRESS_A_TO_HATCH   0x0013a2    program     extern H:\Tamagotchi\Tamagotchi.X\hatch.asm
             output_blank   0x000eda    program     static H:\Tamagotchi\Tamagotchi.X\food.asm
           output_flash_1   0x000e9e    program     static H:\Tamagotchi\Tamagotchi.X\food.asm
           output_flash_2   0x000ebc    program     static H:\Tamagotchi\Tamagotchi.X\food.asm
 output_hatching_sequence   0x0013fa    program     extern H:\Tamagotchi\Tamagotchi.X\hatch.asm
   output_starting_screen   0x0013c4    program     extern H:\Tamagotchi\Tamagotchi.X\hatch.asm
              read_column   0x000224    program     static H:\Tamagotchi\Tamagotchi.X\Tamagotchi.asm
              read_column   0x0012d0    program     static H:\Tamagotchi\Tamagotchi.X\Keyboard.asm
                 read_row   0x0001e8    program     static H:\Tamagotchi\Tamagotchi.X\Tamagotchi.asm
                 read_row   0x001294    program     static H:\Tamagotchi\Tamagotchi.X\Keyboard.asm
                    row_1   0x00027e    program     static H:\Tamagotchi\Tamagotchi.X\Tamagotchi.asm
                    row_1   0x00132a    program     static H:\Tamagotchi\Tamagotchi.X\Keyboard.asm
                    row_2   0x0002a8    program     static H:\Tamagotchi\Tamagotchi.X\Tamagotchi.asm
                    row_2   0x001354    program     static H:\Tamagotchi\Tamagotchi.X\Keyboard.asm
                    row_3   0x0002d2    program     static H:\Tamagotchi\Tamagotchi.X\Tamagotchi.asm
                    row_3   0x00137e    program     static H:\Tamagotchi\Tamagotchi.X\Keyboard.asm
                    setup   0x000100    program     static H:\Tamagotchi\Tamagotchi.X\Tamagotchi.asm
             setup_column   0x000210    program     static H:\Tamagotchi\Tamagotchi.X\Tamagotchi.asm
             setup_column   0x0012bc    program     static H:\Tamagotchi\Tamagotchi.X\Keyboard.asm
                setup_row   0x0001d4    program     static H:\Tamagotchi\Tamagotchi.X\Tamagotchi.asm
                setup_row   0x001280    program     static H:\Tamagotchi\Tamagotchi.X\Keyboard.asm
                    small   0x00120e    program     static H:\Tamagotchi\Tamagotchi.X\food.asm
                    start   0x001268    program     static H:\Tamagotchi\Tamagotchi.X\Keyboard.asm
                   symbol   0x000042    program     static H:\Tamagotchi\Tamagotchi.X\Keyboard.asm
              Key_Pressed   0x000482       data     static H:\Tamagotchi\Tamagotchi.X\Tamagotchi.asm
                LCD_cnt_h   0x000001       data     static H:\Tamagotchi\Tamagotchi.X\LCD.asm
                LCD_cnt_l   0x000000       data     static H:\Tamagotchi\Tamagotchi.X\LCD.asm
               LCD_cnt_ms   0x000002       data     static H:\Tamagotchi\Tamagotchi.X\LCD.asm
              LCD_counter   0x000004       data     static H:\Tamagotchi\Tamagotchi.X\LCD.asm
                  LCD_tmp   0x000003       data     static H:\Tamagotchi\Tamagotchi.X\LCD.asm
            counter_blank   0x000016       data     static H:\Tamagotchi\Tamagotchi.X\food.asm
           counter_column   0x00000e       data     static H:\Tamagotchi\Tamagotchi.X\Keyboard.asm
           counter_column   0x000481       data     static H:\Tamagotchi\Tamagotchi.X\Tamagotchi.asm
          counter_flash_1   0x000014       data     static H:\Tamagotchi\Tamagotchi.X\food.asm
          counter_flash_2   0x000015       data     static H:\Tamagotchi\Tamagotchi.X\food.asm
        counter_happiness   0x000005       data     static H:\Tamagotchi\Tamagotchi.X\Tamagotchi.asm
counter_happiness_decrement   0x000006       data     static H:\Tamagotchi\Tamagotchi.X\Tamagotchi.asm
counter_happiness_decrement_2   0x000007       data     static H:\Tamagotchi\Tamagotchi.X\Tamagotchi.asm
             counter_life   0x000009       data     static H:\Tamagotchi\Tamagotchi.X\Tamagotchi.asm
           counter_output   0x00001b       data     static H:\Tamagotchi\Tamagotchi.X\hatch.asm
              counter_row   0x000480       data     static H:\Tamagotchi\Tamagotchi.X\Tamagotchi.asm
              counter_row   0x00000d       data     static H:\Tamagotchi\Tamagotchi.X\Keyboard.asm
            delay_count_1   0x00000a       data     static H:\Tamagotchi\Tamagotchi.X\Tamagotchi.asm
            delay_count_2   0x00000b       data     static H:\Tamagotchi\Tamagotchi.X\Tamagotchi.asm
            delay_count_3   0x00000c       data     static H:\Tamagotchi\Tamagotchi.X\Tamagotchi.asm
         delay_counter_f1   0x000010       data     static H:\Tamagotchi\Tamagotchi.X\food.asm
         delay_counter_f2   0x000011       data     static H:\Tamagotchi\Tamagotchi.X\food.asm
         delay_counter_f3   0x000012       data     static H:\Tamagotchi\Tamagotchi.X\food.asm
         delay_counter_h1   0x000018       data     static H:\Tamagotchi\Tamagotchi.X\hatch.asm
         delay_counter_h2   0x000019       data     static H:\Tamagotchi\Tamagotchi.X\hatch.asm
         delay_counter_h3   0x00001a       data     static H:\Tamagotchi\Tamagotchi.X\hatch.asm
            flash_counter   0x000013       data     static H:\Tamagotchi\Tamagotchi.X\food.asm
             food_counter   0x000017       data     static H:\Tamagotchi\Tamagotchi.X\food.asm
                life_mode   0x000008       data     static H:\Tamagotchi\Tamagotchi.X\Tamagotchi.asm
            lifemode_food   0x00000f       data     static H:\Tamagotchi\Tamagotchi.X\food.asm
                  myArray   0x000400       data     static H:\Tamagotchi\Tamagotchi.X\Tamagotchi.asm



                              Symbols - Sorted by Address
                     Name    Address   Location    Storage File                     
                ---------  ---------  ---------  --------- ---------                
             flash_line_1   0x000006    program     static H:\Tamagotchi\Tamagotchi.X\food.asm
             flash_line_2   0x000014    program     static H:\Tamagotchi\Tamagotchi.X\food.asm
               blank_line   0x000022    program     static H:\Tamagotchi\Tamagotchi.X\food.asm
                   Line_0   0x000030    program     static H:\Tamagotchi\Tamagotchi.X\hatch.asm
                   SLEEPY   0x000040    program     extern H:\Tamagotchi\Tamagotchi.X\sleepy.asm
                   symbol   0x000042    program     static H:\Tamagotchi\Tamagotchi.X\Keyboard.asm
                    LEARN   0x000044    program     extern H:\Tamagotchi\Tamagotchi.X\learn.asm
                    DANCE   0x000046    program     extern H:\Tamagotchi\Tamagotchi.X\dance.asm
                BALL_GAME   0x000048    program     extern H:\Tamagotchi\Tamagotchi.X\ballgame.asm
                    setup   0x000100    program     static H:\Tamagotchi\Tamagotchi.X\Tamagotchi.asm
                     MAIN   0x000114    program     static H:\Tamagotchi\Tamagotchi.X\Tamagotchi.asm
         PRESS_A_TO_HATCH   0x00011e    program     static H:\Tamagotchi\Tamagotchi.X\Tamagotchi.asm
                GAME_MODE   0x00015a    program     static H:\Tamagotchi\Tamagotchi.X\Tamagotchi.asm
          CHECK_A_PRESSED   0x000164    program     static H:\Tamagotchi\Tamagotchi.X\Tamagotchi.asm
          CHECK_B_PRESSED   0x00016c    program     static H:\Tamagotchi\Tamagotchi.X\Tamagotchi.asm
          CHECK_C_PRESSED   0x00017a    program     static H:\Tamagotchi\Tamagotchi.X\Tamagotchi.asm
          CHECK_D_PRESSED   0x000188    program     static H:\Tamagotchi\Tamagotchi.X\Tamagotchi.asm
          CHECK_E_PRESSED   0x000196    program     static H:\Tamagotchi\Tamagotchi.X\Tamagotchi.asm
          CHECK_F_PRESSED   0x0001a4    program     static H:\Tamagotchi\Tamagotchi.X\Tamagotchi.asm
           Keyboard_Setup   0x0001bc    program     static H:\Tamagotchi\Tamagotchi.X\Tamagotchi.asm
                 Keyboard   0x0001c8    program     static H:\Tamagotchi\Tamagotchi.X\Tamagotchi.asm
                   column   0x0001ce    program     static H:\Tamagotchi\Tamagotchi.X\Tamagotchi.asm
                setup_row   0x0001d4    program     static H:\Tamagotchi\Tamagotchi.X\Tamagotchi.asm
                 read_row   0x0001e8    program     static H:\Tamagotchi\Tamagotchi.X\Tamagotchi.asm
                  check_1   0x0001f2    program     static H:\Tamagotchi\Tamagotchi.X\Tamagotchi.asm
                  check_2   0x0001fc    program     static H:\Tamagotchi\Tamagotchi.X\Tamagotchi.asm
                  check_3   0x000206    program     static H:\Tamagotchi\Tamagotchi.X\Tamagotchi.asm
             setup_column   0x000210    program     static H:\Tamagotchi\Tamagotchi.X\Tamagotchi.asm
              read_column   0x000224    program     static H:\Tamagotchi\Tamagotchi.X\Tamagotchi.asm
                  check_5   0x00022e    program     static H:\Tamagotchi\Tamagotchi.X\Tamagotchi.asm
                  check_6   0x000238    program     static H:\Tamagotchi\Tamagotchi.X\Tamagotchi.asm
                  check_7   0x000242    program     static H:\Tamagotchi\Tamagotchi.X\Tamagotchi.asm
                  delay_k   0x00024c    program     static H:\Tamagotchi\Tamagotchi.X\Tamagotchi.asm
                   decode   0x000252    program     static H:\Tamagotchi\Tamagotchi.X\Tamagotchi.asm
                column_11   0x00025c    program     static H:\Tamagotchi\Tamagotchi.X\Tamagotchi.asm
                column_12   0x000266    program     static H:\Tamagotchi\Tamagotchi.X\Tamagotchi.asm
                column_13   0x000270    program     static H:\Tamagotchi\Tamagotchi.X\Tamagotchi.asm
                column_14   0x00027a    program     static H:\Tamagotchi\Tamagotchi.X\Tamagotchi.asm
                    row_1   0x00027e    program     static H:\Tamagotchi\Tamagotchi.X\Tamagotchi.asm
                column_21   0x000286    program     static H:\Tamagotchi\Tamagotchi.X\Tamagotchi.asm
                column_22   0x000290    program     static H:\Tamagotchi\Tamagotchi.X\Tamagotchi.asm
                column_23   0x00029a    program     static H:\Tamagotchi\Tamagotchi.X\Tamagotchi.asm
                column_24   0x0002a4    program     static H:\Tamagotchi\Tamagotchi.X\Tamagotchi.asm
                    row_2   0x0002a8    program     static H:\Tamagotchi\Tamagotchi.X\Tamagotchi.asm
                column_31   0x0002b0    program     static H:\Tamagotchi\Tamagotchi.X\Tamagotchi.asm
                column_32   0x0002ba    program     static H:\Tamagotchi\Tamagotchi.X\Tamagotchi.asm
                column_33   0x0002c4    program     static H:\Tamagotchi\Tamagotchi.X\Tamagotchi.asm
                column_34   0x0002ce    program     static H:\Tamagotchi\Tamagotchi.X\Tamagotchi.asm
                    row_3   0x0002d2    program     static H:\Tamagotchi\Tamagotchi.X\Tamagotchi.asm
                column_41   0x0002d4    program     static H:\Tamagotchi\Tamagotchi.X\Tamagotchi.asm
                column_42   0x0002de    program     static H:\Tamagotchi\Tamagotchi.X\Tamagotchi.asm
                column_43   0x0002e8    program     static H:\Tamagotchi\Tamagotchi.X\Tamagotchi.asm
                column_44   0x0002f2    program     static H:\Tamagotchi\Tamagotchi.X\Tamagotchi.asm
                      dch   0x0002f6    program     static H:\Tamagotchi\Tamagotchi.X\Tamagotchi.asm
                     dch1   0x0002fe    program     static H:\Tamagotchi\Tamagotchi.X\Tamagotchi.asm
                     dch2   0x000308    program     static H:\Tamagotchi\Tamagotchi.X\Tamagotchi.asm
                     dch3   0x00030e    program     static H:\Tamagotchi\Tamagotchi.X\Tamagotchi.asm
                HAPPINESS   0x000328    program     static H:\Tamagotchi\Tamagotchi.X\Tamagotchi.asm
                    HAPPY   0x00033c    program     static H:\Tamagotchi\Tamagotchi.X\Tamagotchi.asm
                  NEUTRAL   0x00034a    program     static H:\Tamagotchi\Tamagotchi.X\Tamagotchi.asm
                      SAD   0x000358    program     static H:\Tamagotchi\Tamagotchi.X\Tamagotchi.asm
                     LIFE   0x000366    program     static H:\Tamagotchi\Tamagotchi.X\Tamagotchi.asm
          CHECK_LAST_LIFE   0x000372    program     static H:\Tamagotchi\Tamagotchi.X\Tamagotchi.asm
           TWO_LIVES_LEFT   0x00037a    program     static H:\Tamagotchi\Tamagotchi.X\Tamagotchi.asm
            ONE_LIFE_LEFT   0x000398    program     static H:\Tamagotchi\Tamagotchi.X\Tamagotchi.asm
                    DEATH   0x0003b6    program     static H:\Tamagotchi\Tamagotchi.X\Tamagotchi.asm
                    delay   0x000468    program     static H:\Tamagotchi\Tamagotchi.X\Tamagotchi.asm
                  delay_1   0x00046c    program     static H:\Tamagotchi\Tamagotchi.X\Tamagotchi.asm
                 nested_2   0x000472    program     static H:\Tamagotchi\Tamagotchi.X\Tamagotchi.asm
                  delay_2   0x000476    program     static H:\Tamagotchi\Tamagotchi.X\Tamagotchi.asm
                 nested_3   0x00047c    program     static H:\Tamagotchi\Tamagotchi.X\Tamagotchi.asm
                  delay_3   0x000480    program     static H:\Tamagotchi\Tamagotchi.X\Tamagotchi.asm
                LCD_Setup   0x000486    program     extern H:\Tamagotchi\Tamagotchi.X\LCD.asm
                 finished   0x000486    program     static H:\Tamagotchi\Tamagotchi.X\Tamagotchi.asm
        LCD_Write_Message   0x0004d8    program     extern H:\Tamagotchi\Tamagotchi.X\LCD.asm
         LCD_Loop_message   0x0004da    program     static H:\Tamagotchi\Tamagotchi.X\LCD.asm
          LCD_Send_Byte_I   0x0004e6    program     static H:\Tamagotchi\Tamagotchi.X\LCD.asm
          LCD_Send_Byte_D   0x000502    program     extern H:\Tamagotchi\Tamagotchi.X\LCD.asm
               LCD_Enable   0x000524    program     static H:\Tamagotchi\Tamagotchi.X\LCD.asm
             LCD_delay_ms   0x000548    program     static H:\Tamagotchi\Tamagotchi.X\LCD.asm
                   lcdlp2   0x00054a    program     static H:\Tamagotchi\Tamagotchi.X\LCD.asm
           LCD_delay_x4us   0x000556    program     static H:\Tamagotchi\Tamagotchi.X\LCD.asm
                LCD_delay   0x00056a    program     static H:\Tamagotchi\Tamagotchi.X\LCD.asm
                   lcdlp1   0x00056c    program     static H:\Tamagotchi\Tamagotchi.X\LCD.asm
                LCD_clear   0x000574    program     extern H:\Tamagotchi\Tamagotchi.X\LCD.asm
                LCD_shift   0x000582    program     extern H:\Tamagotchi\Tamagotchi.X\LCD.asm
                      EGG   0x00058e    program     static H:\Tamagotchi\Tamagotchi.X\LCD.asm
LCD_custom_character_set_EGG   0x00058e    program     extern H:\Tamagotchi\Tamagotchi.X\LCD.asm
                    HEART   0x00064e    program     static H:\Tamagotchi\Tamagotchi.X\LCD.asm
                     BABY   0x00070e    program     static H:\Tamagotchi\Tamagotchi.X\LCD.asm
                      SUN   0x0007ce    program     static H:\Tamagotchi\Tamagotchi.X\LCD.asm
                     MOON   0x00088e    program     static H:\Tamagotchi\Tamagotchi.X\LCD.asm
                   SMILEY   0x00094e    program     static H:\Tamagotchi\Tamagotchi.X\LCD.asm
                  NEUTRAL   0x000a0e    program     static H:\Tamagotchi\Tamagotchi.X\LCD.asm
                      SAD   0x000ace    program     static H:\Tamagotchi\Tamagotchi.X\LCD.asm
LCD_custom_character_set_BABY   0x000b90    program     extern H:\Tamagotchi\Tamagotchi.X\LCD.asm
                    GHOST   0x000b90    program     static H:\Tamagotchi\Tamagotchi.X\LCD.asm
             SMALL_RABBIT   0x000c52    program     static H:\Tamagotchi\Tamagotchi.X\LCD.asm
LCD_custom_character_set_SMALL   0x000c52    program     extern H:\Tamagotchi\Tamagotchi.X\LCD.asm
            MEDIUM_RABBIT   0x000d14    program     static H:\Tamagotchi\Tamagotchi.X\LCD.asm
LCD_custom_character_set_MEDIUM   0x000d14    program     extern H:\Tamagotchi\Tamagotchi.X\LCD.asm
             LARGE_RABBIT   0x000dd6    program     static H:\Tamagotchi\Tamagotchi.X\LCD.asm
LCD_custom_character_set_LARGE   0x000dd6    program     extern H:\Tamagotchi\Tamagotchi.X\LCD.asm
               FOOD_Setup   0x000e98    program     extern H:\Tamagotchi\Tamagotchi.X\food.asm
           output_flash_1   0x000e9e    program     static H:\Tamagotchi\Tamagotchi.X\food.asm
                   loopf1   0x000eae    program     static H:\Tamagotchi\Tamagotchi.X\food.asm
           output_flash_2   0x000ebc    program     static H:\Tamagotchi\Tamagotchi.X\food.asm
                   loopf2   0x000ecc    program     static H:\Tamagotchi\Tamagotchi.X\food.asm
             output_blank   0x000eda    program     static H:\Tamagotchi\Tamagotchi.X\food.asm
                    loopb   0x000eea    program     static H:\Tamagotchi\Tamagotchi.X\food.asm
                     FOOD   0x000ef8    program     extern H:\Tamagotchi\Tamagotchi.X\food.asm
             FOOD_ANIMATE   0x000efe    program     static H:\Tamagotchi\Tamagotchi.X\food.asm
             CHECK_GROWTH   0x00100e    program     static H:\Tamagotchi\Tamagotchi.X\food.asm
                  check_2   0x00100e    program     static H:\Tamagotchi\Tamagotchi.X\food.asm
                  check_4   0x001016    program     static H:\Tamagotchi\Tamagotchi.X\food.asm
                  check_6   0x00101e    program     static H:\Tamagotchi\Tamagotchi.X\food.asm
                     back   0x001026    program     static H:\Tamagotchi\Tamagotchi.X\food.asm
                   GROWTH   0x00102a    program     static H:\Tamagotchi\Tamagotchi.X\food.asm
           GROWTH_ANIMATE   0x00102e    program     static H:\Tamagotchi\Tamagotchi.X\food.asm
                  flashes   0x0011ae    program     static H:\Tamagotchi\Tamagotchi.X\food.asm
                 NEW_FORM   0x0011fe    program     static H:\Tamagotchi\Tamagotchi.X\food.asm
             check_medium   0x001206    program     static H:\Tamagotchi\Tamagotchi.X\food.asm
                    small   0x00120e    program     static H:\Tamagotchi\Tamagotchi.X\food.asm
                   medium   0x001222    program     static H:\Tamagotchi\Tamagotchi.X\food.asm
                    large   0x001236    program     static H:\Tamagotchi\Tamagotchi.X\food.asm
               food_delay   0x00124a    program     static H:\Tamagotchi\Tamagotchi.X\food.asm
                  delay_1   0x00124e    program     static H:\Tamagotchi\Tamagotchi.X\food.asm
                 nested_2   0x001254    program     static H:\Tamagotchi\Tamagotchi.X\food.asm
                  delay_2   0x001258    program     static H:\Tamagotchi\Tamagotchi.X\food.asm
                 nested_3   0x00125e    program     static H:\Tamagotchi\Tamagotchi.X\food.asm
                  delay_3   0x001262    program     static H:\Tamagotchi\Tamagotchi.X\food.asm
                    start   0x001268    program     static H:\Tamagotchi\Tamagotchi.X\Keyboard.asm
           Keyboard_Setup   0x001268    program     static H:\Tamagotchi\Tamagotchi.X\Keyboard.asm
                 Keyboard   0x001274    program     static H:\Tamagotchi\Tamagotchi.X\Keyboard.asm
                   column   0x00127a    program     static H:\Tamagotchi\Tamagotchi.X\Keyboard.asm
                setup_row   0x001280    program     static H:\Tamagotchi\Tamagotchi.X\Keyboard.asm
                 read_row   0x001294    program     static H:\Tamagotchi\Tamagotchi.X\Keyboard.asm
                  check_1   0x00129e    program     static H:\Tamagotchi\Tamagotchi.X\Keyboard.asm
                  check_2   0x0012a8    program     static H:\Tamagotchi\Tamagotchi.X\Keyboard.asm
                  check_3   0x0012b2    program     static H:\Tamagotchi\Tamagotchi.X\Keyboard.asm
             setup_column   0x0012bc    program     static H:\Tamagotchi\Tamagotchi.X\Keyboard.asm
              read_column   0x0012d0    program     static H:\Tamagotchi\Tamagotchi.X\Keyboard.asm
                  check_5   0x0012da    program     static H:\Tamagotchi\Tamagotchi.X\Keyboard.asm
                  check_6   0x0012e4    program     static H:\Tamagotchi\Tamagotchi.X\Keyboard.asm
                  check_7   0x0012ee    program     static H:\Tamagotchi\Tamagotchi.X\Keyboard.asm
                    delay   0x0012f8    program     static H:\Tamagotchi\Tamagotchi.X\Keyboard.asm
                   decode   0x0012fe    program     static H:\Tamagotchi\Tamagotchi.X\Keyboard.asm
                column_11   0x001308    program     static H:\Tamagotchi\Tamagotchi.X\Keyboard.asm
                column_12   0x001312    program     static H:\Tamagotchi\Tamagotchi.X\Keyboard.asm
                column_13   0x00131c    program     static H:\Tamagotchi\Tamagotchi.X\Keyboard.asm
                column_14   0x001326    program     static H:\Tamagotchi\Tamagotchi.X\Keyboard.asm
                    row_1   0x00132a    program     static H:\Tamagotchi\Tamagotchi.X\Keyboard.asm
                column_21   0x001332    program     static H:\Tamagotchi\Tamagotchi.X\Keyboard.asm
                column_22   0x00133c    program     static H:\Tamagotchi\Tamagotchi.X\Keyboard.asm
                column_23   0x001346    program     static H:\Tamagotchi\Tamagotchi.X\Keyboard.asm
                column_24   0x001350    program     static H:\Tamagotchi\Tamagotchi.X\Keyboard.asm
                    row_2   0x001354    program     static H:\Tamagotchi\Tamagotchi.X\Keyboard.asm
                column_31   0x00135c    program     static H:\Tamagotchi\Tamagotchi.X\Keyboard.asm
                column_32   0x001366    program     static H:\Tamagotchi\Tamagotchi.X\Keyboard.asm
                column_33   0x001370    program     static H:\Tamagotchi\Tamagotchi.X\Keyboard.asm
                column_34   0x00137a    program     static H:\Tamagotchi\Tamagotchi.X\Keyboard.asm
                    row_3   0x00137e    program     static H:\Tamagotchi\Tamagotchi.X\Keyboard.asm
                column_41   0x001380    program     static H:\Tamagotchi\Tamagotchi.X\Keyboard.asm
                column_42   0x00138a    program     static H:\Tamagotchi\Tamagotchi.X\Keyboard.asm
                column_43   0x001394    program     static H:\Tamagotchi\Tamagotchi.X\Keyboard.asm
                column_44   0x00139e    program     static H:\Tamagotchi\Tamagotchi.X\Keyboard.asm
  output_PRESS_A_TO_HATCH   0x0013a2    program     extern H:\Tamagotchi\Tamagotchi.X\hatch.asm
                     loop   0x0013b6    program     static H:\Tamagotchi\Tamagotchi.X\hatch.asm
   output_starting_screen   0x0013c4    program     extern H:\Tamagotchi\Tamagotchi.X\hatch.asm
 output_hatching_sequence   0x0013fa    program     extern H:\Tamagotchi\Tamagotchi.X\hatch.asm
                  dynamic   0x001402    program     static H:\Tamagotchi\Tamagotchi.X\hatch.asm
                egg_blink   0x001442    program     static H:\Tamagotchi\Tamagotchi.X\hatch.asm
                    crack   0x001466    program     static H:\Tamagotchi\Tamagotchi.X\hatch.asm
              hatch_delay   0x0014b0    program     static H:\Tamagotchi\Tamagotchi.X\hatch.asm
                  delay_1   0x0014b4    program     static H:\Tamagotchi\Tamagotchi.X\hatch.asm
                 nested_2   0x0014ba    program     static H:\Tamagotchi\Tamagotchi.X\hatch.asm
                  delay_2   0x0014be    program     static H:\Tamagotchi\Tamagotchi.X\hatch.asm
                 nested_3   0x0014c4    program     static H:\Tamagotchi\Tamagotchi.X\hatch.asm
                  delay_3   0x0014c8    program     static H:\Tamagotchi\Tamagotchi.X\hatch.asm
                LCD_cnt_l   0x000000       data     static H:\Tamagotchi\Tamagotchi.X\LCD.asm
                LCD_cnt_h   0x000001       data     static H:\Tamagotchi\Tamagotchi.X\LCD.asm
               LCD_cnt_ms   0x000002       data     static H:\Tamagotchi\Tamagotchi.X\LCD.asm
                  LCD_tmp   0x000003       data     static H:\Tamagotchi\Tamagotchi.X\LCD.asm
              LCD_counter   0x000004       data     static H:\Tamagotchi\Tamagotchi.X\LCD.asm
        counter_happiness   0x000005       data     static H:\Tamagotchi\Tamagotchi.X\Tamagotchi.asm
counter_happiness_decrement   0x000006       data     static H:\Tamagotchi\Tamagotchi.X\Tamagotchi.asm
counter_happiness_decrement_2   0x000007       data     static H:\Tamagotchi\Tamagotchi.X\Tamagotchi.asm
                life_mode   0x000008       data     static H:\Tamagotchi\Tamagotchi.X\Tamagotchi.asm
             counter_life   0x000009       data     static H:\Tamagotchi\Tamagotchi.X\Tamagotchi.asm
            delay_count_1   0x00000a       data     static H:\Tamagotchi\Tamagotchi.X\Tamagotchi.asm
            delay_count_2   0x00000b       data     static H:\Tamagotchi\Tamagotchi.X\Tamagotchi.asm
            delay_count_3   0x00000c       data     static H:\Tamagotchi\Tamagotchi.X\Tamagotchi.asm
              counter_row   0x00000d       data     static H:\Tamagotchi\Tamagotchi.X\Keyboard.asm
           counter_column   0x00000e       data     static H:\Tamagotchi\Tamagotchi.X\Keyboard.asm
            lifemode_food   0x00000f       data     static H:\Tamagotchi\Tamagotchi.X\food.asm
         delay_counter_f1   0x000010       data     static H:\Tamagotchi\Tamagotchi.X\food.asm
         delay_counter_f2   0x000011       data     static H:\Tamagotchi\Tamagotchi.X\food.asm
         delay_counter_f3   0x000012       data     static H:\Tamagotchi\Tamagotchi.X\food.asm
            flash_counter   0x000013       data     static H:\Tamagotchi\Tamagotchi.X\food.asm
          counter_flash_1   0x000014       data     static H:\Tamagotchi\Tamagotchi.X\food.asm
          counter_flash_2   0x000015       data     static H:\Tamagotchi\Tamagotchi.X\food.asm
            counter_blank   0x000016       data     static H:\Tamagotchi\Tamagotchi.X\food.asm
             food_counter   0x000017       data     static H:\Tamagotchi\Tamagotchi.X\food.asm
         delay_counter_h1   0x000018       data     static H:\Tamagotchi\Tamagotchi.X\hatch.asm
         delay_counter_h2   0x000019       data     static H:\Tamagotchi\Tamagotchi.X\hatch.asm
         delay_counter_h3   0x00001a       data     static H:\Tamagotchi\Tamagotchi.X\hatch.asm
           counter_output   0x00001b       data     static H:\Tamagotchi\Tamagotchi.X\hatch.asm
                  myArray   0x000400       data     static H:\Tamagotchi\Tamagotchi.X\Tamagotchi.asm
              counter_row   0x000480       data     static H:\Tamagotchi\Tamagotchi.X\Tamagotchi.asm
           counter_column   0x000481       data     static H:\Tamagotchi\Tamagotchi.X\Tamagotchi.asm
              Key_Pressed   0x000482       data     static H:\Tamagotchi\Tamagotchi.X\Tamagotchi.asm


