MPLINK 5.09, LINKER
Linker Map File - Created Thu Feb 20 17:28:07 2020

                                 Section Info
                  Section       Type    Address   Location Size(Bytes)
                ---------  ---------  ---------  ---------  ---------
                   .org_0       code   0x000000    program   0x000004
                   .cinit    romdata   0x000004    program   0x000002
                   sleepy       code   0x000006    program   0x000088
                     temp       code   0x00008e    program   0x000048
                    fdata       code   0x0000d6    program   0x00002a
                   .org_1       code   0x000100    program   0x0003c4
                      LCD       code   0x0004c4    program   0x000b96
                    learn       code   0x00105a    program   0x0004ce
                    dance       code   0x001528    program   0x000494
                     Food       code   0x0019bc    program   0x0003ae
                     ball       code   0x001d6a    program   0x000360
                    Hatch       code   0x0020ca    program   0x000120
                    pdata       code   0x0021ea    program   0x000010
.config_300000_BUILD/DEFAULT/PRODUCTION/CONFIG.    romdata   0x300000    program   0x000001
.config_300001_BUILD/DEFAULT/PRODUCTION/CONFIG.    romdata   0x300001    program   0x000001
.config_300002_BUILD/DEFAULT/PRODUCTION/CONFIG.    romdata   0x300002    program   0x000001
.config_300003_BUILD/DEFAULT/PRODUCTION/CONFIG.    romdata   0x300003    program   0x000001
.config_300004_BUILD/DEFAULT/PRODUCTION/CONFIG.    romdata   0x300004    program   0x000001
.config_300005_BUILD/DEFAULT/PRODUCTION/CONFIG.    romdata   0x300005    program   0x000001
.config_300006_BUILD/DEFAULT/PRODUCTION/CONFIG.    romdata   0x300006    program   0x000001
.config_300008_BUILD/DEFAULT/PRODUCTION/CONFIG.    romdata   0x300008    program   0x000001
.config_300009_BUILD/DEFAULT/PRODUCTION/CONFIG.    romdata   0x300009    program   0x000001
.config_30000A_BUILD/DEFAULT/PRODUCTION/CONFIG.    romdata   0x30000a    program   0x000001
.config_30000B_BUILD/DEFAULT/PRODUCTION/CONFIG.    romdata   0x30000b    program   0x000001
.config_30000C_BUILD/DEFAULT/PRODUCTION/CONFIG.    romdata   0x30000c    program   0x000001
.config_30000D_BUILD/DEFAULT/PRODUCTION/CONFIG.    romdata   0x30000d    program   0x000001
                     acs0      udata   0x000000       data   0x00001b
                     acs3      udata   0x00001b       data   0x000015
                     acs8      udata   0x000030       data   0x000009
                     acs1      udata   0x000039       data   0x000009
                     acs9      udata   0x000042       data   0x000004
                     acs5      udata   0x000046       data   0x000004
                   tables      udata   0x000400       data   0x0000c2



                              Program Memory Usage 
                               Start         End      
                           ---------   ---------      
                            0x000000    0x0021f9      
                            0x300000    0x300006      
                            0x300008    0x30000d      
            8711 out of 132120 program addresses used, program memory utilization is 6%



                              Symbols - Sorted by Name
                     Name    Address   Location    Storage File                     
                ---------  ---------  ---------  --------- ---------                
                 ADC_Read   0x0000a6    program     static H:\Tamagotchi\Tamagotchi.X\temperature.asm
                ADC_Setup   0x000094    program     extern H:\Tamagotchi\Tamagotchi.X\temperature.asm
                     BABY   0x00187e    program     static H:\Tamagotchi\Tamagotchi.X\dance.asm
                     BABY   0x00074c    program     extern H:\Tamagotchi\Tamagotchi.X\LCD.asm
                BALL_GAME   0x001d6a    program     extern H:\Tamagotchi\Tamagotchi.X\ballgame.asm
                   BOUNCE   0x001552    program     static H:\Tamagotchi\Tamagotchi.X\dance.asm
          CHECK_A_PRESSED   0x00016c    program     static H:\Tamagotchi\Tamagotchi.X\Tamagotchi.asm
          CHECK_B_PRESSED   0x000174    program     static H:\Tamagotchi\Tamagotchi.X\Tamagotchi.asm
          CHECK_C_PRESSED   0x00018a    program     static H:\Tamagotchi\Tamagotchi.X\Tamagotchi.asm
          CHECK_D_PRESSED   0x0001a0    program     static H:\Tamagotchi\Tamagotchi.X\Tamagotchi.asm
          CHECK_E_PRESSED   0x0001b6    program     static H:\Tamagotchi\Tamagotchi.X\Tamagotchi.asm
          CHECK_F_PRESSED   0x0001cc    program     static H:\Tamagotchi\Tamagotchi.X\Tamagotchi.asm
             CHECK_GROWTH   0x001b32    program     static H:\Tamagotchi\Tamagotchi.X\food.asm
          CHECK_LAST_LIFE   0x0003b0    program     static H:\Tamagotchi\Tamagotchi.X\Tamagotchi.asm
                    DANCE   0x001850    program     extern H:\Tamagotchi\Tamagotchi.X\dance.asm
                  DBALL_1   0x001528    program     static H:\Tamagotchi\Tamagotchi.X\dance.asm
                  DBALL_2   0x001536    program     static H:\Tamagotchi\Tamagotchi.X\dance.asm
              DBALL_CLEAR   0x001544    program     static H:\Tamagotchi\Tamagotchi.X\dance.asm
                    DEATH   0x0003f4    program     static H:\Tamagotchi\Tamagotchi.X\Tamagotchi.asm
                  DISCO_1   0x000ed6    program     extern H:\Tamagotchi\Tamagotchi.X\LCD.asm
                  DISCO_2   0x000f98    program     extern H:\Tamagotchi\Tamagotchi.X\LCD.asm
                      EGG   0x0005cc    program     static H:\Tamagotchi\Tamagotchi.X\LCD.asm
                     FOOD   0x001a1c    program     extern H:\Tamagotchi\Tamagotchi.X\food.asm
             FOOD_ANIMATE   0x001a22    program     static H:\Tamagotchi\Tamagotchi.X\food.asm
               FOOD_Setup   0x0019bc    program     extern H:\Tamagotchi\Tamagotchi.X\food.asm
                GAME_MODE   0x000162    program     static H:\Tamagotchi\Tamagotchi.X\Tamagotchi.asm
                    GHOST   0x000bce    program     extern H:\Tamagotchi\Tamagotchi.X\LCD.asm
                   GROWTH   0x001b50    program     static H:\Tamagotchi\Tamagotchi.X\food.asm
           GROWTH_ANIMATE   0x001b54    program     static H:\Tamagotchi\Tamagotchi.X\food.asm
                HAPPINESS   0x000360    program     static H:\Tamagotchi\Tamagotchi.X\Tamagotchi.asm
                    HAPPY   0x00037a    program     static H:\Tamagotchi\Tamagotchi.X\Tamagotchi.asm
                    HEART   0x00068c    program     static H:\Tamagotchi\Tamagotchi.X\LCD.asm
                     HOPS   0x001594    program     static H:\Tamagotchi\Tamagotchi.X\dance.asm
                 Keyboard   0x0001f0    program     static H:\Tamagotchi\Tamagotchi.X\Tamagotchi.asm
           Keyboard_Setup   0x0001e4    program     static H:\Tamagotchi\Tamagotchi.X\Tamagotchi.asm
                    LARGE   0x001944    program     static H:\Tamagotchi\Tamagotchi.X\dance.asm
             LARGE_RABBIT   0x000e14    program     extern H:\Tamagotchi\Tamagotchi.X\LCD.asm
               LCD_Enable   0x000562    program     static H:\Tamagotchi\Tamagotchi.X\LCD.asm
              LCD_Hex_Nib   0x0000c6    program     static H:\Tamagotchi\Tamagotchi.X\temperature.asm
         LCD_Loop_message   0x000518    program     static H:\Tamagotchi\Tamagotchi.X\LCD.asm
          LCD_Send_Byte_D   0x000540    program     extern H:\Tamagotchi\Tamagotchi.X\LCD.asm
          LCD_Send_Byte_I   0x000524    program     static H:\Tamagotchi\Tamagotchi.X\LCD.asm
                LCD_Setup   0x0004c4    program     extern H:\Tamagotchi\Tamagotchi.X\LCD.asm
            LCD_Write_Hex   0x0000bc    program     static H:\Tamagotchi\Tamagotchi.X\temperature.asm
        LCD_Write_Message   0x000516    program     extern H:\Tamagotchi\Tamagotchi.X\LCD.asm
                LCD_clear   0x0005b2    program     extern H:\Tamagotchi\Tamagotchi.X\LCD.asm
LCD_custom_character_set_EGG   0x0005cc    program     extern H:\Tamagotchi\Tamagotchi.X\LCD.asm
                LCD_delay   0x0005a8    program     static H:\Tamagotchi\Tamagotchi.X\LCD.asm
             LCD_delay_ms   0x000586    program     static H:\Tamagotchi\Tamagotchi.X\LCD.asm
           LCD_delay_x4us   0x000594    program     static H:\Tamagotchi\Tamagotchi.X\LCD.asm
                LCD_shift   0x0005c0    program     extern H:\Tamagotchi\Tamagotchi.X\LCD.asm
                    LEARN   0x00105a    program     extern H:\Tamagotchi\Tamagotchi.X\learn.asm
                     LIFE   0x0003a4    program     static H:\Tamagotchi\Tamagotchi.X\Tamagotchi.asm
                   Line_0   0x0021ea    program     static H:\Tamagotchi\Tamagotchi.X\hatch.asm
                     MAIN   0x000118    program     static H:\Tamagotchi\Tamagotchi.X\Tamagotchi.asm
                   MEDIUM   0x001902    program     static H:\Tamagotchi\Tamagotchi.X\dance.asm
            MEDIUM_RABBIT   0x000d52    program     extern H:\Tamagotchi\Tamagotchi.X\LCD.asm
                     MOON   0x0008cc    program     extern H:\Tamagotchi\Tamagotchi.X\LCD.asm
                  NEUTRAL   0x000a4c    program     static H:\Tamagotchi\Tamagotchi.X\LCD.asm
                  NEUTRAL   0x000388    program     static H:\Tamagotchi\Tamagotchi.X\Tamagotchi.asm
                 NEW_FORM   0x001d00    program     static H:\Tamagotchi\Tamagotchi.X\food.asm
                Numberpad   0x001398    program     static H:\Tamagotchi\Tamagotchi.X\learn.asm
            ONE_LIFE_LEFT   0x0003d6    program     static H:\Tamagotchi\Tamagotchi.X\Tamagotchi.asm
         PRESS_A_TO_HATCH   0x000122    program     static H:\Tamagotchi\Tamagotchi.X\Tamagotchi.asm
                    React   0x002048    program     static H:\Tamagotchi\Tamagotchi.X\ballgame.asm
                      SAD   0x000b0c    program     static H:\Tamagotchi\Tamagotchi.X\LCD.asm
                      SAD   0x000396    program     static H:\Tamagotchi\Tamagotchi.X\Tamagotchi.asm
                   SLEEPY   0x000006    program     extern H:\Tamagotchi\Tamagotchi.X\sleepy.asm
                    SMALL   0x0018b4    program     static H:\Tamagotchi\Tamagotchi.X\dance.asm
             SMALL_RABBIT   0x000c90    program     extern H:\Tamagotchi\Tamagotchi.X\LCD.asm
                   SMILEY   0x00098c    program     static H:\Tamagotchi\Tamagotchi.X\LCD.asm
                      SUN   0x00080c    program     static H:\Tamagotchi\Tamagotchi.X\LCD.asm
              TEMPERATURE   0x00008e    program     extern H:\Tamagotchi\Tamagotchi.X\temperature.asm
           TWO_LIVES_LEFT   0x0003b8    program     static H:\Tamagotchi\Tamagotchi.X\Tamagotchi.asm
                     WAVE   0x001796    program     static H:\Tamagotchi\Tamagotchi.X\dance.asm
                 adc_loop   0x0000a8    program     static H:\Tamagotchi\Tamagotchi.X\temperature.asm
                     back   0x001b4c    program     static H:\Tamagotchi\Tamagotchi.X\food.asm
                     ball   0x001dfa    program     static H:\Tamagotchi\Tamagotchi.X\ballgame.asm
               ball_delay   0x0020ac    program     static H:\Tamagotchi\Tamagotchi.X\ballgame.asm
               blank_line   0x0000f2    program     static H:\Tamagotchi\Tamagotchi.X\food.asm
                     c_11   0x0011fc    program     static H:\Tamagotchi\Tamagotchi.X\learn.asm
                     c_12   0x00120c    program     static H:\Tamagotchi\Tamagotchi.X\learn.asm
                     c_13   0x00121c    program     static H:\Tamagotchi\Tamagotchi.X\learn.asm
                     c_14   0x00122c    program     static H:\Tamagotchi\Tamagotchi.X\learn.asm
                     c_15   0x00123c    program     static H:\Tamagotchi\Tamagotchi.X\learn.asm
                     c_16   0x00124c    program     static H:\Tamagotchi\Tamagotchi.X\learn.asm
                     c_17   0x00125c    program     static H:\Tamagotchi\Tamagotchi.X\learn.asm
                     c_18   0x00126c    program     static H:\Tamagotchi\Tamagotchi.X\learn.asm
                     c_1s   0x0012ac    program     static H:\Tamagotchi\Tamagotchi.X\learn.asm
                     c_2s   0x0012b8    program     static H:\Tamagotchi\Tamagotchi.X\learn.asm
                     c_3s   0x0012c4    program     static H:\Tamagotchi\Tamagotchi.X\learn.asm
                     c_4s   0x0012d0    program     static H:\Tamagotchi\Tamagotchi.X\learn.asm
                     c_5s   0x0012dc    program     static H:\Tamagotchi\Tamagotchi.X\learn.asm
                     c_6s   0x0012e8    program     static H:\Tamagotchi\Tamagotchi.X\learn.asm
                     c_7s   0x0012f4    program     static H:\Tamagotchi\Tamagotchi.X\learn.asm
                     c_8s   0x001300    program     static H:\Tamagotchi\Tamagotchi.X\learn.asm
                     c_9s   0x00130c    program     static H:\Tamagotchi\Tamagotchi.X\learn.asm
                calculate   0x001192    program     static H:\Tamagotchi\Tamagotchi.X\learn.asm
                  check_1   0x0013d8    program     static H:\Tamagotchi\Tamagotchi.X\learn.asm
                  check_1   0x00186e    program     static H:\Tamagotchi\Tamagotchi.X\dance.asm
                  check_1   0x002094    program     static H:\Tamagotchi\Tamagotchi.X\ballgame.asm
                  check_1   0x00021a    program     static H:\Tamagotchi\Tamagotchi.X\Tamagotchi.asm
                  check_2   0x00209a    program     static H:\Tamagotchi\Tamagotchi.X\ballgame.asm
                  check_2   0x000224    program     static H:\Tamagotchi\Tamagotchi.X\Tamagotchi.asm
                  check_2   0x0013e2    program     static H:\Tamagotchi\Tamagotchi.X\learn.asm
                  check_2   0x001b32    program     static H:\Tamagotchi\Tamagotchi.X\food.asm
                  check_2   0x001876    program     static H:\Tamagotchi\Tamagotchi.X\dance.asm
                  check_3   0x0020a0    program     static H:\Tamagotchi\Tamagotchi.X\ballgame.asm
                  check_3   0x0013ec    program     static H:\Tamagotchi\Tamagotchi.X\learn.asm
                  check_3   0x00022e    program     static H:\Tamagotchi\Tamagotchi.X\Tamagotchi.asm
                  check_4   0x001b3c    program     static H:\Tamagotchi\Tamagotchi.X\food.asm
                  check_5   0x001414    program     static H:\Tamagotchi\Tamagotchi.X\learn.asm
                  check_5   0x000256    program     static H:\Tamagotchi\Tamagotchi.X\Tamagotchi.asm
                  check_6   0x00141e    program     static H:\Tamagotchi\Tamagotchi.X\learn.asm
                  check_6   0x000260    program     static H:\Tamagotchi\Tamagotchi.X\Tamagotchi.asm
                  check_6   0x001b44    program     static H:\Tamagotchi\Tamagotchi.X\food.asm
                  check_7   0x001428    program     static H:\Tamagotchi\Tamagotchi.X\learn.asm
                  check_7   0x00026a    program     static H:\Tamagotchi\Tamagotchi.X\Tamagotchi.asm
      check_double_result   0x0011ec    program     static H:\Tamagotchi\Tamagotchi.X\learn.asm
             check_medium   0x001d08    program     static H:\Tamagotchi\Tamagotchi.X\food.asm
      check_single_result   0x0012a0    program     static H:\Tamagotchi\Tamagotchi.X\learn.asm
                   column   0x0001f6    program     static H:\Tamagotchi\Tamagotchi.X\Tamagotchi.asm
                   column   0x0013a2    program     static H:\Tamagotchi\Tamagotchi.X\learn.asm
                column_11   0x001442    program     static H:\Tamagotchi\Tamagotchi.X\learn.asm
                column_11   0x000284    program     static H:\Tamagotchi\Tamagotchi.X\Tamagotchi.asm
                column_12   0x00028e    program     static H:\Tamagotchi\Tamagotchi.X\Tamagotchi.asm
                column_12   0x001452    program     static H:\Tamagotchi\Tamagotchi.X\learn.asm
                column_13   0x000298    program     static H:\Tamagotchi\Tamagotchi.X\Tamagotchi.asm
                column_13   0x001462    program     static H:\Tamagotchi\Tamagotchi.X\learn.asm
                column_14   0x001470    program     static H:\Tamagotchi\Tamagotchi.X\learn.asm
                column_14   0x0002a2    program     static H:\Tamagotchi\Tamagotchi.X\Tamagotchi.asm
                column_21   0x00147a    program     static H:\Tamagotchi\Tamagotchi.X\learn.asm
                column_21   0x0002ae    program     static H:\Tamagotchi\Tamagotchi.X\Tamagotchi.asm
                column_22   0x00148a    program     static H:\Tamagotchi\Tamagotchi.X\learn.asm
                column_22   0x0002b8    program     static H:\Tamagotchi\Tamagotchi.X\Tamagotchi.asm
                column_23   0x0002c2    program     static H:\Tamagotchi\Tamagotchi.X\Tamagotchi.asm
                column_23   0x00149a    program     static H:\Tamagotchi\Tamagotchi.X\learn.asm
                column_24   0x0002cc    program     static H:\Tamagotchi\Tamagotchi.X\Tamagotchi.asm
                column_24   0x0014aa    program     static H:\Tamagotchi\Tamagotchi.X\learn.asm
                column_31   0x0002d8    program     static H:\Tamagotchi\Tamagotchi.X\Tamagotchi.asm
                column_31   0x0014b4    program     static H:\Tamagotchi\Tamagotchi.X\learn.asm
                column_32   0x0002e2    program     static H:\Tamagotchi\Tamagotchi.X\Tamagotchi.asm
                column_32   0x0014c4    program     static H:\Tamagotchi\Tamagotchi.X\learn.asm
                column_33   0x0014d4    program     static H:\Tamagotchi\Tamagotchi.X\learn.asm
                column_33   0x0002ec    program     static H:\Tamagotchi\Tamagotchi.X\Tamagotchi.asm
                column_34   0x0014e4    program     static H:\Tamagotchi\Tamagotchi.X\learn.asm
                column_34   0x0002f6    program     static H:\Tamagotchi\Tamagotchi.X\Tamagotchi.asm
                column_41   0x0014e8    program     static H:\Tamagotchi\Tamagotchi.X\learn.asm
                column_41   0x0002fc    program     static H:\Tamagotchi\Tamagotchi.X\Tamagotchi.asm
                column_42   0x0014f0    program     static H:\Tamagotchi\Tamagotchi.X\learn.asm
                column_42   0x000306    program     static H:\Tamagotchi\Tamagotchi.X\Tamagotchi.asm
                column_43   0x001500    program     static H:\Tamagotchi\Tamagotchi.X\learn.asm
                column_43   0x000310    program     static H:\Tamagotchi\Tamagotchi.X\Tamagotchi.asm
                column_44   0x001508    program     static H:\Tamagotchi\Tamagotchi.X\learn.asm
                column_44   0x00031a    program     static H:\Tamagotchi\Tamagotchi.X\Tamagotchi.asm
                 continue   0x0013ce    program     static H:\Tamagotchi\Tamagotchi.X\learn.asm
                      cr0   0x0010ae    program     static H:\Tamagotchi\Tamagotchi.X\learn.asm
                      cr1   0x0010ba    program     static H:\Tamagotchi\Tamagotchi.X\learn.asm
                      cr2   0x0010c6    program     static H:\Tamagotchi\Tamagotchi.X\learn.asm
                     cr20   0x001120    program     static H:\Tamagotchi\Tamagotchi.X\learn.asm
                     cr21   0x00112c    program     static H:\Tamagotchi\Tamagotchi.X\learn.asm
                     cr22   0x001138    program     static H:\Tamagotchi\Tamagotchi.X\learn.asm
                     cr23   0x001144    program     static H:\Tamagotchi\Tamagotchi.X\learn.asm
                     cr24   0x001150    program     static H:\Tamagotchi\Tamagotchi.X\learn.asm
                     cr25   0x00115c    program     static H:\Tamagotchi\Tamagotchi.X\learn.asm
                     cr26   0x001168    program     static H:\Tamagotchi\Tamagotchi.X\learn.asm
                     cr27   0x001174    program     static H:\Tamagotchi\Tamagotchi.X\learn.asm
                     cr28   0x001180    program     static H:\Tamagotchi\Tamagotchi.X\learn.asm
                     cr29   0x00118c    program     static H:\Tamagotchi\Tamagotchi.X\learn.asm
                      cr3   0x0010d2    program     static H:\Tamagotchi\Tamagotchi.X\learn.asm
                      cr4   0x0010de    program     static H:\Tamagotchi\Tamagotchi.X\learn.asm
                      cr5   0x0010ea    program     static H:\Tamagotchi\Tamagotchi.X\learn.asm
                      cr6   0x0010f6    program     static H:\Tamagotchi\Tamagotchi.X\learn.asm
                      cr7   0x001102    program     static H:\Tamagotchi\Tamagotchi.X\learn.asm
                      cr8   0x00110e    program     static H:\Tamagotchi\Tamagotchi.X\learn.asm
                      cr9   0x00111a    program     static H:\Tamagotchi\Tamagotchi.X\learn.asm
                    crack   0x00218a    program     static H:\Tamagotchi\Tamagotchi.X\hatch.asm
              dance_delay   0x00199e    program     static H:\Tamagotchi\Tamagotchi.X\dance.asm
                      dch   0x00031e    program     static H:\Tamagotchi\Tamagotchi.X\Tamagotchi.asm
                     dch1   0x000326    program     static H:\Tamagotchi\Tamagotchi.X\Tamagotchi.asm
                     dch2   0x000330    program     static H:\Tamagotchi\Tamagotchi.X\Tamagotchi.asm
                     dch3   0x000336    program     static H:\Tamagotchi\Tamagotchi.X\Tamagotchi.asm
                     dch4   0x00033c    program     static H:\Tamagotchi\Tamagotchi.X\Tamagotchi.asm
                     dch5   0x000342    program     static H:\Tamagotchi\Tamagotchi.X\Tamagotchi.asm
                   decode   0x00027a    program     static H:\Tamagotchi\Tamagotchi.X\Tamagotchi.asm
                   decode   0x001438    program     static H:\Tamagotchi\Tamagotchi.X\learn.asm
                    delay   0x0004a6    program     static H:\Tamagotchi\Tamagotchi.X\Tamagotchi.asm
                    delay   0x001432    program     static H:\Tamagotchi\Tamagotchi.X\learn.asm
                  delay_1   0x00150e    program     static H:\Tamagotchi\Tamagotchi.X\learn.asm
                  delay_1   0x001d50    program     static H:\Tamagotchi\Tamagotchi.X\food.asm
                  delay_1   0x0021d0    program     static H:\Tamagotchi\Tamagotchi.X\hatch.asm
                  delay_1   0x0020b0    program     static H:\Tamagotchi\Tamagotchi.X\ballgame.asm
                  delay_1   0x000074    program     static H:\Tamagotchi\Tamagotchi.X\sleepy.asm
                  delay_1   0x0019a2    program     static H:\Tamagotchi\Tamagotchi.X\dance.asm
                  delay_1   0x0004aa    program     static H:\Tamagotchi\Tamagotchi.X\Tamagotchi.asm
                  delay_2   0x001d5a    program     static H:\Tamagotchi\Tamagotchi.X\food.asm
                  delay_2   0x0004b4    program     static H:\Tamagotchi\Tamagotchi.X\Tamagotchi.asm
                  delay_2   0x0019ac    program     static H:\Tamagotchi\Tamagotchi.X\dance.asm
                  delay_2   0x00007e    program     static H:\Tamagotchi\Tamagotchi.X\sleepy.asm
                  delay_2   0x0021da    program     static H:\Tamagotchi\Tamagotchi.X\hatch.asm
                  delay_2   0x0020ba    program     static H:\Tamagotchi\Tamagotchi.X\ballgame.asm
                  delay_2   0x001518    program     static H:\Tamagotchi\Tamagotchi.X\learn.asm
                  delay_3   0x0019b6    program     static H:\Tamagotchi\Tamagotchi.X\dance.asm
                  delay_3   0x001522    program     static H:\Tamagotchi\Tamagotchi.X\learn.asm
                  delay_3   0x0021e4    program     static H:\Tamagotchi\Tamagotchi.X\hatch.asm
                  delay_3   0x0020c4    program     static H:\Tamagotchi\Tamagotchi.X\ballgame.asm
                  delay_3   0x001d64    program     static H:\Tamagotchi\Tamagotchi.X\food.asm
                  delay_3   0x0004be    program     static H:\Tamagotchi\Tamagotchi.X\Tamagotchi.asm
                  delay_3   0x000088    program     static H:\Tamagotchi\Tamagotchi.X\sleepy.asm
                  delay_k   0x000274    program     static H:\Tamagotchi\Tamagotchi.X\Tamagotchi.asm
                  delay_k   0x0020a6    program     static H:\Tamagotchi\Tamagotchi.X\ballgame.asm
                      die   0x001f64    program     static H:\Tamagotchi\Tamagotchi.X\ballgame.asm
             double_input   0x0011ba    program     static H:\Tamagotchi\Tamagotchi.X\learn.asm
                  dynamic   0x002126    program     static H:\Tamagotchi\Tamagotchi.X\hatch.asm
                egg_blink   0x002166    program     static H:\Tamagotchi\Tamagotchi.X\hatch.asm
                 finished   0x0004c4    program     static H:\Tamagotchi\Tamagotchi.X\Tamagotchi.asm
             flash_line_1   0x0000d6    program     static H:\Tamagotchi\Tamagotchi.X\food.asm
             flash_line_2   0x0000e4    program     static H:\Tamagotchi\Tamagotchi.X\food.asm
                  flashes   0x001cb8    program     static H:\Tamagotchi\Tamagotchi.X\food.asm
               food_delay   0x001d4c    program     static H:\Tamagotchi\Tamagotchi.X\food.asm
                  guessed   0x0011b2    program     static H:\Tamagotchi\Tamagotchi.X\learn.asm
              hatch_delay   0x0021cc    program     static H:\Tamagotchi\Tamagotchi.X\hatch.asm
                     hops   0x0018dc    program     static H:\Tamagotchi\Tamagotchi.X\dance.asm
                     jump   0x001eee    program     static H:\Tamagotchi\Tamagotchi.X\ballgame.asm
                    large   0x001d38    program     static H:\Tamagotchi\Tamagotchi.X\food.asm
                   lcdlp1   0x0005aa    program     static H:\Tamagotchi\Tamagotchi.X\LCD.asm
                   lcdlp2   0x000588    program     static H:\Tamagotchi\Tamagotchi.X\LCD.asm
                    learn   0x00107e    program     static H:\Tamagotchi\Tamagotchi.X\learn.asm
              learn_delay   0x00150a    program     static H:\Tamagotchi\Tamagotchi.X\learn.asm
                     loop   0x0020de    program     static H:\Tamagotchi\Tamagotchi.X\hatch.asm
                    loopb   0x001a0e    program     static H:\Tamagotchi\Tamagotchi.X\food.asm
                   loopf1   0x0019d2    program     static H:\Tamagotchi\Tamagotchi.X\food.asm
                   loopf2   0x0019f0    program     static H:\Tamagotchi\Tamagotchi.X\food.asm
                  measure   0x0000ae    program     static H:\Tamagotchi\Tamagotchi.X\temperature.asm
                   medium   0x001d24    program     static H:\Tamagotchi\Tamagotchi.X\food.asm
               move_ghost   0x001f28    program     static H:\Tamagotchi\Tamagotchi.X\ballgame.asm
                       n2   0x00206c    program     static H:\Tamagotchi\Tamagotchi.X\ballgame.asm
                       n3   0x00207a    program     static H:\Tamagotchi\Tamagotchi.X\ballgame.asm
                      n_2   0x001f14    program     static H:\Tamagotchi\Tamagotchi.X\ballgame.asm
                      n_3   0x001f1e    program     static H:\Tamagotchi\Tamagotchi.X\ballgame.asm
                 nested_2   0x0021d6    program     static H:\Tamagotchi\Tamagotchi.X\hatch.asm
                 nested_2   0x001514    program     static H:\Tamagotchi\Tamagotchi.X\learn.asm
                 nested_2   0x0020b6    program     static H:\Tamagotchi\Tamagotchi.X\ballgame.asm
                 nested_2   0x00007a    program     static H:\Tamagotchi\Tamagotchi.X\sleepy.asm
                 nested_2   0x0019a8    program     static H:\Tamagotchi\Tamagotchi.X\dance.asm
                 nested_2   0x0004b0    program     static H:\Tamagotchi\Tamagotchi.X\Tamagotchi.asm
                 nested_2   0x001d56    program     static H:\Tamagotchi\Tamagotchi.X\food.asm
                 nested_3   0x0020c0    program     static H:\Tamagotchi\Tamagotchi.X\ballgame.asm
                 nested_3   0x0019b2    program     static H:\Tamagotchi\Tamagotchi.X\dance.asm
                 nested_3   0x001d60    program     static H:\Tamagotchi\Tamagotchi.X\food.asm
                 nested_3   0x000084    program     static H:\Tamagotchi\Tamagotchi.X\sleepy.asm
                 nested_3   0x0004ba    program     static H:\Tamagotchi\Tamagotchi.X\Tamagotchi.asm
                 nested_3   0x00151e    program     static H:\Tamagotchi\Tamagotchi.X\learn.asm
                 nested_3   0x0021e0    program     static H:\Tamagotchi\Tamagotchi.X\hatch.asm
                 no_press   0x002088    program     static H:\Tamagotchi\Tamagotchi.X\ballgame.asm
  output_PRESS_A_TO_HATCH   0x0020ca    program     extern H:\Tamagotchi\Tamagotchi.X\hatch.asm
             output_blank   0x0019fe    program     static H:\Tamagotchi\Tamagotchi.X\food.asm
            output_double   0x001276    program     static H:\Tamagotchi\Tamagotchi.X\learn.asm
           output_flash_1   0x0019c2    program     static H:\Tamagotchi\Tamagotchi.X\food.asm
           output_flash_2   0x0019e0    program     static H:\Tamagotchi\Tamagotchi.X\food.asm
 output_hatching_sequence   0x002122    program     extern H:\Tamagotchi\Tamagotchi.X\hatch.asm
            output_single   0x001312    program     static H:\Tamagotchi\Tamagotchi.X\learn.asm
   output_starting_screen   0x0020ec    program     extern H:\Tamagotchi\Tamagotchi.X\hatch.asm
              read_column   0x00024c    program     static H:\Tamagotchi\Tamagotchi.X\Tamagotchi.asm
              read_column   0x00140a    program     static H:\Tamagotchi\Tamagotchi.X\learn.asm
                 read_row   0x00208e    program     static H:\Tamagotchi\Tamagotchi.X\ballgame.asm
                 read_row   0x000210    program     static H:\Tamagotchi\Tamagotchi.X\Tamagotchi.asm
                 read_row   0x0013bc    program     static H:\Tamagotchi\Tamagotchi.X\learn.asm
                    right   0x001350    program     static H:\Tamagotchi\Tamagotchi.X\learn.asm
                    row_1   0x001472    program     static H:\Tamagotchi\Tamagotchi.X\learn.asm
                    row_1   0x0002a6    program     static H:\Tamagotchi\Tamagotchi.X\Tamagotchi.asm
                    row_2   0x0014ac    program     static H:\Tamagotchi\Tamagotchi.X\learn.asm
                    row_2   0x0002d0    program     static H:\Tamagotchi\Tamagotchi.X\Tamagotchi.asm
                    row_3   0x0014e6    program     static H:\Tamagotchi\Tamagotchi.X\learn.asm
                    row_3   0x0002fa    program     static H:\Tamagotchi\Tamagotchi.X\Tamagotchi.asm
                      rst   0x0013c8    program     static H:\Tamagotchi\Tamagotchi.X\learn.asm
                    setup   0x000100    program     static H:\Tamagotchi\Tamagotchi.X\Tamagotchi.asm
             setup_column   0x0013f6    program     static H:\Tamagotchi\Tamagotchi.X\learn.asm
             setup_column   0x000238    program     static H:\Tamagotchi\Tamagotchi.X\Tamagotchi.asm
                setup_row   0x0013a8    program     static H:\Tamagotchi\Tamagotchi.X\learn.asm
                setup_row   0x0001fc    program     static H:\Tamagotchi\Tamagotchi.X\Tamagotchi.asm
                setup_row   0x00204e    program     static H:\Tamagotchi\Tamagotchi.X\ballgame.asm
             single_input   0x001284    program     static H:\Tamagotchi\Tamagotchi.X\learn.asm
             sleepy_delay   0x000070    program     static H:\Tamagotchi\Tamagotchi.X\sleepy.asm
                    small   0x001d10    program     static H:\Tamagotchi\Tamagotchi.X\food.asm
                       t1   0x002066    program     static H:\Tamagotchi\Tamagotchi.X\ballgame.asm
                       t2   0x002074    program     static H:\Tamagotchi\Tamagotchi.X\ballgame.asm
                       t3   0x002082    program     static H:\Tamagotchi\Tamagotchi.X\ballgame.asm
                      t_1   0x001f0e    program     static H:\Tamagotchi\Tamagotchi.X\ballgame.asm
                      t_2   0x001f18    program     static H:\Tamagotchi\Tamagotchi.X\ballgame.asm
                      t_3   0x001f22    program     static H:\Tamagotchi\Tamagotchi.X\ballgame.asm
                    timer   0x002062    program     static H:\Tamagotchi\Tamagotchi.X\ballgame.asm
                     wave   0x00179a    program     static H:\Tamagotchi\Tamagotchi.X\dance.asm
                    wrong   0x00131a    program     static H:\Tamagotchi\Tamagotchi.X\learn.asm
                        z   0x000016    program     static H:\Tamagotchi\Tamagotchi.X\sleepy.asm
              Key_Pressed   0x000482       data     static H:\Tamagotchi\Tamagotchi.X\Tamagotchi.asm
                LCD_cnt_h   0x000001       data     static H:\Tamagotchi\Tamagotchi.X\LCD.asm
                LCD_cnt_l   0x000000       data     static H:\Tamagotchi\Tamagotchi.X\LCD.asm
               LCD_cnt_ms   0x000002       data     static H:\Tamagotchi\Tamagotchi.X\LCD.asm
              LCD_counter   0x000004       data     static H:\Tamagotchi\Tamagotchi.X\LCD.asm
              LCD_hex_tmp   0x000044       data     static H:\Tamagotchi\Tamagotchi.X\temperature.asm
                  LCD_tmp   0x000045       data     static H:\Tamagotchi\Tamagotchi.X\temperature.asm
                  LCD_tmp   0x000003       data     static H:\Tamagotchi\Tamagotchi.X\LCD.asm
     Number_pressed_1_int   0x000020       data     static H:\Tamagotchi\Tamagotchi.X\learn.asm
  Number_pressed_1_string   0x000022       data     static H:\Tamagotchi\Tamagotchi.X\learn.asm
     Number_pressed_2_int   0x000021       data     static H:\Tamagotchi\Tamagotchi.X\learn.asm
  Number_pressed_2_string   0x000023       data     static H:\Tamagotchi\Tamagotchi.X\learn.asm
        Temperature_hex_1   0x000042       data     extern H:\Tamagotchi\Tamagotchi.X\temperature.asm
        Temperature_hex_2   0x000043       data     extern H:\Tamagotchi\Tamagotchi.X\temperature.asm
                    count   0x00002f       data     static H:\Tamagotchi\Tamagotchi.X\learn.asm
            counter_blank   0x000040       data     static H:\Tamagotchi\Tamagotchi.X\food.asm
           counter_column   0x000481       data     static H:\Tamagotchi\Tamagotchi.X\Tamagotchi.asm
           counter_column   0x00001c       data     static H:\Tamagotchi\Tamagotchi.X\learn.asm
          counter_flash_1   0x00003e       data     static H:\Tamagotchi\Tamagotchi.X\food.asm
          counter_flash_2   0x00003f       data     static H:\Tamagotchi\Tamagotchi.X\food.asm
        counter_happiness   0x000005       data     static H:\Tamagotchi\Tamagotchi.X\Tamagotchi.asm
counter_happiness_decrement   0x000006       data     static H:\Tamagotchi\Tamagotchi.X\Tamagotchi.asm
counter_happiness_decrement_2   0x000007       data     static H:\Tamagotchi\Tamagotchi.X\Tamagotchi.asm
counter_happiness_decrement_3   0x000008       data     static H:\Tamagotchi\Tamagotchi.X\Tamagotchi.asm
             counter_life   0x00000a       data     static H:\Tamagotchi\Tamagotchi.X\Tamagotchi.asm
           counter_output   0x000019       data     static H:\Tamagotchi\Tamagotchi.X\hatch.asm
              counter_row   0x00001b       data     static H:\Tamagotchi\Tamagotchi.X\learn.asm
              counter_row   0x000480       data     static H:\Tamagotchi\Tamagotchi.X\Tamagotchi.asm
       dance_counter_baby   0x000012       data     static H:\Tamagotchi\Tamagotchi.X\dance.asm
    dance_counter_small_1   0x000013       data     static H:\Tamagotchi\Tamagotchi.X\dance.asm
    dance_counter_small_2   0x000014       data     static H:\Tamagotchi\Tamagotchi.X\dance.asm
            delay_count_1   0x00000b       data     static H:\Tamagotchi\Tamagotchi.X\Tamagotchi.asm
            delay_count_2   0x00000c       data     static H:\Tamagotchi\Tamagotchi.X\Tamagotchi.asm
            delay_count_3   0x00000d       data     static H:\Tamagotchi\Tamagotchi.X\Tamagotchi.asm
           delay_count_b1   0x000030       data     static H:\Tamagotchi\Tamagotchi.X\ballgame.asm
           delay_count_b2   0x000031       data     static H:\Tamagotchi\Tamagotchi.X\ballgame.asm
           delay_count_b3   0x000032       data     static H:\Tamagotchi\Tamagotchi.X\ballgame.asm
           delay_count_l1   0x00001d       data     static H:\Tamagotchi\Tamagotchi.X\learn.asm
           delay_count_l2   0x00001e       data     static H:\Tamagotchi\Tamagotchi.X\learn.asm
           delay_count_l3   0x00001f       data     static H:\Tamagotchi\Tamagotchi.X\learn.asm
           delay_count_s1   0x000047       data     static H:\Tamagotchi\Tamagotchi.X\sleepy.asm
           delay_count_s2   0x000048       data     static H:\Tamagotchi\Tamagotchi.X\sleepy.asm
           delay_count_s3   0x000049       data     static H:\Tamagotchi\Tamagotchi.X\sleepy.asm
         delay_counter_d1   0x00000f       data     static H:\Tamagotchi\Tamagotchi.X\dance.asm
         delay_counter_d2   0x000010       data     static H:\Tamagotchi\Tamagotchi.X\dance.asm
         delay_counter_d3   0x000011       data     static H:\Tamagotchi\Tamagotchi.X\dance.asm
         delay_counter_f1   0x00003a       data     static H:\Tamagotchi\Tamagotchi.X\food.asm
         delay_counter_f2   0x00003b       data     static H:\Tamagotchi\Tamagotchi.X\food.asm
         delay_counter_f3   0x00003c       data     static H:\Tamagotchi\Tamagotchi.X\food.asm
         delay_counter_h1   0x000016       data     static H:\Tamagotchi\Tamagotchi.X\hatch.asm
         delay_counter_h2   0x000017       data     static H:\Tamagotchi\Tamagotchi.X\hatch.asm
         delay_counter_h3   0x000018       data     static H:\Tamagotchi\Tamagotchi.X\hatch.asm
            flash_counter   0x00003d       data     static H:\Tamagotchi\Tamagotchi.X\food.asm
             food_counter   0x000041       data     static H:\Tamagotchi\Tamagotchi.X\food.asm
                    guess   0x000028       data     static H:\Tamagotchi\Tamagotchi.X\learn.asm
                  guess_1   0x000029       data     static H:\Tamagotchi\Tamagotchi.X\learn.asm
              guess_1_str   0x00002d       data     static H:\Tamagotchi\Tamagotchi.X\learn.asm
                  guess_2   0x00002a       data     static H:\Tamagotchi\Tamagotchi.X\learn.asm
              guess_2_str   0x00002e       data     static H:\Tamagotchi\Tamagotchi.X\learn.asm
                  integer   0x000024       data     static H:\Tamagotchi\Tamagotchi.X\learn.asm
                life_mode   0x000009       data     static H:\Tamagotchi\Tamagotchi.X\Tamagotchi.asm
           lifemode_dance   0x00000e       data     static H:\Tamagotchi\Tamagotchi.X\dance.asm
            lifemode_food   0x000039       data     static H:\Tamagotchi\Tamagotchi.X\food.asm
                     loop   0x000046       data     static H:\Tamagotchi\Tamagotchi.X\sleepy.asm
                  myArray   0x000400       data     static H:\Tamagotchi\Tamagotchi.X\Tamagotchi.asm
                 output_1   0x00002b       data     static H:\Tamagotchi\Tamagotchi.X\learn.asm
                 output_2   0x00002c       data     static H:\Tamagotchi\Tamagotchi.X\learn.asm
            random_number   0x000027       data     static H:\Tamagotchi\Tamagotchi.X\learn.asm
                  repeats   0x00001a       data     static H:\Tamagotchi\Tamagotchi.X\hatch.asm
                   result   0x000026       data     static H:\Tamagotchi\Tamagotchi.X\learn.asm
                   string   0x000025       data     static H:\Tamagotchi\Tamagotchi.X\learn.asm
                  timer_1   0x000033       data     static H:\Tamagotchi\Tamagotchi.X\ballgame.asm
        timer_1_remaining   0x000036       data     static H:\Tamagotchi\Tamagotchi.X\ballgame.asm
                  timer_2   0x000034       data     static H:\Tamagotchi\Tamagotchi.X\ballgame.asm
        timer_2_remaining   0x000037       data     static H:\Tamagotchi\Tamagotchi.X\ballgame.asm
                  timer_3   0x000035       data     static H:\Tamagotchi\Tamagotchi.X\ballgame.asm
        timer_3_remaining   0x000038       data     static H:\Tamagotchi\Tamagotchi.X\ballgame.asm
             wave_counter   0x000015       data     static H:\Tamagotchi\Tamagotchi.X\dance.asm



                              Symbols - Sorted by Address
                     Name    Address   Location    Storage File                     
                ---------  ---------  ---------  --------- ---------                
                   SLEEPY   0x000006    program     extern H:\Tamagotchi\Tamagotchi.X\sleepy.asm
                        z   0x000016    program     static H:\Tamagotchi\Tamagotchi.X\sleepy.asm
             sleepy_delay   0x000070    program     static H:\Tamagotchi\Tamagotchi.X\sleepy.asm
                  delay_1   0x000074    program     static H:\Tamagotchi\Tamagotchi.X\sleepy.asm
                 nested_2   0x00007a    program     static H:\Tamagotchi\Tamagotchi.X\sleepy.asm
                  delay_2   0x00007e    program     static H:\Tamagotchi\Tamagotchi.X\sleepy.asm
                 nested_3   0x000084    program     static H:\Tamagotchi\Tamagotchi.X\sleepy.asm
                  delay_3   0x000088    program     static H:\Tamagotchi\Tamagotchi.X\sleepy.asm
              TEMPERATURE   0x00008e    program     extern H:\Tamagotchi\Tamagotchi.X\temperature.asm
                ADC_Setup   0x000094    program     extern H:\Tamagotchi\Tamagotchi.X\temperature.asm
                 ADC_Read   0x0000a6    program     static H:\Tamagotchi\Tamagotchi.X\temperature.asm
                 adc_loop   0x0000a8    program     static H:\Tamagotchi\Tamagotchi.X\temperature.asm
                  measure   0x0000ae    program     static H:\Tamagotchi\Tamagotchi.X\temperature.asm
            LCD_Write_Hex   0x0000bc    program     static H:\Tamagotchi\Tamagotchi.X\temperature.asm
              LCD_Hex_Nib   0x0000c6    program     static H:\Tamagotchi\Tamagotchi.X\temperature.asm
             flash_line_1   0x0000d6    program     static H:\Tamagotchi\Tamagotchi.X\food.asm
             flash_line_2   0x0000e4    program     static H:\Tamagotchi\Tamagotchi.X\food.asm
               blank_line   0x0000f2    program     static H:\Tamagotchi\Tamagotchi.X\food.asm
                    setup   0x000100    program     static H:\Tamagotchi\Tamagotchi.X\Tamagotchi.asm
                     MAIN   0x000118    program     static H:\Tamagotchi\Tamagotchi.X\Tamagotchi.asm
         PRESS_A_TO_HATCH   0x000122    program     static H:\Tamagotchi\Tamagotchi.X\Tamagotchi.asm
                GAME_MODE   0x000162    program     static H:\Tamagotchi\Tamagotchi.X\Tamagotchi.asm
          CHECK_A_PRESSED   0x00016c    program     static H:\Tamagotchi\Tamagotchi.X\Tamagotchi.asm
          CHECK_B_PRESSED   0x000174    program     static H:\Tamagotchi\Tamagotchi.X\Tamagotchi.asm
          CHECK_C_PRESSED   0x00018a    program     static H:\Tamagotchi\Tamagotchi.X\Tamagotchi.asm
          CHECK_D_PRESSED   0x0001a0    program     static H:\Tamagotchi\Tamagotchi.X\Tamagotchi.asm
          CHECK_E_PRESSED   0x0001b6    program     static H:\Tamagotchi\Tamagotchi.X\Tamagotchi.asm
          CHECK_F_PRESSED   0x0001cc    program     static H:\Tamagotchi\Tamagotchi.X\Tamagotchi.asm
           Keyboard_Setup   0x0001e4    program     static H:\Tamagotchi\Tamagotchi.X\Tamagotchi.asm
                 Keyboard   0x0001f0    program     static H:\Tamagotchi\Tamagotchi.X\Tamagotchi.asm
                   column   0x0001f6    program     static H:\Tamagotchi\Tamagotchi.X\Tamagotchi.asm
                setup_row   0x0001fc    program     static H:\Tamagotchi\Tamagotchi.X\Tamagotchi.asm
                 read_row   0x000210    program     static H:\Tamagotchi\Tamagotchi.X\Tamagotchi.asm
                  check_1   0x00021a    program     static H:\Tamagotchi\Tamagotchi.X\Tamagotchi.asm
                  check_2   0x000224    program     static H:\Tamagotchi\Tamagotchi.X\Tamagotchi.asm
                  check_3   0x00022e    program     static H:\Tamagotchi\Tamagotchi.X\Tamagotchi.asm
             setup_column   0x000238    program     static H:\Tamagotchi\Tamagotchi.X\Tamagotchi.asm
              read_column   0x00024c    program     static H:\Tamagotchi\Tamagotchi.X\Tamagotchi.asm
                  check_5   0x000256    program     static H:\Tamagotchi\Tamagotchi.X\Tamagotchi.asm
                  check_6   0x000260    program     static H:\Tamagotchi\Tamagotchi.X\Tamagotchi.asm
                  check_7   0x00026a    program     static H:\Tamagotchi\Tamagotchi.X\Tamagotchi.asm
                  delay_k   0x000274    program     static H:\Tamagotchi\Tamagotchi.X\Tamagotchi.asm
                   decode   0x00027a    program     static H:\Tamagotchi\Tamagotchi.X\Tamagotchi.asm
                column_11   0x000284    program     static H:\Tamagotchi\Tamagotchi.X\Tamagotchi.asm
                column_12   0x00028e    program     static H:\Tamagotchi\Tamagotchi.X\Tamagotchi.asm
                column_13   0x000298    program     static H:\Tamagotchi\Tamagotchi.X\Tamagotchi.asm
                column_14   0x0002a2    program     static H:\Tamagotchi\Tamagotchi.X\Tamagotchi.asm
                    row_1   0x0002a6    program     static H:\Tamagotchi\Tamagotchi.X\Tamagotchi.asm
                column_21   0x0002ae    program     static H:\Tamagotchi\Tamagotchi.X\Tamagotchi.asm
                column_22   0x0002b8    program     static H:\Tamagotchi\Tamagotchi.X\Tamagotchi.asm
                column_23   0x0002c2    program     static H:\Tamagotchi\Tamagotchi.X\Tamagotchi.asm
                column_24   0x0002cc    program     static H:\Tamagotchi\Tamagotchi.X\Tamagotchi.asm
                    row_2   0x0002d0    program     static H:\Tamagotchi\Tamagotchi.X\Tamagotchi.asm
                column_31   0x0002d8    program     static H:\Tamagotchi\Tamagotchi.X\Tamagotchi.asm
                column_32   0x0002e2    program     static H:\Tamagotchi\Tamagotchi.X\Tamagotchi.asm
                column_33   0x0002ec    program     static H:\Tamagotchi\Tamagotchi.X\Tamagotchi.asm
                column_34   0x0002f6    program     static H:\Tamagotchi\Tamagotchi.X\Tamagotchi.asm
                    row_3   0x0002fa    program     static H:\Tamagotchi\Tamagotchi.X\Tamagotchi.asm
                column_41   0x0002fc    program     static H:\Tamagotchi\Tamagotchi.X\Tamagotchi.asm
                column_42   0x000306    program     static H:\Tamagotchi\Tamagotchi.X\Tamagotchi.asm
                column_43   0x000310    program     static H:\Tamagotchi\Tamagotchi.X\Tamagotchi.asm
                column_44   0x00031a    program     static H:\Tamagotchi\Tamagotchi.X\Tamagotchi.asm
                      dch   0x00031e    program     static H:\Tamagotchi\Tamagotchi.X\Tamagotchi.asm
                     dch1   0x000326    program     static H:\Tamagotchi\Tamagotchi.X\Tamagotchi.asm
                     dch2   0x000330    program     static H:\Tamagotchi\Tamagotchi.X\Tamagotchi.asm
                     dch3   0x000336    program     static H:\Tamagotchi\Tamagotchi.X\Tamagotchi.asm
                     dch4   0x00033c    program     static H:\Tamagotchi\Tamagotchi.X\Tamagotchi.asm
                     dch5   0x000342    program     static H:\Tamagotchi\Tamagotchi.X\Tamagotchi.asm
                HAPPINESS   0x000360    program     static H:\Tamagotchi\Tamagotchi.X\Tamagotchi.asm
                    HAPPY   0x00037a    program     static H:\Tamagotchi\Tamagotchi.X\Tamagotchi.asm
                  NEUTRAL   0x000388    program     static H:\Tamagotchi\Tamagotchi.X\Tamagotchi.asm
                      SAD   0x000396    program     static H:\Tamagotchi\Tamagotchi.X\Tamagotchi.asm
                     LIFE   0x0003a4    program     static H:\Tamagotchi\Tamagotchi.X\Tamagotchi.asm
          CHECK_LAST_LIFE   0x0003b0    program     static H:\Tamagotchi\Tamagotchi.X\Tamagotchi.asm
           TWO_LIVES_LEFT   0x0003b8    program     static H:\Tamagotchi\Tamagotchi.X\Tamagotchi.asm
            ONE_LIFE_LEFT   0x0003d6    program     static H:\Tamagotchi\Tamagotchi.X\Tamagotchi.asm
                    DEATH   0x0003f4    program     static H:\Tamagotchi\Tamagotchi.X\Tamagotchi.asm
                    delay   0x0004a6    program     static H:\Tamagotchi\Tamagotchi.X\Tamagotchi.asm
                  delay_1   0x0004aa    program     static H:\Tamagotchi\Tamagotchi.X\Tamagotchi.asm
                 nested_2   0x0004b0    program     static H:\Tamagotchi\Tamagotchi.X\Tamagotchi.asm
                  delay_2   0x0004b4    program     static H:\Tamagotchi\Tamagotchi.X\Tamagotchi.asm
                 nested_3   0x0004ba    program     static H:\Tamagotchi\Tamagotchi.X\Tamagotchi.asm
                  delay_3   0x0004be    program     static H:\Tamagotchi\Tamagotchi.X\Tamagotchi.asm
                LCD_Setup   0x0004c4    program     extern H:\Tamagotchi\Tamagotchi.X\LCD.asm
                 finished   0x0004c4    program     static H:\Tamagotchi\Tamagotchi.X\Tamagotchi.asm
        LCD_Write_Message   0x000516    program     extern H:\Tamagotchi\Tamagotchi.X\LCD.asm
         LCD_Loop_message   0x000518    program     static H:\Tamagotchi\Tamagotchi.X\LCD.asm
          LCD_Send_Byte_I   0x000524    program     static H:\Tamagotchi\Tamagotchi.X\LCD.asm
          LCD_Send_Byte_D   0x000540    program     extern H:\Tamagotchi\Tamagotchi.X\LCD.asm
               LCD_Enable   0x000562    program     static H:\Tamagotchi\Tamagotchi.X\LCD.asm
             LCD_delay_ms   0x000586    program     static H:\Tamagotchi\Tamagotchi.X\LCD.asm
                   lcdlp2   0x000588    program     static H:\Tamagotchi\Tamagotchi.X\LCD.asm
           LCD_delay_x4us   0x000594    program     static H:\Tamagotchi\Tamagotchi.X\LCD.asm
                LCD_delay   0x0005a8    program     static H:\Tamagotchi\Tamagotchi.X\LCD.asm
                   lcdlp1   0x0005aa    program     static H:\Tamagotchi\Tamagotchi.X\LCD.asm
                LCD_clear   0x0005b2    program     extern H:\Tamagotchi\Tamagotchi.X\LCD.asm
                LCD_shift   0x0005c0    program     extern H:\Tamagotchi\Tamagotchi.X\LCD.asm
LCD_custom_character_set_EGG   0x0005cc    program     extern H:\Tamagotchi\Tamagotchi.X\LCD.asm
                      EGG   0x0005cc    program     static H:\Tamagotchi\Tamagotchi.X\LCD.asm
                    HEART   0x00068c    program     static H:\Tamagotchi\Tamagotchi.X\LCD.asm
                     BABY   0x00074c    program     extern H:\Tamagotchi\Tamagotchi.X\LCD.asm
                      SUN   0x00080c    program     static H:\Tamagotchi\Tamagotchi.X\LCD.asm
                     MOON   0x0008cc    program     extern H:\Tamagotchi\Tamagotchi.X\LCD.asm
                   SMILEY   0x00098c    program     static H:\Tamagotchi\Tamagotchi.X\LCD.asm
                  NEUTRAL   0x000a4c    program     static H:\Tamagotchi\Tamagotchi.X\LCD.asm
                      SAD   0x000b0c    program     static H:\Tamagotchi\Tamagotchi.X\LCD.asm
                    GHOST   0x000bce    program     extern H:\Tamagotchi\Tamagotchi.X\LCD.asm
             SMALL_RABBIT   0x000c90    program     extern H:\Tamagotchi\Tamagotchi.X\LCD.asm
            MEDIUM_RABBIT   0x000d52    program     extern H:\Tamagotchi\Tamagotchi.X\LCD.asm
             LARGE_RABBIT   0x000e14    program     extern H:\Tamagotchi\Tamagotchi.X\LCD.asm
                  DISCO_1   0x000ed6    program     extern H:\Tamagotchi\Tamagotchi.X\LCD.asm
                  DISCO_2   0x000f98    program     extern H:\Tamagotchi\Tamagotchi.X\LCD.asm
                    LEARN   0x00105a    program     extern H:\Tamagotchi\Tamagotchi.X\learn.asm
                    learn   0x00107e    program     static H:\Tamagotchi\Tamagotchi.X\learn.asm
                      cr0   0x0010ae    program     static H:\Tamagotchi\Tamagotchi.X\learn.asm
                      cr1   0x0010ba    program     static H:\Tamagotchi\Tamagotchi.X\learn.asm
                      cr2   0x0010c6    program     static H:\Tamagotchi\Tamagotchi.X\learn.asm
                      cr3   0x0010d2    program     static H:\Tamagotchi\Tamagotchi.X\learn.asm
                      cr4   0x0010de    program     static H:\Tamagotchi\Tamagotchi.X\learn.asm
                      cr5   0x0010ea    program     static H:\Tamagotchi\Tamagotchi.X\learn.asm
                      cr6   0x0010f6    program     static H:\Tamagotchi\Tamagotchi.X\learn.asm
                      cr7   0x001102    program     static H:\Tamagotchi\Tamagotchi.X\learn.asm
                      cr8   0x00110e    program     static H:\Tamagotchi\Tamagotchi.X\learn.asm
                      cr9   0x00111a    program     static H:\Tamagotchi\Tamagotchi.X\learn.asm
                     cr20   0x001120    program     static H:\Tamagotchi\Tamagotchi.X\learn.asm
                     cr21   0x00112c    program     static H:\Tamagotchi\Tamagotchi.X\learn.asm
                     cr22   0x001138    program     static H:\Tamagotchi\Tamagotchi.X\learn.asm
                     cr23   0x001144    program     static H:\Tamagotchi\Tamagotchi.X\learn.asm
                     cr24   0x001150    program     static H:\Tamagotchi\Tamagotchi.X\learn.asm
                     cr25   0x00115c    program     static H:\Tamagotchi\Tamagotchi.X\learn.asm
                     cr26   0x001168    program     static H:\Tamagotchi\Tamagotchi.X\learn.asm
                     cr27   0x001174    program     static H:\Tamagotchi\Tamagotchi.X\learn.asm
                     cr28   0x001180    program     static H:\Tamagotchi\Tamagotchi.X\learn.asm
                     cr29   0x00118c    program     static H:\Tamagotchi\Tamagotchi.X\learn.asm
                calculate   0x001192    program     static H:\Tamagotchi\Tamagotchi.X\learn.asm
                  guessed   0x0011b2    program     static H:\Tamagotchi\Tamagotchi.X\learn.asm
             double_input   0x0011ba    program     static H:\Tamagotchi\Tamagotchi.X\learn.asm
      check_double_result   0x0011ec    program     static H:\Tamagotchi\Tamagotchi.X\learn.asm
                     c_11   0x0011fc    program     static H:\Tamagotchi\Tamagotchi.X\learn.asm
                     c_12   0x00120c    program     static H:\Tamagotchi\Tamagotchi.X\learn.asm
                     c_13   0x00121c    program     static H:\Tamagotchi\Tamagotchi.X\learn.asm
                     c_14   0x00122c    program     static H:\Tamagotchi\Tamagotchi.X\learn.asm
                     c_15   0x00123c    program     static H:\Tamagotchi\Tamagotchi.X\learn.asm
                     c_16   0x00124c    program     static H:\Tamagotchi\Tamagotchi.X\learn.asm
                     c_17   0x00125c    program     static H:\Tamagotchi\Tamagotchi.X\learn.asm
                     c_18   0x00126c    program     static H:\Tamagotchi\Tamagotchi.X\learn.asm
            output_double   0x001276    program     static H:\Tamagotchi\Tamagotchi.X\learn.asm
             single_input   0x001284    program     static H:\Tamagotchi\Tamagotchi.X\learn.asm
      check_single_result   0x0012a0    program     static H:\Tamagotchi\Tamagotchi.X\learn.asm
                     c_1s   0x0012ac    program     static H:\Tamagotchi\Tamagotchi.X\learn.asm
                     c_2s   0x0012b8    program     static H:\Tamagotchi\Tamagotchi.X\learn.asm
                     c_3s   0x0012c4    program     static H:\Tamagotchi\Tamagotchi.X\learn.asm
                     c_4s   0x0012d0    program     static H:\Tamagotchi\Tamagotchi.X\learn.asm
                     c_5s   0x0012dc    program     static H:\Tamagotchi\Tamagotchi.X\learn.asm
                     c_6s   0x0012e8    program     static H:\Tamagotchi\Tamagotchi.X\learn.asm
                     c_7s   0x0012f4    program     static H:\Tamagotchi\Tamagotchi.X\learn.asm
                     c_8s   0x001300    program     static H:\Tamagotchi\Tamagotchi.X\learn.asm
                     c_9s   0x00130c    program     static H:\Tamagotchi\Tamagotchi.X\learn.asm
            output_single   0x001312    program     static H:\Tamagotchi\Tamagotchi.X\learn.asm
                    wrong   0x00131a    program     static H:\Tamagotchi\Tamagotchi.X\learn.asm
                    right   0x001350    program     static H:\Tamagotchi\Tamagotchi.X\learn.asm
                Numberpad   0x001398    program     static H:\Tamagotchi\Tamagotchi.X\learn.asm
                   column   0x0013a2    program     static H:\Tamagotchi\Tamagotchi.X\learn.asm
                setup_row   0x0013a8    program     static H:\Tamagotchi\Tamagotchi.X\learn.asm
                 read_row   0x0013bc    program     static H:\Tamagotchi\Tamagotchi.X\learn.asm
                      rst   0x0013c8    program     static H:\Tamagotchi\Tamagotchi.X\learn.asm
                 continue   0x0013ce    program     static H:\Tamagotchi\Tamagotchi.X\learn.asm
                  check_1   0x0013d8    program     static H:\Tamagotchi\Tamagotchi.X\learn.asm
                  check_2   0x0013e2    program     static H:\Tamagotchi\Tamagotchi.X\learn.asm
                  check_3   0x0013ec    program     static H:\Tamagotchi\Tamagotchi.X\learn.asm
             setup_column   0x0013f6    program     static H:\Tamagotchi\Tamagotchi.X\learn.asm
              read_column   0x00140a    program     static H:\Tamagotchi\Tamagotchi.X\learn.asm
                  check_5   0x001414    program     static H:\Tamagotchi\Tamagotchi.X\learn.asm
                  check_6   0x00141e    program     static H:\Tamagotchi\Tamagotchi.X\learn.asm
                  check_7   0x001428    program     static H:\Tamagotchi\Tamagotchi.X\learn.asm
                    delay   0x001432    program     static H:\Tamagotchi\Tamagotchi.X\learn.asm
                   decode   0x001438    program     static H:\Tamagotchi\Tamagotchi.X\learn.asm
                column_11   0x001442    program     static H:\Tamagotchi\Tamagotchi.X\learn.asm
                column_12   0x001452    program     static H:\Tamagotchi\Tamagotchi.X\learn.asm
                column_13   0x001462    program     static H:\Tamagotchi\Tamagotchi.X\learn.asm
                column_14   0x001470    program     static H:\Tamagotchi\Tamagotchi.X\learn.asm
                    row_1   0x001472    program     static H:\Tamagotchi\Tamagotchi.X\learn.asm
                column_21   0x00147a    program     static H:\Tamagotchi\Tamagotchi.X\learn.asm
                column_22   0x00148a    program     static H:\Tamagotchi\Tamagotchi.X\learn.asm
                column_23   0x00149a    program     static H:\Tamagotchi\Tamagotchi.X\learn.asm
                column_24   0x0014aa    program     static H:\Tamagotchi\Tamagotchi.X\learn.asm
                    row_2   0x0014ac    program     static H:\Tamagotchi\Tamagotchi.X\learn.asm
                column_31   0x0014b4    program     static H:\Tamagotchi\Tamagotchi.X\learn.asm
                column_32   0x0014c4    program     static H:\Tamagotchi\Tamagotchi.X\learn.asm
                column_33   0x0014d4    program     static H:\Tamagotchi\Tamagotchi.X\learn.asm
                column_34   0x0014e4    program     static H:\Tamagotchi\Tamagotchi.X\learn.asm
                    row_3   0x0014e6    program     static H:\Tamagotchi\Tamagotchi.X\learn.asm
                column_41   0x0014e8    program     static H:\Tamagotchi\Tamagotchi.X\learn.asm
                column_42   0x0014f0    program     static H:\Tamagotchi\Tamagotchi.X\learn.asm
                column_43   0x001500    program     static H:\Tamagotchi\Tamagotchi.X\learn.asm
                column_44   0x001508    program     static H:\Tamagotchi\Tamagotchi.X\learn.asm
              learn_delay   0x00150a    program     static H:\Tamagotchi\Tamagotchi.X\learn.asm
                  delay_1   0x00150e    program     static H:\Tamagotchi\Tamagotchi.X\learn.asm
                 nested_2   0x001514    program     static H:\Tamagotchi\Tamagotchi.X\learn.asm
                  delay_2   0x001518    program     static H:\Tamagotchi\Tamagotchi.X\learn.asm
                 nested_3   0x00151e    program     static H:\Tamagotchi\Tamagotchi.X\learn.asm
                  delay_3   0x001522    program     static H:\Tamagotchi\Tamagotchi.X\learn.asm
                  DBALL_1   0x001528    program     static H:\Tamagotchi\Tamagotchi.X\dance.asm
                  DBALL_2   0x001536    program     static H:\Tamagotchi\Tamagotchi.X\dance.asm
              DBALL_CLEAR   0x001544    program     static H:\Tamagotchi\Tamagotchi.X\dance.asm
                   BOUNCE   0x001552    program     static H:\Tamagotchi\Tamagotchi.X\dance.asm
                     HOPS   0x001594    program     static H:\Tamagotchi\Tamagotchi.X\dance.asm
                     WAVE   0x001796    program     static H:\Tamagotchi\Tamagotchi.X\dance.asm
                     wave   0x00179a    program     static H:\Tamagotchi\Tamagotchi.X\dance.asm
                    DANCE   0x001850    program     extern H:\Tamagotchi\Tamagotchi.X\dance.asm
                  check_1   0x00186e    program     static H:\Tamagotchi\Tamagotchi.X\dance.asm
                  check_2   0x001876    program     static H:\Tamagotchi\Tamagotchi.X\dance.asm
                     BABY   0x00187e    program     static H:\Tamagotchi\Tamagotchi.X\dance.asm
                    SMALL   0x0018b4    program     static H:\Tamagotchi\Tamagotchi.X\dance.asm
                     hops   0x0018dc    program     static H:\Tamagotchi\Tamagotchi.X\dance.asm
                   MEDIUM   0x001902    program     static H:\Tamagotchi\Tamagotchi.X\dance.asm
                    LARGE   0x001944    program     static H:\Tamagotchi\Tamagotchi.X\dance.asm
              dance_delay   0x00199e    program     static H:\Tamagotchi\Tamagotchi.X\dance.asm
                  delay_1   0x0019a2    program     static H:\Tamagotchi\Tamagotchi.X\dance.asm
                 nested_2   0x0019a8    program     static H:\Tamagotchi\Tamagotchi.X\dance.asm
                  delay_2   0x0019ac    program     static H:\Tamagotchi\Tamagotchi.X\dance.asm
                 nested_3   0x0019b2    program     static H:\Tamagotchi\Tamagotchi.X\dance.asm
                  delay_3   0x0019b6    program     static H:\Tamagotchi\Tamagotchi.X\dance.asm
               FOOD_Setup   0x0019bc    program     extern H:\Tamagotchi\Tamagotchi.X\food.asm
           output_flash_1   0x0019c2    program     static H:\Tamagotchi\Tamagotchi.X\food.asm
                   loopf1   0x0019d2    program     static H:\Tamagotchi\Tamagotchi.X\food.asm
           output_flash_2   0x0019e0    program     static H:\Tamagotchi\Tamagotchi.X\food.asm
                   loopf2   0x0019f0    program     static H:\Tamagotchi\Tamagotchi.X\food.asm
             output_blank   0x0019fe    program     static H:\Tamagotchi\Tamagotchi.X\food.asm
                    loopb   0x001a0e    program     static H:\Tamagotchi\Tamagotchi.X\food.asm
                     FOOD   0x001a1c    program     extern H:\Tamagotchi\Tamagotchi.X\food.asm
             FOOD_ANIMATE   0x001a22    program     static H:\Tamagotchi\Tamagotchi.X\food.asm
                  check_2   0x001b32    program     static H:\Tamagotchi\Tamagotchi.X\food.asm
             CHECK_GROWTH   0x001b32    program     static H:\Tamagotchi\Tamagotchi.X\food.asm
                  check_4   0x001b3c    program     static H:\Tamagotchi\Tamagotchi.X\food.asm
                  check_6   0x001b44    program     static H:\Tamagotchi\Tamagotchi.X\food.asm
                     back   0x001b4c    program     static H:\Tamagotchi\Tamagotchi.X\food.asm
                   GROWTH   0x001b50    program     static H:\Tamagotchi\Tamagotchi.X\food.asm
           GROWTH_ANIMATE   0x001b54    program     static H:\Tamagotchi\Tamagotchi.X\food.asm
                  flashes   0x001cb8    program     static H:\Tamagotchi\Tamagotchi.X\food.asm
                 NEW_FORM   0x001d00    program     static H:\Tamagotchi\Tamagotchi.X\food.asm
             check_medium   0x001d08    program     static H:\Tamagotchi\Tamagotchi.X\food.asm
                    small   0x001d10    program     static H:\Tamagotchi\Tamagotchi.X\food.asm
                   medium   0x001d24    program     static H:\Tamagotchi\Tamagotchi.X\food.asm
                    large   0x001d38    program     static H:\Tamagotchi\Tamagotchi.X\food.asm
               food_delay   0x001d4c    program     static H:\Tamagotchi\Tamagotchi.X\food.asm
                  delay_1   0x001d50    program     static H:\Tamagotchi\Tamagotchi.X\food.asm
                 nested_2   0x001d56    program     static H:\Tamagotchi\Tamagotchi.X\food.asm
                  delay_2   0x001d5a    program     static H:\Tamagotchi\Tamagotchi.X\food.asm
                 nested_3   0x001d60    program     static H:\Tamagotchi\Tamagotchi.X\food.asm
                  delay_3   0x001d64    program     static H:\Tamagotchi\Tamagotchi.X\food.asm
                BALL_GAME   0x001d6a    program     extern H:\Tamagotchi\Tamagotchi.X\ballgame.asm
                     ball   0x001dfa    program     static H:\Tamagotchi\Tamagotchi.X\ballgame.asm
                     jump   0x001eee    program     static H:\Tamagotchi\Tamagotchi.X\ballgame.asm
                      t_1   0x001f0e    program     static H:\Tamagotchi\Tamagotchi.X\ballgame.asm
                      n_2   0x001f14    program     static H:\Tamagotchi\Tamagotchi.X\ballgame.asm
                      t_2   0x001f18    program     static H:\Tamagotchi\Tamagotchi.X\ballgame.asm
                      n_3   0x001f1e    program     static H:\Tamagotchi\Tamagotchi.X\ballgame.asm
                      t_3   0x001f22    program     static H:\Tamagotchi\Tamagotchi.X\ballgame.asm
               move_ghost   0x001f28    program     static H:\Tamagotchi\Tamagotchi.X\ballgame.asm
                      die   0x001f64    program     static H:\Tamagotchi\Tamagotchi.X\ballgame.asm
                    React   0x002048    program     static H:\Tamagotchi\Tamagotchi.X\ballgame.asm
                setup_row   0x00204e    program     static H:\Tamagotchi\Tamagotchi.X\ballgame.asm
                    timer   0x002062    program     static H:\Tamagotchi\Tamagotchi.X\ballgame.asm
                       t1   0x002066    program     static H:\Tamagotchi\Tamagotchi.X\ballgame.asm
                       n2   0x00206c    program     static H:\Tamagotchi\Tamagotchi.X\ballgame.asm
                       t2   0x002074    program     static H:\Tamagotchi\Tamagotchi.X\ballgame.asm
                       n3   0x00207a    program     static H:\Tamagotchi\Tamagotchi.X\ballgame.asm
                       t3   0x002082    program     static H:\Tamagotchi\Tamagotchi.X\ballgame.asm
                 no_press   0x002088    program     static H:\Tamagotchi\Tamagotchi.X\ballgame.asm
                 read_row   0x00208e    program     static H:\Tamagotchi\Tamagotchi.X\ballgame.asm
                  check_1   0x002094    program     static H:\Tamagotchi\Tamagotchi.X\ballgame.asm
                  check_2   0x00209a    program     static H:\Tamagotchi\Tamagotchi.X\ballgame.asm
                  check_3   0x0020a0    program     static H:\Tamagotchi\Tamagotchi.X\ballgame.asm
                  delay_k   0x0020a6    program     static H:\Tamagotchi\Tamagotchi.X\ballgame.asm
               ball_delay   0x0020ac    program     static H:\Tamagotchi\Tamagotchi.X\ballgame.asm
                  delay_1   0x0020b0    program     static H:\Tamagotchi\Tamagotchi.X\ballgame.asm
                 nested_2   0x0020b6    program     static H:\Tamagotchi\Tamagotchi.X\ballgame.asm
                  delay_2   0x0020ba    program     static H:\Tamagotchi\Tamagotchi.X\ballgame.asm
                 nested_3   0x0020c0    program     static H:\Tamagotchi\Tamagotchi.X\ballgame.asm
                  delay_3   0x0020c4    program     static H:\Tamagotchi\Tamagotchi.X\ballgame.asm
  output_PRESS_A_TO_HATCH   0x0020ca    program     extern H:\Tamagotchi\Tamagotchi.X\hatch.asm
                     loop   0x0020de    program     static H:\Tamagotchi\Tamagotchi.X\hatch.asm
   output_starting_screen   0x0020ec    program     extern H:\Tamagotchi\Tamagotchi.X\hatch.asm
 output_hatching_sequence   0x002122    program     extern H:\Tamagotchi\Tamagotchi.X\hatch.asm
                  dynamic   0x002126    program     static H:\Tamagotchi\Tamagotchi.X\hatch.asm
                egg_blink   0x002166    program     static H:\Tamagotchi\Tamagotchi.X\hatch.asm
                    crack   0x00218a    program     static H:\Tamagotchi\Tamagotchi.X\hatch.asm
              hatch_delay   0x0021cc    program     static H:\Tamagotchi\Tamagotchi.X\hatch.asm
                  delay_1   0x0021d0    program     static H:\Tamagotchi\Tamagotchi.X\hatch.asm
                 nested_2   0x0021d6    program     static H:\Tamagotchi\Tamagotchi.X\hatch.asm
                  delay_2   0x0021da    program     static H:\Tamagotchi\Tamagotchi.X\hatch.asm
                 nested_3   0x0021e0    program     static H:\Tamagotchi\Tamagotchi.X\hatch.asm
                  delay_3   0x0021e4    program     static H:\Tamagotchi\Tamagotchi.X\hatch.asm
                   Line_0   0x0021ea    program     static H:\Tamagotchi\Tamagotchi.X\hatch.asm
                LCD_cnt_l   0x000000       data     static H:\Tamagotchi\Tamagotchi.X\LCD.asm
                LCD_cnt_h   0x000001       data     static H:\Tamagotchi\Tamagotchi.X\LCD.asm
               LCD_cnt_ms   0x000002       data     static H:\Tamagotchi\Tamagotchi.X\LCD.asm
                  LCD_tmp   0x000003       data     static H:\Tamagotchi\Tamagotchi.X\LCD.asm
              LCD_counter   0x000004       data     static H:\Tamagotchi\Tamagotchi.X\LCD.asm
        counter_happiness   0x000005       data     static H:\Tamagotchi\Tamagotchi.X\Tamagotchi.asm
counter_happiness_decrement   0x000006       data     static H:\Tamagotchi\Tamagotchi.X\Tamagotchi.asm
counter_happiness_decrement_2   0x000007       data     static H:\Tamagotchi\Tamagotchi.X\Tamagotchi.asm
counter_happiness_decrement_3   0x000008       data     static H:\Tamagotchi\Tamagotchi.X\Tamagotchi.asm
                life_mode   0x000009       data     static H:\Tamagotchi\Tamagotchi.X\Tamagotchi.asm
             counter_life   0x00000a       data     static H:\Tamagotchi\Tamagotchi.X\Tamagotchi.asm
            delay_count_1   0x00000b       data     static H:\Tamagotchi\Tamagotchi.X\Tamagotchi.asm
            delay_count_2   0x00000c       data     static H:\Tamagotchi\Tamagotchi.X\Tamagotchi.asm
            delay_count_3   0x00000d       data     static H:\Tamagotchi\Tamagotchi.X\Tamagotchi.asm
           lifemode_dance   0x00000e       data     static H:\Tamagotchi\Tamagotchi.X\dance.asm
         delay_counter_d1   0x00000f       data     static H:\Tamagotchi\Tamagotchi.X\dance.asm
         delay_counter_d2   0x000010       data     static H:\Tamagotchi\Tamagotchi.X\dance.asm
         delay_counter_d3   0x000011       data     static H:\Tamagotchi\Tamagotchi.X\dance.asm
       dance_counter_baby   0x000012       data     static H:\Tamagotchi\Tamagotchi.X\dance.asm
    dance_counter_small_1   0x000013       data     static H:\Tamagotchi\Tamagotchi.X\dance.asm
    dance_counter_small_2   0x000014       data     static H:\Tamagotchi\Tamagotchi.X\dance.asm
             wave_counter   0x000015       data     static H:\Tamagotchi\Tamagotchi.X\dance.asm
         delay_counter_h1   0x000016       data     static H:\Tamagotchi\Tamagotchi.X\hatch.asm
         delay_counter_h2   0x000017       data     static H:\Tamagotchi\Tamagotchi.X\hatch.asm
         delay_counter_h3   0x000018       data     static H:\Tamagotchi\Tamagotchi.X\hatch.asm
           counter_output   0x000019       data     static H:\Tamagotchi\Tamagotchi.X\hatch.asm
                  repeats   0x00001a       data     static H:\Tamagotchi\Tamagotchi.X\hatch.asm
              counter_row   0x00001b       data     static H:\Tamagotchi\Tamagotchi.X\learn.asm
           counter_column   0x00001c       data     static H:\Tamagotchi\Tamagotchi.X\learn.asm
           delay_count_l1   0x00001d       data     static H:\Tamagotchi\Tamagotchi.X\learn.asm
           delay_count_l2   0x00001e       data     static H:\Tamagotchi\Tamagotchi.X\learn.asm
           delay_count_l3   0x00001f       data     static H:\Tamagotchi\Tamagotchi.X\learn.asm
     Number_pressed_1_int   0x000020       data     static H:\Tamagotchi\Tamagotchi.X\learn.asm
     Number_pressed_2_int   0x000021       data     static H:\Tamagotchi\Tamagotchi.X\learn.asm
  Number_pressed_1_string   0x000022       data     static H:\Tamagotchi\Tamagotchi.X\learn.asm
  Number_pressed_2_string   0x000023       data     static H:\Tamagotchi\Tamagotchi.X\learn.asm
                  integer   0x000024       data     static H:\Tamagotchi\Tamagotchi.X\learn.asm
                   string   0x000025       data     static H:\Tamagotchi\Tamagotchi.X\learn.asm
                   result   0x000026       data     static H:\Tamagotchi\Tamagotchi.X\learn.asm
            random_number   0x000027       data     static H:\Tamagotchi\Tamagotchi.X\learn.asm
                    guess   0x000028       data     static H:\Tamagotchi\Tamagotchi.X\learn.asm
                  guess_1   0x000029       data     static H:\Tamagotchi\Tamagotchi.X\learn.asm
                  guess_2   0x00002a       data     static H:\Tamagotchi\Tamagotchi.X\learn.asm
                 output_1   0x00002b       data     static H:\Tamagotchi\Tamagotchi.X\learn.asm
                 output_2   0x00002c       data     static H:\Tamagotchi\Tamagotchi.X\learn.asm
              guess_1_str   0x00002d       data     static H:\Tamagotchi\Tamagotchi.X\learn.asm
              guess_2_str   0x00002e       data     static H:\Tamagotchi\Tamagotchi.X\learn.asm
                    count   0x00002f       data     static H:\Tamagotchi\Tamagotchi.X\learn.asm
           delay_count_b1   0x000030       data     static H:\Tamagotchi\Tamagotchi.X\ballgame.asm
           delay_count_b2   0x000031       data     static H:\Tamagotchi\Tamagotchi.X\ballgame.asm
           delay_count_b3   0x000032       data     static H:\Tamagotchi\Tamagotchi.X\ballgame.asm
                  timer_1   0x000033       data     static H:\Tamagotchi\Tamagotchi.X\ballgame.asm
                  timer_2   0x000034       data     static H:\Tamagotchi\Tamagotchi.X\ballgame.asm
                  timer_3   0x000035       data     static H:\Tamagotchi\Tamagotchi.X\ballgame.asm
        timer_1_remaining   0x000036       data     static H:\Tamagotchi\Tamagotchi.X\ballgame.asm
        timer_2_remaining   0x000037       data     static H:\Tamagotchi\Tamagotchi.X\ballgame.asm
        timer_3_remaining   0x000038       data     static H:\Tamagotchi\Tamagotchi.X\ballgame.asm
            lifemode_food   0x000039       data     static H:\Tamagotchi\Tamagotchi.X\food.asm
         delay_counter_f1   0x00003a       data     static H:\Tamagotchi\Tamagotchi.X\food.asm
         delay_counter_f2   0x00003b       data     static H:\Tamagotchi\Tamagotchi.X\food.asm
         delay_counter_f3   0x00003c       data     static H:\Tamagotchi\Tamagotchi.X\food.asm
            flash_counter   0x00003d       data     static H:\Tamagotchi\Tamagotchi.X\food.asm
          counter_flash_1   0x00003e       data     static H:\Tamagotchi\Tamagotchi.X\food.asm
          counter_flash_2   0x00003f       data     static H:\Tamagotchi\Tamagotchi.X\food.asm
            counter_blank   0x000040       data     static H:\Tamagotchi\Tamagotchi.X\food.asm
             food_counter   0x000041       data     static H:\Tamagotchi\Tamagotchi.X\food.asm
        Temperature_hex_1   0x000042       data     extern H:\Tamagotchi\Tamagotchi.X\temperature.asm
        Temperature_hex_2   0x000043       data     extern H:\Tamagotchi\Tamagotchi.X\temperature.asm
              LCD_hex_tmp   0x000044       data     static H:\Tamagotchi\Tamagotchi.X\temperature.asm
                  LCD_tmp   0x000045       data     static H:\Tamagotchi\Tamagotchi.X\temperature.asm
                     loop   0x000046       data     static H:\Tamagotchi\Tamagotchi.X\sleepy.asm
           delay_count_s1   0x000047       data     static H:\Tamagotchi\Tamagotchi.X\sleepy.asm
           delay_count_s2   0x000048       data     static H:\Tamagotchi\Tamagotchi.X\sleepy.asm
           delay_count_s3   0x000049       data     static H:\Tamagotchi\Tamagotchi.X\sleepy.asm
                  myArray   0x000400       data     static H:\Tamagotchi\Tamagotchi.X\Tamagotchi.asm
              counter_row   0x000480       data     static H:\Tamagotchi\Tamagotchi.X\Tamagotchi.asm
           counter_column   0x000481       data     static H:\Tamagotchi\Tamagotchi.X\Tamagotchi.asm
              Key_Pressed   0x000482       data     static H:\Tamagotchi\Tamagotchi.X\Tamagotchi.asm


