MPLINK 5.09, LINKER
Linker Map File - Created Tue Feb 18 17:08:42 2020

                                 Section Info
                  Section       Type    Address   Location Size(Bytes)
                ---------  ---------  ---------  ---------  ---------
                   .org_0       code   0x000000    program   0x000004
                   .cinit    romdata   0x000004    program   0x000002
                    fdata       code   0x000006    program   0x00002a
                    pdata       code   0x000030    program   0x000010
                   sleepy       code   0x000040    program   0x000002
                   output       code   0x000042    program   0x000002
                    learn       code   0x000044    program   0x000002
                     ball       code   0x000046    program   0x000002
                   .org_1       code   0x000100    program   0x00039a
                      LCD       code   0x00049a    program   0x000b96
                     Food       code   0x001030    program   0x0003d0
                     main       code   0x001400    program   0x00013a
                    Hatch       code   0x00153a    program   0x00012c
                    dance       code   0x001666    program   0x0000fc
.config_300000_BUILD/DEFAULT/PRODUCTION/CONFIG.    romdata   0x300000    program   0x000001
.config_300001_BUILD/DEFAULT/PRODUCTION/CONFIG.    romdata   0x300001    program   0x000001
.config_300002_BUILD/DEFAULT/PRODUCTION/CONFIG.    romdata   0x300002    program   0x000001
.config_300003_BUILD/DEFAULT/PRODUCTION/CONFIG.    romdata   0x300003    program   0x000001
.config_300004_BUILD/DEFAULT/PRODUCTION/CONFIG.    romdata   0x300004    program   0x000001
.config_300005_BUILD/DEFAULT/PRODUCTION/CONFIG.    romdata   0x300005    program   0x000001
.config_300006_BUILD/DEFAULT/PRODUCTION/CONFIG.    romdata   0x300006    program   0x000001
.config_300008_BUILD/DEFAULT/PRODUCTION/CONFIG.    romdata   0x300008    program   0x000001
.config_300009_BUILD/DEFAULT/PRODUCTION/CONFIG.    romdata   0x300009    program   0x000001
.config_30000A_BUILD/DEFAULT/PRODUCTION/CONFIG.    romdata   0x30000a    program   0x000001
.config_30000B_BUILD/DEFAULT/PRODUCTION/CONFIG.    romdata   0x30000b    program   0x000001
.config_30000C_BUILD/DEFAULT/PRODUCTION/CONFIG.    romdata   0x30000c    program   0x000001
.config_30000D_BUILD/DEFAULT/PRODUCTION/CONFIG.    romdata   0x30000d    program   0x000001
                     acs0      udata   0x000000       data   0x000022
                   tables      udata   0x000400       data   0x0000c2



                              Program Memory Usage 
                               Start         End      
                           ---------   ---------      
                            0x000000    0x000047      
                            0x000100    0x001761      
                            0x300000    0x300006      
                            0x300008    0x30000d      
            5815 out of 132120 program addresses used, program memory utilization is 4%



                              Symbols - Sorted by Name
                     Name    Address   Location    Storage File                     
                ---------  ---------  ---------  --------- ---------                
                     BABY   0x000722    program     extern H:\Tamagotchi\Tamagotchi.X\LCD.asm
                     BABY   0x00168c    program     static H:\Tamagotchi\Tamagotchi.X\dance.asm
                BALL_GAME   0x000046    program     extern H:\Tamagotchi\Tamagotchi.X\ballgame.asm
          CHECK_A_PRESSED   0x000168    program     static H:\Tamagotchi\Tamagotchi.X\Tamagotchi.asm
          CHECK_B_PRESSED   0x000170    program     static H:\Tamagotchi\Tamagotchi.X\Tamagotchi.asm
          CHECK_C_PRESSED   0x00017e    program     static H:\Tamagotchi\Tamagotchi.X\Tamagotchi.asm
          CHECK_D_PRESSED   0x00018c    program     static H:\Tamagotchi\Tamagotchi.X\Tamagotchi.asm
          CHECK_E_PRESSED   0x00019a    program     static H:\Tamagotchi\Tamagotchi.X\Tamagotchi.asm
          CHECK_F_PRESSED   0x0001a8    program     static H:\Tamagotchi\Tamagotchi.X\Tamagotchi.asm
             CHECK_GROWTH   0x0011a6    program     static H:\Tamagotchi\Tamagotchi.X\food.asm
          CHECK_LAST_LIFE   0x000386    program     static H:\Tamagotchi\Tamagotchi.X\Tamagotchi.asm
                    DANCE   0x001666    program     extern H:\Tamagotchi\Tamagotchi.X\dance.asm
                    DEATH   0x0003ca    program     static H:\Tamagotchi\Tamagotchi.X\Tamagotchi.asm
                  DISCO_1   0x000eac    program     extern H:\Tamagotchi\Tamagotchi.X\LCD.asm
                  DISCO_2   0x000f6e    program     extern H:\Tamagotchi\Tamagotchi.X\LCD.asm
                      EGG   0x0005a2    program     static H:\Tamagotchi\Tamagotchi.X\LCD.asm
                     FOOD   0x001090    program     extern H:\Tamagotchi\Tamagotchi.X\food.asm
             FOOD_ANIMATE   0x001096    program     static H:\Tamagotchi\Tamagotchi.X\food.asm
               FOOD_Setup   0x001030    program     extern H:\Tamagotchi\Tamagotchi.X\food.asm
                GAME_MODE   0x00015e    program     static H:\Tamagotchi\Tamagotchi.X\Tamagotchi.asm
                    GHOST   0x000ba4    program     extern H:\Tamagotchi\Tamagotchi.X\LCD.asm
                   GROWTH   0x0011c2    program     static H:\Tamagotchi\Tamagotchi.X\food.asm
           GROWTH_ANIMATE   0x0011c6    program     static H:\Tamagotchi\Tamagotchi.X\food.asm
                HAPPINESS   0x00033c    program     static H:\Tamagotchi\Tamagotchi.X\Tamagotchi.asm
                    HAPPY   0x000350    program     static H:\Tamagotchi\Tamagotchi.X\Tamagotchi.asm
                    HEART   0x000662    program     static H:\Tamagotchi\Tamagotchi.X\LCD.asm
                 Keyboard   0x0001cc    program     static H:\Tamagotchi\Tamagotchi.X\Tamagotchi.asm
                 Keyboard   0x00140c    program     static H:\Tamagotchi\Tamagotchi.X\Keyboard.asm
           Keyboard_Setup   0x001400    program     static H:\Tamagotchi\Tamagotchi.X\Keyboard.asm
           Keyboard_Setup   0x0001c0    program     static H:\Tamagotchi\Tamagotchi.X\Tamagotchi.asm
                    LARGE   0x001716    program     static H:\Tamagotchi\Tamagotchi.X\dance.asm
             LARGE_RABBIT   0x000dea    program     extern H:\Tamagotchi\Tamagotchi.X\LCD.asm
               LCD_Enable   0x000538    program     static H:\Tamagotchi\Tamagotchi.X\LCD.asm
         LCD_Loop_message   0x0004ee    program     static H:\Tamagotchi\Tamagotchi.X\LCD.asm
          LCD_Send_Byte_D   0x000516    program     extern H:\Tamagotchi\Tamagotchi.X\LCD.asm
          LCD_Send_Byte_I   0x0004fa    program     static H:\Tamagotchi\Tamagotchi.X\LCD.asm
                LCD_Setup   0x00049a    program     extern H:\Tamagotchi\Tamagotchi.X\LCD.asm
        LCD_Write_Message   0x0004ec    program     extern H:\Tamagotchi\Tamagotchi.X\LCD.asm
                LCD_clear   0x000588    program     extern H:\Tamagotchi\Tamagotchi.X\LCD.asm
LCD_custom_character_set_EGG   0x0005a2    program     extern H:\Tamagotchi\Tamagotchi.X\LCD.asm
                LCD_delay   0x00057e    program     static H:\Tamagotchi\Tamagotchi.X\LCD.asm
             LCD_delay_ms   0x00055c    program     static H:\Tamagotchi\Tamagotchi.X\LCD.asm
           LCD_delay_x4us   0x00056a    program     static H:\Tamagotchi\Tamagotchi.X\LCD.asm
                LCD_shift   0x000596    program     extern H:\Tamagotchi\Tamagotchi.X\LCD.asm
                    LEARN   0x000044    program     extern H:\Tamagotchi\Tamagotchi.X\learn.asm
                     LIFE   0x00037a    program     static H:\Tamagotchi\Tamagotchi.X\Tamagotchi.asm
                   Line_0   0x000030    program     static H:\Tamagotchi\Tamagotchi.X\hatch.asm
                     MAIN   0x000114    program     static H:\Tamagotchi\Tamagotchi.X\Tamagotchi.asm
                   MEDIUM   0x0016e8    program     static H:\Tamagotchi\Tamagotchi.X\dance.asm
            MEDIUM_RABBIT   0x000d28    program     extern H:\Tamagotchi\Tamagotchi.X\LCD.asm
                     MOON   0x0008a2    program     extern H:\Tamagotchi\Tamagotchi.X\LCD.asm
                  NEUTRAL   0x000a22    program     static H:\Tamagotchi\Tamagotchi.X\LCD.asm
                  NEUTRAL   0x00035e    program     static H:\Tamagotchi\Tamagotchi.X\Tamagotchi.asm
                 NEW_FORM   0x001396    program     static H:\Tamagotchi\Tamagotchi.X\food.asm
            ONE_LIFE_LEFT   0x0003ac    program     static H:\Tamagotchi\Tamagotchi.X\Tamagotchi.asm
         PRESS_A_TO_HATCH   0x00011e    program     static H:\Tamagotchi\Tamagotchi.X\Tamagotchi.asm
                      SAD   0x00036c    program     static H:\Tamagotchi\Tamagotchi.X\Tamagotchi.asm
                      SAD   0x000ae2    program     static H:\Tamagotchi\Tamagotchi.X\LCD.asm
                   SLEEPY   0x000040    program     extern H:\Tamagotchi\Tamagotchi.X\sleepy.asm
                    SMALL   0x0016ba    program     static H:\Tamagotchi\Tamagotchi.X\dance.asm
             SMALL_RABBIT   0x000c66    program     extern H:\Tamagotchi\Tamagotchi.X\LCD.asm
                   SMILEY   0x000962    program     static H:\Tamagotchi\Tamagotchi.X\LCD.asm
                      SUN   0x0007e2    program     static H:\Tamagotchi\Tamagotchi.X\LCD.asm
           TWO_LIVES_LEFT   0x00038e    program     static H:\Tamagotchi\Tamagotchi.X\Tamagotchi.asm
                     back   0x0011be    program     static H:\Tamagotchi\Tamagotchi.X\food.asm
               blank_line   0x000022    program     static H:\Tamagotchi\Tamagotchi.X\food.asm
                  check_1   0x0001f6    program     static H:\Tamagotchi\Tamagotchi.X\Tamagotchi.asm
                  check_1   0x001436    program     static H:\Tamagotchi\Tamagotchi.X\Keyboard.asm
                  check_1   0x00167c    program     static H:\Tamagotchi\Tamagotchi.X\dance.asm
                  check_2   0x001440    program     static H:\Tamagotchi\Tamagotchi.X\Keyboard.asm
                  check_2   0x001684    program     static H:\Tamagotchi\Tamagotchi.X\dance.asm
                  check_2   0x000200    program     static H:\Tamagotchi\Tamagotchi.X\Tamagotchi.asm
                  check_2   0x0011a6    program     static H:\Tamagotchi\Tamagotchi.X\food.asm
                  check_3   0x00020a    program     static H:\Tamagotchi\Tamagotchi.X\Tamagotchi.asm
                  check_3   0x00144a    program     static H:\Tamagotchi\Tamagotchi.X\Keyboard.asm
                  check_4   0x0011ae    program     static H:\Tamagotchi\Tamagotchi.X\food.asm
                  check_5   0x000232    program     static H:\Tamagotchi\Tamagotchi.X\Tamagotchi.asm
                  check_5   0x001472    program     static H:\Tamagotchi\Tamagotchi.X\Keyboard.asm
                  check_6   0x00147c    program     static H:\Tamagotchi\Tamagotchi.X\Keyboard.asm
                  check_6   0x00023c    program     static H:\Tamagotchi\Tamagotchi.X\Tamagotchi.asm
                  check_6   0x0011b6    program     static H:\Tamagotchi\Tamagotchi.X\food.asm
                  check_7   0x000246    program     static H:\Tamagotchi\Tamagotchi.X\Tamagotchi.asm
                  check_7   0x001486    program     static H:\Tamagotchi\Tamagotchi.X\Keyboard.asm
             check_medium   0x00139e    program     static H:\Tamagotchi\Tamagotchi.X\food.asm
                   column   0x001412    program     static H:\Tamagotchi\Tamagotchi.X\Keyboard.asm
                   column   0x0001d2    program     static H:\Tamagotchi\Tamagotchi.X\Tamagotchi.asm
                column_11   0x000260    program     static H:\Tamagotchi\Tamagotchi.X\Tamagotchi.asm
                column_11   0x0014a0    program     static H:\Tamagotchi\Tamagotchi.X\Keyboard.asm
                column_12   0x00026a    program     static H:\Tamagotchi\Tamagotchi.X\Tamagotchi.asm
                column_12   0x0014aa    program     static H:\Tamagotchi\Tamagotchi.X\Keyboard.asm
                column_13   0x0014b4    program     static H:\Tamagotchi\Tamagotchi.X\Keyboard.asm
                column_13   0x000274    program     static H:\Tamagotchi\Tamagotchi.X\Tamagotchi.asm
                column_14   0x0014be    program     static H:\Tamagotchi\Tamagotchi.X\Keyboard.asm
                column_14   0x00027e    program     static H:\Tamagotchi\Tamagotchi.X\Tamagotchi.asm
                column_21   0x0014ca    program     static H:\Tamagotchi\Tamagotchi.X\Keyboard.asm
                column_21   0x00028a    program     static H:\Tamagotchi\Tamagotchi.X\Tamagotchi.asm
                column_22   0x0014d4    program     static H:\Tamagotchi\Tamagotchi.X\Keyboard.asm
                column_22   0x000294    program     static H:\Tamagotchi\Tamagotchi.X\Tamagotchi.asm
                column_23   0x0014de    program     static H:\Tamagotchi\Tamagotchi.X\Keyboard.asm
                column_23   0x00029e    program     static H:\Tamagotchi\Tamagotchi.X\Tamagotchi.asm
                column_24   0x0014e8    program     static H:\Tamagotchi\Tamagotchi.X\Keyboard.asm
                column_24   0x0002a8    program     static H:\Tamagotchi\Tamagotchi.X\Tamagotchi.asm
                column_31   0x0014f4    program     static H:\Tamagotchi\Tamagotchi.X\Keyboard.asm
                column_31   0x0002b4    program     static H:\Tamagotchi\Tamagotchi.X\Tamagotchi.asm
                column_32   0x0002be    program     static H:\Tamagotchi\Tamagotchi.X\Tamagotchi.asm
                column_32   0x0014fe    program     static H:\Tamagotchi\Tamagotchi.X\Keyboard.asm
                column_33   0x0002c8    program     static H:\Tamagotchi\Tamagotchi.X\Tamagotchi.asm
                column_33   0x001508    program     static H:\Tamagotchi\Tamagotchi.X\Keyboard.asm
                column_34   0x001512    program     static H:\Tamagotchi\Tamagotchi.X\Keyboard.asm
                column_34   0x0002d2    program     static H:\Tamagotchi\Tamagotchi.X\Tamagotchi.asm
                column_41   0x001518    program     static H:\Tamagotchi\Tamagotchi.X\Keyboard.asm
                column_41   0x0002d8    program     static H:\Tamagotchi\Tamagotchi.X\Tamagotchi.asm
                column_42   0x001522    program     static H:\Tamagotchi\Tamagotchi.X\Keyboard.asm
                column_42   0x0002e2    program     static H:\Tamagotchi\Tamagotchi.X\Tamagotchi.asm
                column_43   0x00152c    program     static H:\Tamagotchi\Tamagotchi.X\Keyboard.asm
                column_43   0x0002ec    program     static H:\Tamagotchi\Tamagotchi.X\Tamagotchi.asm
                column_44   0x001536    program     static H:\Tamagotchi\Tamagotchi.X\Keyboard.asm
                column_44   0x0002f6    program     static H:\Tamagotchi\Tamagotchi.X\Tamagotchi.asm
                    crack   0x0015fe    program     static H:\Tamagotchi\Tamagotchi.X\hatch.asm
              dance_delay   0x001744    program     static H:\Tamagotchi\Tamagotchi.X\dance.asm
                      dch   0x0002fa    program     static H:\Tamagotchi\Tamagotchi.X\Tamagotchi.asm
                     dch1   0x000302    program     static H:\Tamagotchi\Tamagotchi.X\Tamagotchi.asm
                     dch2   0x00030c    program     static H:\Tamagotchi\Tamagotchi.X\Tamagotchi.asm
                     dch3   0x000312    program     static H:\Tamagotchi\Tamagotchi.X\Tamagotchi.asm
                     dch4   0x000318    program     static H:\Tamagotchi\Tamagotchi.X\Tamagotchi.asm
                     dch5   0x00031e    program     static H:\Tamagotchi\Tamagotchi.X\Tamagotchi.asm
                   decode   0x000256    program     static H:\Tamagotchi\Tamagotchi.X\Tamagotchi.asm
                   decode   0x001496    program     static H:\Tamagotchi\Tamagotchi.X\Keyboard.asm
                    delay   0x001490    program     static H:\Tamagotchi\Tamagotchi.X\Keyboard.asm
                    delay   0x00047c    program     static H:\Tamagotchi\Tamagotchi.X\Tamagotchi.asm
                  delay_1   0x000480    program     static H:\Tamagotchi\Tamagotchi.X\Tamagotchi.asm
                  delay_1   0x00164c    program     static H:\Tamagotchi\Tamagotchi.X\hatch.asm
                  delay_1   0x0013e6    program     static H:\Tamagotchi\Tamagotchi.X\food.asm
                  delay_1   0x001748    program     static H:\Tamagotchi\Tamagotchi.X\dance.asm
                  delay_2   0x001752    program     static H:\Tamagotchi\Tamagotchi.X\dance.asm
                  delay_2   0x0013f0    program     static H:\Tamagotchi\Tamagotchi.X\food.asm
                  delay_2   0x001656    program     static H:\Tamagotchi\Tamagotchi.X\hatch.asm
                  delay_2   0x00048a    program     static H:\Tamagotchi\Tamagotchi.X\Tamagotchi.asm
                  delay_3   0x001660    program     static H:\Tamagotchi\Tamagotchi.X\hatch.asm
                  delay_3   0x000494    program     static H:\Tamagotchi\Tamagotchi.X\Tamagotchi.asm
                  delay_3   0x00175c    program     static H:\Tamagotchi\Tamagotchi.X\dance.asm
                  delay_3   0x0013fa    program     static H:\Tamagotchi\Tamagotchi.X\food.asm
                  delay_k   0x000250    program     static H:\Tamagotchi\Tamagotchi.X\Tamagotchi.asm
                  dynamic   0x00159a    program     static H:\Tamagotchi\Tamagotchi.X\hatch.asm
                egg_blink   0x0015da    program     static H:\Tamagotchi\Tamagotchi.X\hatch.asm
                 finished   0x00049a    program     static H:\Tamagotchi\Tamagotchi.X\Tamagotchi.asm
             flash_line_1   0x000006    program     static H:\Tamagotchi\Tamagotchi.X\food.asm
             flash_line_2   0x000014    program     static H:\Tamagotchi\Tamagotchi.X\food.asm
                  flashes   0x001346    program     static H:\Tamagotchi\Tamagotchi.X\food.asm
               food_delay   0x0013e2    program     static H:\Tamagotchi\Tamagotchi.X\food.asm
              hatch_delay   0x001648    program     static H:\Tamagotchi\Tamagotchi.X\hatch.asm
                    large   0x0013ce    program     static H:\Tamagotchi\Tamagotchi.X\food.asm
                   lcdlp1   0x000580    program     static H:\Tamagotchi\Tamagotchi.X\LCD.asm
                   lcdlp2   0x00055e    program     static H:\Tamagotchi\Tamagotchi.X\LCD.asm
                     loop   0x00154e    program     static H:\Tamagotchi\Tamagotchi.X\hatch.asm
                    loopb   0x001082    program     static H:\Tamagotchi\Tamagotchi.X\food.asm
                   loopf1   0x001046    program     static H:\Tamagotchi\Tamagotchi.X\food.asm
                   loopf2   0x001064    program     static H:\Tamagotchi\Tamagotchi.X\food.asm
                   medium   0x0013ba    program     static H:\Tamagotchi\Tamagotchi.X\food.asm
                 nested_2   0x000486    program     static H:\Tamagotchi\Tamagotchi.X\Tamagotchi.asm
                 nested_2   0x0013ec    program     static H:\Tamagotchi\Tamagotchi.X\food.asm
                 nested_2   0x001652    program     static H:\Tamagotchi\Tamagotchi.X\hatch.asm
                 nested_2   0x00174e    program     static H:\Tamagotchi\Tamagotchi.X\dance.asm
                 nested_3   0x0013f6    program     static H:\Tamagotchi\Tamagotchi.X\food.asm
                 nested_3   0x00165c    program     static H:\Tamagotchi\Tamagotchi.X\hatch.asm
                 nested_3   0x000490    program     static H:\Tamagotchi\Tamagotchi.X\Tamagotchi.asm
                 nested_3   0x001758    program     static H:\Tamagotchi\Tamagotchi.X\dance.asm
  output_PRESS_A_TO_HATCH   0x00153a    program     extern H:\Tamagotchi\Tamagotchi.X\hatch.asm
             output_blank   0x001072    program     static H:\Tamagotchi\Tamagotchi.X\food.asm
           output_flash_1   0x001036    program     static H:\Tamagotchi\Tamagotchi.X\food.asm
           output_flash_2   0x001054    program     static H:\Tamagotchi\Tamagotchi.X\food.asm
 output_hatching_sequence   0x001592    program     extern H:\Tamagotchi\Tamagotchi.X\hatch.asm
   output_starting_screen   0x00155c    program     extern H:\Tamagotchi\Tamagotchi.X\hatch.asm
              read_column   0x000228    program     static H:\Tamagotchi\Tamagotchi.X\Tamagotchi.asm
              read_column   0x001468    program     static H:\Tamagotchi\Tamagotchi.X\Keyboard.asm
                 read_row   0x0001ec    program     static H:\Tamagotchi\Tamagotchi.X\Tamagotchi.asm
                 read_row   0x00142c    program     static H:\Tamagotchi\Tamagotchi.X\Keyboard.asm
                    row_1   0x0014c2    program     static H:\Tamagotchi\Tamagotchi.X\Keyboard.asm
                    row_1   0x000282    program     static H:\Tamagotchi\Tamagotchi.X\Tamagotchi.asm
                    row_2   0x0002ac    program     static H:\Tamagotchi\Tamagotchi.X\Tamagotchi.asm
                    row_2   0x0014ec    program     static H:\Tamagotchi\Tamagotchi.X\Keyboard.asm
                    row_3   0x001516    program     static H:\Tamagotchi\Tamagotchi.X\Keyboard.asm
                    row_3   0x0002d6    program     static H:\Tamagotchi\Tamagotchi.X\Tamagotchi.asm
                    setup   0x000100    program     static H:\Tamagotchi\Tamagotchi.X\Tamagotchi.asm
             setup_column   0x001454    program     static H:\Tamagotchi\Tamagotchi.X\Keyboard.asm
             setup_column   0x000214    program     static H:\Tamagotchi\Tamagotchi.X\Tamagotchi.asm
                setup_row   0x001418    program     static H:\Tamagotchi\Tamagotchi.X\Keyboard.asm
                setup_row   0x0001d8    program     static H:\Tamagotchi\Tamagotchi.X\Tamagotchi.asm
                    small   0x0013a6    program     static H:\Tamagotchi\Tamagotchi.X\food.asm
                    start   0x001400    program     static H:\Tamagotchi\Tamagotchi.X\Keyboard.asm
                   symbol   0x000042    program     static H:\Tamagotchi\Tamagotchi.X\Keyboard.asm
              Key_Pressed   0x000482       data     static H:\Tamagotchi\Tamagotchi.X\Tamagotchi.asm
                LCD_cnt_h   0x000001       data     static H:\Tamagotchi\Tamagotchi.X\LCD.asm
                LCD_cnt_l   0x000000       data     static H:\Tamagotchi\Tamagotchi.X\LCD.asm
               LCD_cnt_ms   0x000002       data     static H:\Tamagotchi\Tamagotchi.X\LCD.asm
              LCD_counter   0x000004       data     static H:\Tamagotchi\Tamagotchi.X\LCD.asm
                  LCD_tmp   0x000003       data     static H:\Tamagotchi\Tamagotchi.X\LCD.asm
            counter_blank   0x00001c       data     static H:\Tamagotchi\Tamagotchi.X\food.asm
           counter_column   0x00000f       data     static H:\Tamagotchi\Tamagotchi.X\Keyboard.asm
           counter_column   0x000481       data     static H:\Tamagotchi\Tamagotchi.X\Tamagotchi.asm
          counter_flash_1   0x00001a       data     static H:\Tamagotchi\Tamagotchi.X\food.asm
          counter_flash_2   0x00001b       data     static H:\Tamagotchi\Tamagotchi.X\food.asm
        counter_happiness   0x000005       data     static H:\Tamagotchi\Tamagotchi.X\Tamagotchi.asm
counter_happiness_decrement   0x000006       data     static H:\Tamagotchi\Tamagotchi.X\Tamagotchi.asm
counter_happiness_decrement_2   0x000007       data     static H:\Tamagotchi\Tamagotchi.X\Tamagotchi.asm
counter_happiness_decrement_3   0x000008       data     static H:\Tamagotchi\Tamagotchi.X\Tamagotchi.asm
             counter_life   0x00000a       data     static H:\Tamagotchi\Tamagotchi.X\Tamagotchi.asm
           counter_output   0x000021       data     static H:\Tamagotchi\Tamagotchi.X\hatch.asm
              counter_row   0x000480       data     static H:\Tamagotchi\Tamagotchi.X\Tamagotchi.asm
              counter_row   0x00000e       data     static H:\Tamagotchi\Tamagotchi.X\Keyboard.asm
            dance_counter   0x000014       data     static H:\Tamagotchi\Tamagotchi.X\dance.asm
            delay_count_1   0x00000b       data     static H:\Tamagotchi\Tamagotchi.X\Tamagotchi.asm
            delay_count_2   0x00000c       data     static H:\Tamagotchi\Tamagotchi.X\Tamagotchi.asm
            delay_count_3   0x00000d       data     static H:\Tamagotchi\Tamagotchi.X\Tamagotchi.asm
         delay_counter_d1   0x000011       data     static H:\Tamagotchi\Tamagotchi.X\dance.asm
         delay_counter_d2   0x000012       data     static H:\Tamagotchi\Tamagotchi.X\dance.asm
         delay_counter_d3   0x000013       data     static H:\Tamagotchi\Tamagotchi.X\dance.asm
         delay_counter_f1   0x000016       data     static H:\Tamagotchi\Tamagotchi.X\food.asm
         delay_counter_f2   0x000017       data     static H:\Tamagotchi\Tamagotchi.X\food.asm
         delay_counter_f3   0x000018       data     static H:\Tamagotchi\Tamagotchi.X\food.asm
         delay_counter_h1   0x00001e       data     static H:\Tamagotchi\Tamagotchi.X\hatch.asm
         delay_counter_h2   0x00001f       data     static H:\Tamagotchi\Tamagotchi.X\hatch.asm
         delay_counter_h3   0x000020       data     static H:\Tamagotchi\Tamagotchi.X\hatch.asm
            flash_counter   0x000019       data     static H:\Tamagotchi\Tamagotchi.X\food.asm
             food_counter   0x00001d       data     static H:\Tamagotchi\Tamagotchi.X\food.asm
                life_mode   0x000009       data     static H:\Tamagotchi\Tamagotchi.X\Tamagotchi.asm
           lifemode_dance   0x000010       data     static H:\Tamagotchi\Tamagotchi.X\dance.asm
            lifemode_food   0x000015       data     static H:\Tamagotchi\Tamagotchi.X\food.asm
                  myArray   0x000400       data     static H:\Tamagotchi\Tamagotchi.X\Tamagotchi.asm



                              Symbols - Sorted by Address
                     Name    Address   Location    Storage File                     
                ---------  ---------  ---------  --------- ---------                
             flash_line_1   0x000006    program     static H:\Tamagotchi\Tamagotchi.X\food.asm
             flash_line_2   0x000014    program     static H:\Tamagotchi\Tamagotchi.X\food.asm
               blank_line   0x000022    program     static H:\Tamagotchi\Tamagotchi.X\food.asm
                   Line_0   0x000030    program     static H:\Tamagotchi\Tamagotchi.X\hatch.asm
                   SLEEPY   0x000040    program     extern H:\Tamagotchi\Tamagotchi.X\sleepy.asm
                   symbol   0x000042    program     static H:\Tamagotchi\Tamagotchi.X\Keyboard.asm
                    LEARN   0x000044    program     extern H:\Tamagotchi\Tamagotchi.X\learn.asm
                BALL_GAME   0x000046    program     extern H:\Tamagotchi\Tamagotchi.X\ballgame.asm
                    setup   0x000100    program     static H:\Tamagotchi\Tamagotchi.X\Tamagotchi.asm
                     MAIN   0x000114    program     static H:\Tamagotchi\Tamagotchi.X\Tamagotchi.asm
         PRESS_A_TO_HATCH   0x00011e    program     static H:\Tamagotchi\Tamagotchi.X\Tamagotchi.asm
                GAME_MODE   0x00015e    program     static H:\Tamagotchi\Tamagotchi.X\Tamagotchi.asm
          CHECK_A_PRESSED   0x000168    program     static H:\Tamagotchi\Tamagotchi.X\Tamagotchi.asm
          CHECK_B_PRESSED   0x000170    program     static H:\Tamagotchi\Tamagotchi.X\Tamagotchi.asm
          CHECK_C_PRESSED   0x00017e    program     static H:\Tamagotchi\Tamagotchi.X\Tamagotchi.asm
          CHECK_D_PRESSED   0x00018c    program     static H:\Tamagotchi\Tamagotchi.X\Tamagotchi.asm
          CHECK_E_PRESSED   0x00019a    program     static H:\Tamagotchi\Tamagotchi.X\Tamagotchi.asm
          CHECK_F_PRESSED   0x0001a8    program     static H:\Tamagotchi\Tamagotchi.X\Tamagotchi.asm
           Keyboard_Setup   0x0001c0    program     static H:\Tamagotchi\Tamagotchi.X\Tamagotchi.asm
                 Keyboard   0x0001cc    program     static H:\Tamagotchi\Tamagotchi.X\Tamagotchi.asm
                   column   0x0001d2    program     static H:\Tamagotchi\Tamagotchi.X\Tamagotchi.asm
                setup_row   0x0001d8    program     static H:\Tamagotchi\Tamagotchi.X\Tamagotchi.asm
                 read_row   0x0001ec    program     static H:\Tamagotchi\Tamagotchi.X\Tamagotchi.asm
                  check_1   0x0001f6    program     static H:\Tamagotchi\Tamagotchi.X\Tamagotchi.asm
                  check_2   0x000200    program     static H:\Tamagotchi\Tamagotchi.X\Tamagotchi.asm
                  check_3   0x00020a    program     static H:\Tamagotchi\Tamagotchi.X\Tamagotchi.asm
             setup_column   0x000214    program     static H:\Tamagotchi\Tamagotchi.X\Tamagotchi.asm
              read_column   0x000228    program     static H:\Tamagotchi\Tamagotchi.X\Tamagotchi.asm
                  check_5   0x000232    program     static H:\Tamagotchi\Tamagotchi.X\Tamagotchi.asm
                  check_6   0x00023c    program     static H:\Tamagotchi\Tamagotchi.X\Tamagotchi.asm
                  check_7   0x000246    program     static H:\Tamagotchi\Tamagotchi.X\Tamagotchi.asm
                  delay_k   0x000250    program     static H:\Tamagotchi\Tamagotchi.X\Tamagotchi.asm
                   decode   0x000256    program     static H:\Tamagotchi\Tamagotchi.X\Tamagotchi.asm
                column_11   0x000260    program     static H:\Tamagotchi\Tamagotchi.X\Tamagotchi.asm
                column_12   0x00026a    program     static H:\Tamagotchi\Tamagotchi.X\Tamagotchi.asm
                column_13   0x000274    program     static H:\Tamagotchi\Tamagotchi.X\Tamagotchi.asm
                column_14   0x00027e    program     static H:\Tamagotchi\Tamagotchi.X\Tamagotchi.asm
                    row_1   0x000282    program     static H:\Tamagotchi\Tamagotchi.X\Tamagotchi.asm
                column_21   0x00028a    program     static H:\Tamagotchi\Tamagotchi.X\Tamagotchi.asm
                column_22   0x000294    program     static H:\Tamagotchi\Tamagotchi.X\Tamagotchi.asm
                column_23   0x00029e    program     static H:\Tamagotchi\Tamagotchi.X\Tamagotchi.asm
                column_24   0x0002a8    program     static H:\Tamagotchi\Tamagotchi.X\Tamagotchi.asm
                    row_2   0x0002ac    program     static H:\Tamagotchi\Tamagotchi.X\Tamagotchi.asm
                column_31   0x0002b4    program     static H:\Tamagotchi\Tamagotchi.X\Tamagotchi.asm
                column_32   0x0002be    program     static H:\Tamagotchi\Tamagotchi.X\Tamagotchi.asm
                column_33   0x0002c8    program     static H:\Tamagotchi\Tamagotchi.X\Tamagotchi.asm
                column_34   0x0002d2    program     static H:\Tamagotchi\Tamagotchi.X\Tamagotchi.asm
                    row_3   0x0002d6    program     static H:\Tamagotchi\Tamagotchi.X\Tamagotchi.asm
                column_41   0x0002d8    program     static H:\Tamagotchi\Tamagotchi.X\Tamagotchi.asm
                column_42   0x0002e2    program     static H:\Tamagotchi\Tamagotchi.X\Tamagotchi.asm
                column_43   0x0002ec    program     static H:\Tamagotchi\Tamagotchi.X\Tamagotchi.asm
                column_44   0x0002f6    program     static H:\Tamagotchi\Tamagotchi.X\Tamagotchi.asm
                      dch   0x0002fa    program     static H:\Tamagotchi\Tamagotchi.X\Tamagotchi.asm
                     dch1   0x000302    program     static H:\Tamagotchi\Tamagotchi.X\Tamagotchi.asm
                     dch2   0x00030c    program     static H:\Tamagotchi\Tamagotchi.X\Tamagotchi.asm
                     dch3   0x000312    program     static H:\Tamagotchi\Tamagotchi.X\Tamagotchi.asm
                     dch4   0x000318    program     static H:\Tamagotchi\Tamagotchi.X\Tamagotchi.asm
                     dch5   0x00031e    program     static H:\Tamagotchi\Tamagotchi.X\Tamagotchi.asm
                HAPPINESS   0x00033c    program     static H:\Tamagotchi\Tamagotchi.X\Tamagotchi.asm
                    HAPPY   0x000350    program     static H:\Tamagotchi\Tamagotchi.X\Tamagotchi.asm
                  NEUTRAL   0x00035e    program     static H:\Tamagotchi\Tamagotchi.X\Tamagotchi.asm
                      SAD   0x00036c    program     static H:\Tamagotchi\Tamagotchi.X\Tamagotchi.asm
                     LIFE   0x00037a    program     static H:\Tamagotchi\Tamagotchi.X\Tamagotchi.asm
          CHECK_LAST_LIFE   0x000386    program     static H:\Tamagotchi\Tamagotchi.X\Tamagotchi.asm
           TWO_LIVES_LEFT   0x00038e    program     static H:\Tamagotchi\Tamagotchi.X\Tamagotchi.asm
            ONE_LIFE_LEFT   0x0003ac    program     static H:\Tamagotchi\Tamagotchi.X\Tamagotchi.asm
                    DEATH   0x0003ca    program     static H:\Tamagotchi\Tamagotchi.X\Tamagotchi.asm
                    delay   0x00047c    program     static H:\Tamagotchi\Tamagotchi.X\Tamagotchi.asm
                  delay_1   0x000480    program     static H:\Tamagotchi\Tamagotchi.X\Tamagotchi.asm
                 nested_2   0x000486    program     static H:\Tamagotchi\Tamagotchi.X\Tamagotchi.asm
                  delay_2   0x00048a    program     static H:\Tamagotchi\Tamagotchi.X\Tamagotchi.asm
                 nested_3   0x000490    program     static H:\Tamagotchi\Tamagotchi.X\Tamagotchi.asm
                  delay_3   0x000494    program     static H:\Tamagotchi\Tamagotchi.X\Tamagotchi.asm
                LCD_Setup   0x00049a    program     extern H:\Tamagotchi\Tamagotchi.X\LCD.asm
                 finished   0x00049a    program     static H:\Tamagotchi\Tamagotchi.X\Tamagotchi.asm
        LCD_Write_Message   0x0004ec    program     extern H:\Tamagotchi\Tamagotchi.X\LCD.asm
         LCD_Loop_message   0x0004ee    program     static H:\Tamagotchi\Tamagotchi.X\LCD.asm
          LCD_Send_Byte_I   0x0004fa    program     static H:\Tamagotchi\Tamagotchi.X\LCD.asm
          LCD_Send_Byte_D   0x000516    program     extern H:\Tamagotchi\Tamagotchi.X\LCD.asm
               LCD_Enable   0x000538    program     static H:\Tamagotchi\Tamagotchi.X\LCD.asm
             LCD_delay_ms   0x00055c    program     static H:\Tamagotchi\Tamagotchi.X\LCD.asm
                   lcdlp2   0x00055e    program     static H:\Tamagotchi\Tamagotchi.X\LCD.asm
           LCD_delay_x4us   0x00056a    program     static H:\Tamagotchi\Tamagotchi.X\LCD.asm
                LCD_delay   0x00057e    program     static H:\Tamagotchi\Tamagotchi.X\LCD.asm
                   lcdlp1   0x000580    program     static H:\Tamagotchi\Tamagotchi.X\LCD.asm
                LCD_clear   0x000588    program     extern H:\Tamagotchi\Tamagotchi.X\LCD.asm
                LCD_shift   0x000596    program     extern H:\Tamagotchi\Tamagotchi.X\LCD.asm
                      EGG   0x0005a2    program     static H:\Tamagotchi\Tamagotchi.X\LCD.asm
LCD_custom_character_set_EGG   0x0005a2    program     extern H:\Tamagotchi\Tamagotchi.X\LCD.asm
                    HEART   0x000662    program     static H:\Tamagotchi\Tamagotchi.X\LCD.asm
                     BABY   0x000722    program     extern H:\Tamagotchi\Tamagotchi.X\LCD.asm
                      SUN   0x0007e2    program     static H:\Tamagotchi\Tamagotchi.X\LCD.asm
                     MOON   0x0008a2    program     extern H:\Tamagotchi\Tamagotchi.X\LCD.asm
                   SMILEY   0x000962    program     static H:\Tamagotchi\Tamagotchi.X\LCD.asm
                  NEUTRAL   0x000a22    program     static H:\Tamagotchi\Tamagotchi.X\LCD.asm
                      SAD   0x000ae2    program     static H:\Tamagotchi\Tamagotchi.X\LCD.asm
                    GHOST   0x000ba4    program     extern H:\Tamagotchi\Tamagotchi.X\LCD.asm
             SMALL_RABBIT   0x000c66    program     extern H:\Tamagotchi\Tamagotchi.X\LCD.asm
            MEDIUM_RABBIT   0x000d28    program     extern H:\Tamagotchi\Tamagotchi.X\LCD.asm
             LARGE_RABBIT   0x000dea    program     extern H:\Tamagotchi\Tamagotchi.X\LCD.asm
                  DISCO_1   0x000eac    program     extern H:\Tamagotchi\Tamagotchi.X\LCD.asm
                  DISCO_2   0x000f6e    program     extern H:\Tamagotchi\Tamagotchi.X\LCD.asm
               FOOD_Setup   0x001030    program     extern H:\Tamagotchi\Tamagotchi.X\food.asm
           output_flash_1   0x001036    program     static H:\Tamagotchi\Tamagotchi.X\food.asm
                   loopf1   0x001046    program     static H:\Tamagotchi\Tamagotchi.X\food.asm
           output_flash_2   0x001054    program     static H:\Tamagotchi\Tamagotchi.X\food.asm
                   loopf2   0x001064    program     static H:\Tamagotchi\Tamagotchi.X\food.asm
             output_blank   0x001072    program     static H:\Tamagotchi\Tamagotchi.X\food.asm
                    loopb   0x001082    program     static H:\Tamagotchi\Tamagotchi.X\food.asm
                     FOOD   0x001090    program     extern H:\Tamagotchi\Tamagotchi.X\food.asm
             FOOD_ANIMATE   0x001096    program     static H:\Tamagotchi\Tamagotchi.X\food.asm
                  check_2   0x0011a6    program     static H:\Tamagotchi\Tamagotchi.X\food.asm
             CHECK_GROWTH   0x0011a6    program     static H:\Tamagotchi\Tamagotchi.X\food.asm
                  check_4   0x0011ae    program     static H:\Tamagotchi\Tamagotchi.X\food.asm
                  check_6   0x0011b6    program     static H:\Tamagotchi\Tamagotchi.X\food.asm
                     back   0x0011be    program     static H:\Tamagotchi\Tamagotchi.X\food.asm
                   GROWTH   0x0011c2    program     static H:\Tamagotchi\Tamagotchi.X\food.asm
           GROWTH_ANIMATE   0x0011c6    program     static H:\Tamagotchi\Tamagotchi.X\food.asm
                  flashes   0x001346    program     static H:\Tamagotchi\Tamagotchi.X\food.asm
                 NEW_FORM   0x001396    program     static H:\Tamagotchi\Tamagotchi.X\food.asm
             check_medium   0x00139e    program     static H:\Tamagotchi\Tamagotchi.X\food.asm
                    small   0x0013a6    program     static H:\Tamagotchi\Tamagotchi.X\food.asm
                   medium   0x0013ba    program     static H:\Tamagotchi\Tamagotchi.X\food.asm
                    large   0x0013ce    program     static H:\Tamagotchi\Tamagotchi.X\food.asm
               food_delay   0x0013e2    program     static H:\Tamagotchi\Tamagotchi.X\food.asm
                  delay_1   0x0013e6    program     static H:\Tamagotchi\Tamagotchi.X\food.asm
                 nested_2   0x0013ec    program     static H:\Tamagotchi\Tamagotchi.X\food.asm
                  delay_2   0x0013f0    program     static H:\Tamagotchi\Tamagotchi.X\food.asm
                 nested_3   0x0013f6    program     static H:\Tamagotchi\Tamagotchi.X\food.asm
                  delay_3   0x0013fa    program     static H:\Tamagotchi\Tamagotchi.X\food.asm
           Keyboard_Setup   0x001400    program     static H:\Tamagotchi\Tamagotchi.X\Keyboard.asm
                    start   0x001400    program     static H:\Tamagotchi\Tamagotchi.X\Keyboard.asm
                 Keyboard   0x00140c    program     static H:\Tamagotchi\Tamagotchi.X\Keyboard.asm
                   column   0x001412    program     static H:\Tamagotchi\Tamagotchi.X\Keyboard.asm
                setup_row   0x001418    program     static H:\Tamagotchi\Tamagotchi.X\Keyboard.asm
                 read_row   0x00142c    program     static H:\Tamagotchi\Tamagotchi.X\Keyboard.asm
                  check_1   0x001436    program     static H:\Tamagotchi\Tamagotchi.X\Keyboard.asm
                  check_2   0x001440    program     static H:\Tamagotchi\Tamagotchi.X\Keyboard.asm
                  check_3   0x00144a    program     static H:\Tamagotchi\Tamagotchi.X\Keyboard.asm
             setup_column   0x001454    program     static H:\Tamagotchi\Tamagotchi.X\Keyboard.asm
              read_column   0x001468    program     static H:\Tamagotchi\Tamagotchi.X\Keyboard.asm
                  check_5   0x001472    program     static H:\Tamagotchi\Tamagotchi.X\Keyboard.asm
                  check_6   0x00147c    program     static H:\Tamagotchi\Tamagotchi.X\Keyboard.asm
                  check_7   0x001486    program     static H:\Tamagotchi\Tamagotchi.X\Keyboard.asm
                    delay   0x001490    program     static H:\Tamagotchi\Tamagotchi.X\Keyboard.asm
                   decode   0x001496    program     static H:\Tamagotchi\Tamagotchi.X\Keyboard.asm
                column_11   0x0014a0    program     static H:\Tamagotchi\Tamagotchi.X\Keyboard.asm
                column_12   0x0014aa    program     static H:\Tamagotchi\Tamagotchi.X\Keyboard.asm
                column_13   0x0014b4    program     static H:\Tamagotchi\Tamagotchi.X\Keyboard.asm
                column_14   0x0014be    program     static H:\Tamagotchi\Tamagotchi.X\Keyboard.asm
                    row_1   0x0014c2    program     static H:\Tamagotchi\Tamagotchi.X\Keyboard.asm
                column_21   0x0014ca    program     static H:\Tamagotchi\Tamagotchi.X\Keyboard.asm
                column_22   0x0014d4    program     static H:\Tamagotchi\Tamagotchi.X\Keyboard.asm
                column_23   0x0014de    program     static H:\Tamagotchi\Tamagotchi.X\Keyboard.asm
                column_24   0x0014e8    program     static H:\Tamagotchi\Tamagotchi.X\Keyboard.asm
                    row_2   0x0014ec    program     static H:\Tamagotchi\Tamagotchi.X\Keyboard.asm
                column_31   0x0014f4    program     static H:\Tamagotchi\Tamagotchi.X\Keyboard.asm
                column_32   0x0014fe    program     static H:\Tamagotchi\Tamagotchi.X\Keyboard.asm
                column_33   0x001508    program     static H:\Tamagotchi\Tamagotchi.X\Keyboard.asm
                column_34   0x001512    program     static H:\Tamagotchi\Tamagotchi.X\Keyboard.asm
                    row_3   0x001516    program     static H:\Tamagotchi\Tamagotchi.X\Keyboard.asm
                column_41   0x001518    program     static H:\Tamagotchi\Tamagotchi.X\Keyboard.asm
                column_42   0x001522    program     static H:\Tamagotchi\Tamagotchi.X\Keyboard.asm
                column_43   0x00152c    program     static H:\Tamagotchi\Tamagotchi.X\Keyboard.asm
                column_44   0x001536    program     static H:\Tamagotchi\Tamagotchi.X\Keyboard.asm
  output_PRESS_A_TO_HATCH   0x00153a    program     extern H:\Tamagotchi\Tamagotchi.X\hatch.asm
                     loop   0x00154e    program     static H:\Tamagotchi\Tamagotchi.X\hatch.asm
   output_starting_screen   0x00155c    program     extern H:\Tamagotchi\Tamagotchi.X\hatch.asm
 output_hatching_sequence   0x001592    program     extern H:\Tamagotchi\Tamagotchi.X\hatch.asm
                  dynamic   0x00159a    program     static H:\Tamagotchi\Tamagotchi.X\hatch.asm
                egg_blink   0x0015da    program     static H:\Tamagotchi\Tamagotchi.X\hatch.asm
                    crack   0x0015fe    program     static H:\Tamagotchi\Tamagotchi.X\hatch.asm
              hatch_delay   0x001648    program     static H:\Tamagotchi\Tamagotchi.X\hatch.asm
                  delay_1   0x00164c    program     static H:\Tamagotchi\Tamagotchi.X\hatch.asm
                 nested_2   0x001652    program     static H:\Tamagotchi\Tamagotchi.X\hatch.asm
                  delay_2   0x001656    program     static H:\Tamagotchi\Tamagotchi.X\hatch.asm
                 nested_3   0x00165c    program     static H:\Tamagotchi\Tamagotchi.X\hatch.asm
                  delay_3   0x001660    program     static H:\Tamagotchi\Tamagotchi.X\hatch.asm
                    DANCE   0x001666    program     extern H:\Tamagotchi\Tamagotchi.X\dance.asm
                  check_1   0x00167c    program     static H:\Tamagotchi\Tamagotchi.X\dance.asm
                  check_2   0x001684    program     static H:\Tamagotchi\Tamagotchi.X\dance.asm
                     BABY   0x00168c    program     static H:\Tamagotchi\Tamagotchi.X\dance.asm
                    SMALL   0x0016ba    program     static H:\Tamagotchi\Tamagotchi.X\dance.asm
                   MEDIUM   0x0016e8    program     static H:\Tamagotchi\Tamagotchi.X\dance.asm
                    LARGE   0x001716    program     static H:\Tamagotchi\Tamagotchi.X\dance.asm
              dance_delay   0x001744    program     static H:\Tamagotchi\Tamagotchi.X\dance.asm
                  delay_1   0x001748    program     static H:\Tamagotchi\Tamagotchi.X\dance.asm
                 nested_2   0x00174e    program     static H:\Tamagotchi\Tamagotchi.X\dance.asm
                  delay_2   0x001752    program     static H:\Tamagotchi\Tamagotchi.X\dance.asm
                 nested_3   0x001758    program     static H:\Tamagotchi\Tamagotchi.X\dance.asm
                  delay_3   0x00175c    program     static H:\Tamagotchi\Tamagotchi.X\dance.asm
                LCD_cnt_l   0x000000       data     static H:\Tamagotchi\Tamagotchi.X\LCD.asm
                LCD_cnt_h   0x000001       data     static H:\Tamagotchi\Tamagotchi.X\LCD.asm
               LCD_cnt_ms   0x000002       data     static H:\Tamagotchi\Tamagotchi.X\LCD.asm
                  LCD_tmp   0x000003       data     static H:\Tamagotchi\Tamagotchi.X\LCD.asm
              LCD_counter   0x000004       data     static H:\Tamagotchi\Tamagotchi.X\LCD.asm
        counter_happiness   0x000005       data     static H:\Tamagotchi\Tamagotchi.X\Tamagotchi.asm
counter_happiness_decrement   0x000006       data     static H:\Tamagotchi\Tamagotchi.X\Tamagotchi.asm
counter_happiness_decrement_2   0x000007       data     static H:\Tamagotchi\Tamagotchi.X\Tamagotchi.asm
counter_happiness_decrement_3   0x000008       data     static H:\Tamagotchi\Tamagotchi.X\Tamagotchi.asm
                life_mode   0x000009       data     static H:\Tamagotchi\Tamagotchi.X\Tamagotchi.asm
             counter_life   0x00000a       data     static H:\Tamagotchi\Tamagotchi.X\Tamagotchi.asm
            delay_count_1   0x00000b       data     static H:\Tamagotchi\Tamagotchi.X\Tamagotchi.asm
            delay_count_2   0x00000c       data     static H:\Tamagotchi\Tamagotchi.X\Tamagotchi.asm
            delay_count_3   0x00000d       data     static H:\Tamagotchi\Tamagotchi.X\Tamagotchi.asm
              counter_row   0x00000e       data     static H:\Tamagotchi\Tamagotchi.X\Keyboard.asm
           counter_column   0x00000f       data     static H:\Tamagotchi\Tamagotchi.X\Keyboard.asm
           lifemode_dance   0x000010       data     static H:\Tamagotchi\Tamagotchi.X\dance.asm
         delay_counter_d1   0x000011       data     static H:\Tamagotchi\Tamagotchi.X\dance.asm
         delay_counter_d2   0x000012       data     static H:\Tamagotchi\Tamagotchi.X\dance.asm
         delay_counter_d3   0x000013       data     static H:\Tamagotchi\Tamagotchi.X\dance.asm
            dance_counter   0x000014       data     static H:\Tamagotchi\Tamagotchi.X\dance.asm
            lifemode_food   0x000015       data     static H:\Tamagotchi\Tamagotchi.X\food.asm
         delay_counter_f1   0x000016       data     static H:\Tamagotchi\Tamagotchi.X\food.asm
         delay_counter_f2   0x000017       data     static H:\Tamagotchi\Tamagotchi.X\food.asm
         delay_counter_f3   0x000018       data     static H:\Tamagotchi\Tamagotchi.X\food.asm
            flash_counter   0x000019       data     static H:\Tamagotchi\Tamagotchi.X\food.asm
          counter_flash_1   0x00001a       data     static H:\Tamagotchi\Tamagotchi.X\food.asm
          counter_flash_2   0x00001b       data     static H:\Tamagotchi\Tamagotchi.X\food.asm
            counter_blank   0x00001c       data     static H:\Tamagotchi\Tamagotchi.X\food.asm
             food_counter   0x00001d       data     static H:\Tamagotchi\Tamagotchi.X\food.asm
         delay_counter_h1   0x00001e       data     static H:\Tamagotchi\Tamagotchi.X\hatch.asm
         delay_counter_h2   0x00001f       data     static H:\Tamagotchi\Tamagotchi.X\hatch.asm
         delay_counter_h3   0x000020       data     static H:\Tamagotchi\Tamagotchi.X\hatch.asm
           counter_output   0x000021       data     static H:\Tamagotchi\Tamagotchi.X\hatch.asm
                  myArray   0x000400       data     static H:\Tamagotchi\Tamagotchi.X\Tamagotchi.asm
              counter_row   0x000480       data     static H:\Tamagotchi\Tamagotchi.X\Tamagotchi.asm
           counter_column   0x000481       data     static H:\Tamagotchi\Tamagotchi.X\Tamagotchi.asm
              Key_Pressed   0x000482       data     static H:\Tamagotchi\Tamagotchi.X\Tamagotchi.asm


