MPLINK 5.09, LINKER
Linker Map File - Created Mon Feb 10 14:54:16 2020

                                 Section Info
                  Section       Type    Address   Location Size(Bytes)
                ---------  ---------  ---------  ---------  ---------
                   .cinit    romdata   0x000000    program   0x000002
                      LCD       code   0x000002    program   0x000100
               tamagotchi       code   0x000102    program   0x000004
.config_300000_BUILD/DEFAULT/PRODUCTION/CONFIG.    romdata   0x300000    program   0x000001
.config_300001_BUILD/DEFAULT/PRODUCTION/CONFIG.    romdata   0x300001    program   0x000001
.config_300002_BUILD/DEFAULT/PRODUCTION/CONFIG.    romdata   0x300002    program   0x000001
.config_300003_BUILD/DEFAULT/PRODUCTION/CONFIG.    romdata   0x300003    program   0x000001
.config_300004_BUILD/DEFAULT/PRODUCTION/CONFIG.    romdata   0x300004    program   0x000001
.config_300005_BUILD/DEFAULT/PRODUCTION/CONFIG.    romdata   0x300005    program   0x000001
.config_300006_BUILD/DEFAULT/PRODUCTION/CONFIG.    romdata   0x300006    program   0x000001
.config_300008_BUILD/DEFAULT/PRODUCTION/CONFIG.    romdata   0x300008    program   0x000001
.config_300009_BUILD/DEFAULT/PRODUCTION/CONFIG.    romdata   0x300009    program   0x000001
.config_30000A_BUILD/DEFAULT/PRODUCTION/CONFIG.    romdata   0x30000a    program   0x000001
.config_30000B_BUILD/DEFAULT/PRODUCTION/CONFIG.    romdata   0x30000b    program   0x000001
.config_30000C_BUILD/DEFAULT/PRODUCTION/CONFIG.    romdata   0x30000c    program   0x000001
.config_30000D_BUILD/DEFAULT/PRODUCTION/CONFIG.    romdata   0x30000d    program   0x000001
                     acs0      udata   0x000000       data   0x00000b



                              Program Memory Usage 
                               Start         End      
                           ---------   ---------      
                            0x000000    0x000105      
                            0x300000    0x300006      
                            0x300008    0x30000d      
            275 out of 132120 program addresses used, program memory utilization is 0%



                              Symbols - Sorted by Name
                     Name    Address   Location    Storage File                     
                ---------  ---------  ---------  --------- ---------                
               LCD_Enable   0x0000a2    program     static H:\Tamagotchi\Tamagotchi.X\LCD.asm
         LCD_Loop_message   0x000058    program     static H:\Tamagotchi\Tamagotchi.X\LCD.asm
          LCD_Send_Byte_D   0x000080    program     extern H:\Tamagotchi\Tamagotchi.X\LCD.asm
          LCD_Send_Byte_I   0x000064    program     extern H:\Tamagotchi\Tamagotchi.X\LCD.asm
                LCD_Setup   0x000002    program     extern H:\Tamagotchi\Tamagotchi.X\LCD.asm
        LCD_Write_Message   0x000056    program     extern H:\Tamagotchi\Tamagotchi.X\LCD.asm
                LCD_clear   0x0000f2    program     static H:\Tamagotchi\Tamagotchi.X\LCD.asm
                LCD_delay   0x0000e8    program     static H:\Tamagotchi\Tamagotchi.X\LCD.asm
             LCD_delay_ms   0x0000c6    program     static H:\Tamagotchi\Tamagotchi.X\LCD.asm
           LCD_delay_x4us   0x0000d4    program     extern H:\Tamagotchi\Tamagotchi.X\LCD.asm
                LCD_shift   0x0000fa    program     static H:\Tamagotchi\Tamagotchi.X\LCD.asm
                   lcdlp1   0x0000ea    program     static H:\Tamagotchi\Tamagotchi.X\LCD.asm
                   lcdlp2   0x0000c8    program     static H:\Tamagotchi\Tamagotchi.X\LCD.asm
                     main   0x000102    program     static H:\Tamagotchi\Tamagotchi.X\Tamagotchi.asm
                LCD_cnt_h   0x000001       data     static H:\Tamagotchi\Tamagotchi.X\LCD.asm
                LCD_cnt_l   0x000000       data     static H:\Tamagotchi\Tamagotchi.X\LCD.asm
               LCD_cnt_ms   0x000002       data     static H:\Tamagotchi\Tamagotchi.X\LCD.asm
              LCD_counter   0x000004       data     static H:\Tamagotchi\Tamagotchi.X\LCD.asm
                  LCD_tmp   0x000003       data     static H:\Tamagotchi\Tamagotchi.X\LCD.asm
           counter_column   0x000006       data     static H:\Tamagotchi\Tamagotchi.X\Tamagotchi.asm
             counter_food   0x000009       data     static H:\Tamagotchi\Tamagotchi.X\Tamagotchi.asm
        counter_happiness   0x000007       data     static H:\Tamagotchi\Tamagotchi.X\Tamagotchi.asm
counter_happiness_decrement   0x000008       data     static H:\Tamagotchi\Tamagotchi.X\Tamagotchi.asm
             counter_life   0x00000a       data     static H:\Tamagotchi\Tamagotchi.X\Tamagotchi.asm
              counter_row   0x000005       data     static H:\Tamagotchi\Tamagotchi.X\Tamagotchi.asm



                              Symbols - Sorted by Address
                     Name    Address   Location    Storage File                     
                ---------  ---------  ---------  --------- ---------                
                LCD_Setup   0x000002    program     extern H:\Tamagotchi\Tamagotchi.X\LCD.asm
        LCD_Write_Message   0x000056    program     extern H:\Tamagotchi\Tamagotchi.X\LCD.asm
         LCD_Loop_message   0x000058    program     static H:\Tamagotchi\Tamagotchi.X\LCD.asm
          LCD_Send_Byte_I   0x000064    program     extern H:\Tamagotchi\Tamagotchi.X\LCD.asm
          LCD_Send_Byte_D   0x000080    program     extern H:\Tamagotchi\Tamagotchi.X\LCD.asm
               LCD_Enable   0x0000a2    program     static H:\Tamagotchi\Tamagotchi.X\LCD.asm
             LCD_delay_ms   0x0000c6    program     static H:\Tamagotchi\Tamagotchi.X\LCD.asm
                   lcdlp2   0x0000c8    program     static H:\Tamagotchi\Tamagotchi.X\LCD.asm
           LCD_delay_x4us   0x0000d4    program     extern H:\Tamagotchi\Tamagotchi.X\LCD.asm
                LCD_delay   0x0000e8    program     static H:\Tamagotchi\Tamagotchi.X\LCD.asm
                   lcdlp1   0x0000ea    program     static H:\Tamagotchi\Tamagotchi.X\LCD.asm
                LCD_clear   0x0000f2    program     static H:\Tamagotchi\Tamagotchi.X\LCD.asm
                LCD_shift   0x0000fa    program     static H:\Tamagotchi\Tamagotchi.X\LCD.asm
                     main   0x000102    program     static H:\Tamagotchi\Tamagotchi.X\Tamagotchi.asm
                LCD_cnt_l   0x000000       data     static H:\Tamagotchi\Tamagotchi.X\LCD.asm
                LCD_cnt_h   0x000001       data     static H:\Tamagotchi\Tamagotchi.X\LCD.asm
               LCD_cnt_ms   0x000002       data     static H:\Tamagotchi\Tamagotchi.X\LCD.asm
                  LCD_tmp   0x000003       data     static H:\Tamagotchi\Tamagotchi.X\LCD.asm
              LCD_counter   0x000004       data     static H:\Tamagotchi\Tamagotchi.X\LCD.asm
              counter_row   0x000005       data     static H:\Tamagotchi\Tamagotchi.X\Tamagotchi.asm
           counter_column   0x000006       data     static H:\Tamagotchi\Tamagotchi.X\Tamagotchi.asm
        counter_happiness   0x000007       data     static H:\Tamagotchi\Tamagotchi.X\Tamagotchi.asm
counter_happiness_decrement   0x000008       data     static H:\Tamagotchi\Tamagotchi.X\Tamagotchi.asm
             counter_food   0x000009       data     static H:\Tamagotchi\Tamagotchi.X\Tamagotchi.asm
             counter_life   0x00000a       data     static H:\Tamagotchi\Tamagotchi.X\Tamagotchi.asm


